Archive member included to satisfy reference by file (symbol)

C:/Users/Miller/.pico-sdk/toolchain/14_2_Rel1/bin/../lib/gcc/arm-none-eabi/14.2.1/thumb/v6-m/nofp\libgcc.a(_dvmd_tls.o)
                              CMakeFiles/Usar_SSD.dir/C_/Users/Miller/.pico-sdk/sdk/2.1.1/src/rp2_common/pico_divider/divider_hardware.S.obj (__aeabi_idiv0)
C:/Users/Miller/.pico-sdk/toolchain/14_2_Rel1/bin/../lib/gcc/arm-none-eabi/14.2.1/thumb/v6-m/nofp\libg.a(libc_a-atoi.o)
                              CMakeFiles/Usar_SSD.dir/Cartao_FatFS_SPI.c.obj (atoi)
C:/Users/Miller/.pico-sdk/toolchain/14_2_Rel1/bin/../lib/gcc/arm-none-eabi/14.2.1/thumb/v6-m/nofp\libg.a(libc_a-calloc.o)
                              CMakeFiles/Usar_SSD.dir/C_/Users/Miller/.pico-sdk/sdk/2.1.1/src/rp2_common/pico_malloc/malloc.c.obj (calloc)
C:/Users/Miller/.pico-sdk/toolchain/14_2_Rel1/bin/../lib/gcc/arm-none-eabi/14.2.1/thumb/v6-m/nofp\libg.a(libc_a-callocr.o)
                              C:/Users/Miller/.pico-sdk/toolchain/14_2_Rel1/bin/../lib/gcc/arm-none-eabi/14.2.1/thumb/v6-m/nofp\libg.a(libc_a-calloc.o) (_calloc_r)
C:/Users/Miller/.pico-sdk/toolchain/14_2_Rel1/bin/../lib/gcc/arm-none-eabi/14.2.1/thumb/v6-m/nofp\libg.a(libc_a-malloc.o)
                              CMakeFiles/Usar_SSD.dir/C_/Users/Miller/.pico-sdk/sdk/2.1.1/src/rp2_common/pico_malloc/malloc.c.obj (malloc)
C:/Users/Miller/.pico-sdk/toolchain/14_2_Rel1/bin/../lib/gcc/arm-none-eabi/14.2.1/thumb/v6-m/nofp\libg.a(libc_a-mallocr.o)
                              C:/Users/Miller/.pico-sdk/toolchain/14_2_Rel1/bin/../lib/gcc/arm-none-eabi/14.2.1/thumb/v6-m/nofp\libg.a(libc_a-callocr.o) (_malloc_r)
C:/Users/Miller/.pico-sdk/toolchain/14_2_Rel1/bin/../lib/gcc/arm-none-eabi/14.2.1/thumb/v6-m/nofp\libg.a(libc_a-mlock.o)
                              C:/Users/Miller/.pico-sdk/toolchain/14_2_Rel1/bin/../lib/gcc/arm-none-eabi/14.2.1/thumb/v6-m/nofp\libg.a(libc_a-mallocr.o) (__malloc_lock)
C:/Users/Miller/.pico-sdk/toolchain/14_2_Rel1/bin/../lib/gcc/arm-none-eabi/14.2.1/thumb/v6-m/nofp\libg.a(libc_a-realloc.o)
                              CMakeFiles/Usar_SSD.dir/C_/Users/Miller/.pico-sdk/sdk/2.1.1/src/rp2_common/pico_malloc/malloc.c.obj (realloc)
C:/Users/Miller/.pico-sdk/toolchain/14_2_Rel1/bin/../lib/gcc/arm-none-eabi/14.2.1/thumb/v6-m/nofp\libg.a(libc_a-reallocr.o)
                              C:/Users/Miller/.pico-sdk/toolchain/14_2_Rel1/bin/../lib/gcc/arm-none-eabi/14.2.1/thumb/v6-m/nofp\libg.a(libc_a-realloc.o) (_realloc_r)
C:/Users/Miller/.pico-sdk/toolchain/14_2_Rel1/bin/../lib/gcc/arm-none-eabi/14.2.1/thumb/v6-m/nofp\libg.a(libc_a-strtol.o)
                              C:/Users/Miller/.pico-sdk/toolchain/14_2_Rel1/bin/../lib/gcc/arm-none-eabi/14.2.1/thumb/v6-m/nofp\libg.a(libc_a-atoi.o) (_strtol_r)
C:/Users/Miller/.pico-sdk/toolchain/14_2_Rel1/bin/../lib/gcc/arm-none-eabi/14.2.1/thumb/v6-m/nofp\libg.a(libc_a-ctype_.o)
                              CMakeFiles/Usar_SSD.dir/Cartao_FatFS_SPI.c.obj (_ctype_)
C:/Users/Miller/.pico-sdk/toolchain/14_2_Rel1/bin/../lib/gcc/arm-none-eabi/14.2.1/thumb/v6-m/nofp\libg.a(libc_a-fflush.o)
                              CMakeFiles/Usar_SSD.dir/lib/FatFs_SPI/sd_driver/demo_logging.c.obj (fflush)
C:/Users/Miller/.pico-sdk/toolchain/14_2_Rel1/bin/../lib/gcc/arm-none-eabi/14.2.1/thumb/v6-m/nofp\libg.a(libc_a-findfp.o)
                              C:/Users/Miller/.pico-sdk/toolchain/14_2_Rel1/bin/../lib/gcc/arm-none-eabi/14.2.1/thumb/v6-m/nofp\libg.a(libc_a-fflush.o) (__sglue)
C:/Users/Miller/.pico-sdk/toolchain/14_2_Rel1/bin/../lib/gcc/arm-none-eabi/14.2.1/thumb/v6-m/nofp\libg.a(libc_a-fwalk.o)
                              C:/Users/Miller/.pico-sdk/toolchain/14_2_Rel1/bin/../lib/gcc/arm-none-eabi/14.2.1/thumb/v6-m/nofp\libg.a(libc_a-fflush.o) (_fwalk_sglue)
C:/Users/Miller/.pico-sdk/toolchain/14_2_Rel1/bin/../lib/gcc/arm-none-eabi/14.2.1/thumb/v6-m/nofp\libg.a(libc_a-stdio.o)
                              C:/Users/Miller/.pico-sdk/toolchain/14_2_Rel1/bin/../lib/gcc/arm-none-eabi/14.2.1/thumb/v6-m/nofp\libg.a(libc_a-findfp.o) (__sread)
C:/Users/Miller/.pico-sdk/toolchain/14_2_Rel1/bin/../lib/gcc/arm-none-eabi/14.2.1/thumb/v6-m/nofp\libg.a(libc_a-memcmp.o)
                              CMakeFiles/Usar_SSD.dir/C_/Users/Miller/.pico-sdk/sdk/2.1.1/src/rp2_common/pico_atomic/atomic.c.obj (memcmp)
C:/Users/Miller/.pico-sdk/toolchain/14_2_Rel1/bin/../lib/gcc/arm-none-eabi/14.2.1/thumb/v6-m/nofp\libg.a(libc_a-memmove.o)
                              C:/Users/Miller/.pico-sdk/toolchain/14_2_Rel1/bin/../lib/gcc/arm-none-eabi/14.2.1/thumb/v6-m/nofp\libg.a(libc_a-reallocr.o) (memmove)
C:/Users/Miller/.pico-sdk/toolchain/14_2_Rel1/bin/../lib/gcc/arm-none-eabi/14.2.1/thumb/v6-m/nofp\libg.a(libc_a-strchr.o)
                              CMakeFiles/Usar_SSD.dir/lib/FatFs_SPI/ff15/source/ff.c.obj (strchr)
C:/Users/Miller/.pico-sdk/toolchain/14_2_Rel1/bin/../lib/gcc/arm-none-eabi/14.2.1/thumb/v6-m/nofp\libg.a(libc_a-strncpy.o)
[...]
Memory Configuration

Name             Origin             Length             Attributes
FLASH            0x10000000         0x00200000         xr
RAM              0x20000000         0x00040000         xrw
SCRATCH_X        0x20040000         0x00001000         xrw
SCRATCH_Y        0x20041000         0x00001000         xrw
*default*        0x00000000         0xffffffff

Linker script and memory map

LOAD C:/Users/Miller/.pico-sdk/toolchain/14_2_Rel1/bin/../lib/gcc/arm-none-eabi/14.2.1/thumb/v6-m/nofp/crti.o
LOAD C:/Users/Miller/.pico-sdk/toolchain/14_2_Rel1/bin/../lib/gcc/arm-none-eabi/14.2.1/thumb/v6-m/nofp/crtbegin.o
LOAD C:/Users/Miller/.pico-sdk/toolchain/14_2_Rel1/bin/../lib/gcc/arm-none-eabi/14.2.1/thumb/v6-m/nofp/crt0.o

.flash_begin    0x10000000        0x0
                0x10000000                        __flash_binary_start = .

.boot2          0x10000000      0x100
                0x10000000                        __boot2_start__ = .
 *(.boot2)
 .boot2         0x10000000      0x100 pico-sdk/src/rp2040/boot_stage2/CMakeFiles/bs2_default_library.dir/./bs2_default_padded_checksummed.S.obj
                0x10000100                        __boot2_end__ = .
                0x00000001                        ASSERT (((__boot2_end__ - __boot2_start__) == 0x100), ERROR: Pico second stage bootloader must be 256 bytes in size)

.text           0x10000100    0x13994
                0x10000100                        __logical_binary_start = .
 *(.vectors)
 .vectors       0x10000100       0xd4 CMakeFiles/Usar_SSD.dir/C_/Users/Miller/.pico-sdk/sdk/2.1.1/src/rp2_common/pico_crt0/crt0.S.obj
                0x10000100                __VECTOR_TABLE
                0x10000100                __vectors
                0x100001c0                isr_invalid
                0x100001c0                __default_isrs_start
                0x100001c2                isr_nmi
                0x100001c4                isr_hardfault
                0x100001c6                isr_svcall
                0x100001c8                isr_pendsv
                0x100001ca                isr_systick
                0x100001cc                isr_irq23
                0x100001cc                isr_irq18
                0x100001cc                isr_irq11
                0x100001cc                isr_irq28
                0x100001cc                isr_irq19
                0x100001cc                isr_irq0
                0x100001cc                isr_irq6
                0x100001cc                isr_irq5
                0x100001cc                isr_irq12
                0x100001cc                isr_irq22
                0x100001cc                isr_irq31
                0x100001cc                isr_irq17
                0x100001cc                isr_irq27
                0x100001cc                isr_irq30
                0x100001cc                isr_irq2
                0x100001cc                isr_irq10
                0x100001cc                isr_irq8
                0x100001cc                isr_irq24
                0x100001cc                isr_irq1
                0x100001cc                isr_irq7
                0x100001cc                isr_irq21
                0x100001cc                isr_irq20
                0x100001cc                isr_irq15
                0x100001cc                isr_irq25
                0x100001cc                isr_irq13
                0x100001cc                __unhandled_user_irq
                0x100001cc                isr_irq4
                0x100001cc                isr_irq16
                0x100001cc                isr_irq29
                0x100001cc                isr_irq26
                0x100001cc                __default_isrs_end
                0x100001cc                isr_irq3
                0x100001cc                isr_irq14
                0x100001cc                isr_irq9
                0x100001d2                unhandled_user_irq_num_in_r0
 *(.binary_info_header)
 .binary_info_header
                0x100001d4       0x14 CMakeFiles/Usar_SSD.dir/C_/Users/Miller/.pico-sdk/sdk/2.1.1/src/rp2_common/pico_crt0/crt0.S.obj
                0x100001e8                        __binary_info_header_end = .
 *(.embedded_block)
                0x100001e8                        __embedded_block_end = .
 *(.reset)
 .reset         0x100001e8       0x9c CMakeFiles/Usar_SSD.dir/C_/Users/Miller/.pico-sdk/sdk/2.1.1/src/rp2_common/pico_crt0/crt0.S.obj
                0x100001e8                _entry_point
 *(.init)
 .init          0x10000284        0x4 C:/Users/Miller/.pico-sdk/toolchain/14_2_Rel1/bin/../lib/gcc/arm-none-eabi/14.2.1/thumb/v6-m/nofp/crti.o
                0x10000284                _init
 *(EXCLUDE_FILE(*libm.a: *libc.a:*lib_a-mem*.o *libgcc.a:) .text*)
 .text.register_tm_clones
                0x10000288       0x28 C:/Users/Miller/.pico-sdk/toolchain/14_2_Rel1/bin/../lib/gcc/arm-none-eabi/14.2.1/thumb/v6-m/nofp/crtbegin.o
 .text.frame_dummy
                0x100002b0       0x24 C:/Users/Miller/.pico-sdk/toolchain/14_2_Rel1/bin/../lib/gcc/arm-none-eabi/14.2.1/thumb/v6-m/nofp/crtbegin.o
 .text.run_help
                0x100002d4       0x74 CMakeFiles/Usar_SSD.dir/Cartao_FatFS_SPI.c.obj
 .text.run_cat  0x10000348       0x7c CMakeFiles/Usar_SSD.dir/Cartao_FatFS_SPI.c.obj
 .text.run_setrtc
                0x100003c4       0xb4 CMakeFiles/Usar_SSD.dir/Cartao_FatFS_SPI.c.obj
 .text.run_unmount
                0x10000478       0xc0 CMakeFiles/Usar_SSD.dir/Cartao_FatFS_SPI.c.obj
 .text.run_ls   0x10000538      0x10c CMakeFiles/Usar_SSD.dir/Cartao_FatFS_SPI.c.obj
 .text.gpio_irq_handler
                0x10000644       0x8c CMakeFiles/Usar_SSD.dir/Cartao_FatFS_SPI.c.obj
                0x10000644                gpio_irq_handler
 .text.run_format
                0x100006d0       0x78 CMakeFiles/Usar_SSD.dir/Cartao_FatFS_SPI.c.obj
 .text.run_getfree
                0x10000748       0xa0 CMakeFiles/Usar_SSD.dir/Cartao_FatFS_SPI.c.obj
 .text.run_mount
                0x100007e8       0xb8 CMakeFiles/Usar_SSD.dir/Cartao_FatFS_SPI.c.obj
 .text.capture_adc_data_and_save
                0x100008a0       0xdc CMakeFiles/Usar_SSD.dir/Cartao_FatFS_SPI.c.obj
                0x100008a0                capture_adc_data_and_save
 .text.read_file
                0x1000097c       0x78 CMakeFiles/Usar_SSD.dir/Cartao_FatFS_SPI.c.obj
                0x1000097c                read_file
 .text.log_mpu_data
                0x100009f4      0x2cc CMakeFiles/Usar_SSD.dir/Cartao_FatFS_SPI.c.obj
                0x100009f4                log_mpu_data
 .text.setup    0x10000cc0       0xec CMakeFiles/Usar_SSD.dir/Cartao_FatFS_SPI.c.obj
                0x10000cc0                setup
 .text.startup.main
                0x10000dac      0x510 CMakeFiles/Usar_SSD.dir/Cartao_FatFS_SPI.c.obj
                0x10000dac                main
 .text.sd_get_num
                0x100012bc        0x4 CMakeFiles/Usar_SSD.dir/hw_config.c.obj
                0x100012bc                sd_get_num
 .text.sd_get_by_num
                0x100012c0       0x18 CMakeFiles/Usar_SSD.dir/hw_config.c.obj
                0x100012c0                sd_get_by_num
 .text.spi_get_num
                0x100012d8        0x4 CMakeFiles/Usar_SSD.dir/hw_config.c.obj
                0x100012d8                spi_get_num
 .text.spi_get_by_num
                0x100012dc       0x18 CMakeFiles/Usar_SSD.dir/hw_config.c.obj
                0x100012dc                spi_get_by_num
 .text.ssd1306_config
                0x100012f4      0x1d0 CMakeFiles/Usar_SSD.dir/libs/ssd1306.c.obj
                0x100012f4                ssd1306_config
 .text.ssd1306_send_data
                0x100014c4       0x8c CMakeFiles/Usar_SSD.dir/libs/ssd1306.c.obj
                0x100014c4                ssd1306_send_data
 .text.ssd1306_fill
                0x10001550       0x7c CMakeFiles/Usar_SSD.dir/libs/ssd1306.c.obj
                0x10001550                ssd1306_fill
 .text.ssd1306_draw_char
                0x100015cc      0x1a0 CMakeFiles/Usar_SSD.dir/libs/ssd1306.c.obj
                0x100015cc                ssd1306_draw_char
 .text.display_init
                0x1000176c       0xb4 CMakeFiles/Usar_SSD.dir/libs/ssd1306.c.obj
                0x1000176c                display_init
 .text.tela_inicial
                0x10001820      0x16c CMakeFiles/Usar_SSD.dir/libs/ssd1306.c.obj
                0x10001820                tela_inicial
 .text.op_concluida
                0x1000198c      0x130 CMakeFiles/Usar_SSD.dir/libs/ssd1306.c.obj
                0x1000198c                op_concluida
 .text.montagem_sd
                0x10001abc      0x130 CMakeFiles/Usar_SSD.dir/libs/ssd1306.c.obj
                0x10001abc                montagem_sd
 .text.atualizar_display_status
                0x10001bec      0x120 CMakeFiles/Usar_SSD.dir/libs/ssd1306.c.obj
                0x10001bec                atualizar_display_status
 .text.buzz     0x10001d0c       0x68 CMakeFiles/Usar_SSD.dir/libs/buzzer.c.obj
                0x10001d0c                buzz
 .text.gpio_default_irq_handler
                0x10001d74      0x2c8 CMakeFiles/Usar_SSD.dir/C_/Users/Miller/.pico-sdk/sdk/2.1.1/src/rp2_common/hardware_gpio/gpio.c.obj
 .text.gpio_set_function
                0x1000203c       0x34 CMakeFiles/Usar_SSD.dir/C_/Users/Miller/.pico-sdk/sdk/2.1.1/src/rp2_common/hardware_gpio/gpio.c.obj
                0x1000203c                gpio_set_function
 .text.gpio_set_pulls
                0x10002070       0x28 CMakeFiles/Usar_SSD.dir/C_/Users/Miller/.pico-sdk/sdk/2.1.1/src/rp2_common/hardware_gpio/gpio.c.obj
                0x10002070                gpio_set_pulls
 .text.gpio_set_drive_strength
                0x10002098       0x24 CMakeFiles/Usar_SSD.dir/C_/Users/Miller/.pico-sdk/sdk/2.1.1/src/rp2_common/hardware_gpio/gpio.c.obj
                0x10002098                gpio_set_drive_strength
 .text.gpio_set_irq_enabled_with_callback
                0x100020bc       0xd0 CMakeFiles/Usar_SSD.dir/C_/Users/Miller/.pico-sdk/sdk/2.1.1/src/rp2_common/hardware_gpio/gpio.c.obj
                0x100020bc                gpio_set_irq_enabled_with_callback
 .text.gpio_init
                0x1000218c       0x40 CMakeFiles/Usar_SSD.dir/C_/Users/Miller/.pico-sdk/sdk/2.1.1/src/rp2_common/hardware_gpio/gpio.c.obj
                0x1000218c                gpio_init
 .text.rp2040_chip_version
                0x100021cc        0xc CMakeFiles/Usar_SSD.dir/C_/Users/Miller/.pico-sdk/sdk/2.1.1/src/rp2040/pico_platform/platform.c.obj
                0x100021cc                rp2040_chip_version
 .text.panic    0x100021d8       0x30 CMakeFiles/Usar_SSD.dir/C_/Users/Miller/.pico-sdk/sdk/2.1.1/src/rp2_common/pico_platform_panic/panic.c.obj
                0x100021d8                panic
 .text.hw_claim_or_assert
                0x10002208       0x44 CMakeFiles/Usar_SSD.dir/C_/Users/Miller/.pico-sdk/sdk/2.1.1/src/common/hardware_claim/claim.c.obj
                0x10002208                hw_claim_or_assert
 .text.hw_claim_unused_from_range
                0x1000224c       0x88 CMakeFiles/Usar_SSD.dir/C_/Users/Miller/.pico-sdk/sdk/2.1.1/src/common/hardware_claim/claim.c.obj
                0x1000224c                hw_claim_unused_from_range
 .text.next_striped_spin_lock_num
                0x100022d4       0x18 CMakeFiles/Usar_SSD.dir/C_/Users/Miller/.pico-sdk/sdk/2.1.1/src/rp2_common/hardware_sync/sync.c.obj
                0x100022d4                next_striped_spin_lock_num
 .text.spin_lock_claim_unused
                0x100022ec       0x24 CMakeFiles/Usar_SSD.dir/C_/Users/Miller/.pico-sdk/sdk/2.1.1/src/rp2_common/hardware_sync/sync.c.obj
                0x100022ec                spin_lock_claim_unused
 .text.spin_locks_reset
                0x10002310       0x1c CMakeFiles/Usar_SSD.dir/C_/Users/Miller/.pico-sdk/sdk/2.1.1/src/rp2_common/hardware_sync_spin_lock/sync_spin_lock.c.obj
                0x10002310                spin_locks_reset
 .text.runtime_init_per_core_irq_priorities
                0x1000232c       0x24 CMakeFiles/Usar_SSD.dir/C_/Users/Miller/.pico-sdk/sdk/2.1.1/src/rp2_common/hardware_irq/irq.c.obj
                0x1000232c                runtime_init_per_core_irq_priorities
 .text.irq_set_enabled
                0x10002350       0x24 CMakeFiles/Usar_SSD.dir/C_/Users/Miller/.pico-sdk/sdk/2.1.1/src/rp2_common/hardware_irq/irq.c.obj
                0x10002350                irq_set_enabled
 .text.irq_is_enabled
                0x10002374       0x18 CMakeFiles/Usar_SSD.dir/C_/Users/Miller/.pico-sdk/sdk/2.1.1/src/rp2_common/hardware_irq/irq.c.obj
                0x10002374                irq_is_enabled
 .text.irq_set_pending
                0x1000238c       0x10 CMakeFiles/Usar_SSD.dir/C_/Users/Miller/.pico-sdk/sdk/2.1.1/src/rp2_common/hardware_irq/irq.c.obj
                0x1000238c                irq_set_pending
 .text.irq_has_shared_handler
                0x1000239c       0x24 CMakeFiles/Usar_SSD.dir/C_/Users/Miller/.pico-sdk/sdk/2.1.1/src/rp2_common/hardware_irq/irq.c.obj
                0x1000239c                irq_has_shared_handler
 .text.irq_set_exclusive_handler
                0x100023c0       0x54 CMakeFiles/Usar_SSD.dir/C_/Users/Miller/.pico-sdk/sdk/2.1.1/src/rp2_common/hardware_irq/irq.c.obj
                0x100023c0                irq_set_exclusive_handler
 .text.irq_add_shared_handler
                0x10002414      0x1f4 CMakeFiles/Usar_SSD.dir/C_/Users/Miller/.pico-sdk/sdk/2.1.1/src/rp2_common/hardware_irq/irq.c.obj
                0x10002414                irq_add_shared_handler
 .text.irq_remove_handler
                0x10002608      0x1d4 CMakeFiles/Usar_SSD.dir/C_/Users/Miller/.pico-sdk/sdk/2.1.1/src/rp2_common/hardware_irq/irq.c.obj
                0x10002608                irq_remove_handler
 .text.irq_add_tail_to_free_list
                0x100027dc       0xb4 CMakeFiles/Usar_SSD.dir/C_/Users/Miller/.pico-sdk/sdk/2.1.1/src/rp2_common/hardware_irq/irq.c.obj
                0x100027dc                irq_add_tail_to_free_list
 .text.user_irq_claim_unused
                0x10002890       0x2c CMakeFiles/Usar_SSD.dir/C_/Users/Miller/.pico-sdk/sdk/2.1.1/src/rp2_common/hardware_irq/irq.c.obj
                0x10002890                user_irq_claim_unused
 .text.sem_init
                0x100028bc       0x20 CMakeFiles/Usar_SSD.dir/C_/Users/Miller/.pico-sdk/sdk/2.1.1/src/common/pico_sync/sem.c.obj
                0x100028bc                sem_init
 .text.lock_init
                0x100028dc       0x10 CMakeFiles/Usar_SSD.dir/C_/Users/Miller/.pico-sdk/sdk/2.1.1/src/common/pico_sync/lock_core.c.obj
                0x100028dc                lock_init
 .text.runtime_init_mutex
                0x100028ec       0x50 CMakeFiles/Usar_SSD.dir/C_/Users/Miller/.pico-sdk/sdk/2.1.1/src/common/pico_sync/mutex.c.obj
                0x100028ec                runtime_init_mutex
 .text.mutex_init
                0x1000293c       0x1c CMakeFiles/Usar_SSD.dir/C_/Users/Miller/.pico-sdk/sdk/2.1.1/src/common/pico_sync/mutex.c.obj
                0x1000293c                mutex_init
 .text.critical_section_init
                0x10002958       0x1c CMakeFiles/Usar_SSD.dir/C_/Users/Miller/.pico-sdk/sdk/2.1.1/src/common/pico_sync/critical_section.c.obj
                0x10002958                critical_section_init
 .text.critical_section_init_with_lock_num
                0x10002974       0x14 CMakeFiles/Usar_SSD.dir/C_/Users/Miller/.pico-sdk/sdk/2.1.1/src/common/pico_sync/critical_section.c.obj
                0x10002974                critical_section_init_with_lock_num
 .text.sleep_until_callback
                0x10002988       0x30 CMakeFiles/Usar_SSD.dir/C_/Users/Miller/.pico-sdk/sdk/2.1.1/src/common/pico_time/time.c.obj
 .text.alarm_pool_irq_handler
                0x100029b8      0x300 CMakeFiles/Usar_SSD.dir/C_/Users/Miller/.pico-sdk/sdk/2.1.1/src/common/pico_time/time.c.obj
 .text.runtime_init_default_alarm_pool
                0x10002cb8       0xdc CMakeFiles/Usar_SSD.dir/C_/Users/Miller/.pico-sdk/sdk/2.1.1/src/common/pico_time/time.c.obj
                0x10002cb8                runtime_init_default_alarm_pool
 .text.alarm_pool_get_default
                0x10002d94        0x8 CMakeFiles/Usar_SSD.dir/C_/Users/Miller/.pico-sdk/sdk/2.1.1/src/common/pico_time/time.c.obj
                0x10002d94                alarm_pool_get_default
 .text.alarm_pool_add_alarm_at
                0x10002d9c       0xd0 CMakeFiles/Usar_SSD.dir/C_/Users/Miller/.pico-sdk/sdk/2.1.1/src/common/pico_time/time.c.obj
                0x10002d9c                alarm_pool_add_alarm_at
 .text.alarm_pool_add_alarm_at_force_in_context
                0x10002e6c       0xb0 CMakeFiles/Usar_SSD.dir/C_/Users/Miller/.pico-sdk/sdk/2.1.1/src/common/pico_time/time.c.obj
                0x10002e6c                alarm_pool_add_alarm_at_force_in_context
 .text.alarm_pool_cancel_alarm
                0x10002f1c       0x74 CMakeFiles/Usar_SSD.dir/C_/Users/Miller/.pico-sdk/sdk/2.1.1/src/common/pico_time/time.c.obj
                0x10002f1c                alarm_pool_cancel_alarm
 .text.alarm_pool_core_num
                0x10002f90        0x4 CMakeFiles/Usar_SSD.dir/C_/Users/Miller/.pico-sdk/sdk/2.1.1/src/common/pico_time/time.c.obj
                0x10002f90                alarm_pool_core_num
 .text.sleep_us
                0x10002f94       0xec CMakeFiles/Usar_SSD.dir/C_/Users/Miller/.pico-sdk/sdk/2.1.1/src/common/pico_time/time.c.obj
                0x10002f94                sleep_us
 .text.sleep_ms
                0x10003080       0xfc CMakeFiles/Usar_SSD.dir/C_/Users/Miller/.pico-sdk/sdk/2.1.1/src/common/pico_time/time.c.obj
                0x10003080                sleep_ms
 .text.best_effort_wfe_or_timeout
                0x1000317c      0x10c CMakeFiles/Usar_SSD.dir/C_/Users/Miller/.pico-sdk/sdk/2.1.1/src/common/pico_time/time.c.obj
                0x1000317c                best_effort_wfe_or_timeout
 .text.timer_hardware_alarm_claim
                0x10003288       0x14 CMakeFiles/Usar_SSD.dir/C_/Users/Miller/.pico-sdk/sdk/2.1.1/src/rp2_common/hardware_timer/timer.c.obj
                0x10003288                timer_hardware_alarm_claim
 .text.timer_time_us_64
                0x1000329c       0x10 CMakeFiles/Usar_SSD.dir/C_/Users/Miller/.pico-sdk/sdk/2.1.1/src/rp2_common/hardware_timer/timer.c.obj
                0x1000329c                timer_time_us_64
 .text.time_us_64
                0x100032ac       0x14 CMakeFiles/Usar_SSD.dir/C_/Users/Miller/.pico-sdk/sdk/2.1.1/src/rp2_common/hardware_timer/timer.c.obj
                0x100032ac                time_us_64
 .text.busy_wait_us
                0x100032c0       0x68 CMakeFiles/Usar_SSD.dir/C_/Users/Miller/.pico-sdk/sdk/2.1.1/src/rp2_common/hardware_timer/timer.c.obj
                0x100032c0                busy_wait_us
 .text.busy_wait_until
                0x10003328       0x20 CMakeFiles/Usar_SSD.dir/C_/Users/Miller/.pico-sdk/sdk/2.1.1/src/rp2_common/hardware_timer/timer.c.obj
                0x10003328                busy_wait_until
 .text.clock_configure_int_divider
                0x10003348       0xf4 CMakeFiles/Usar_SSD.dir/C_/Users/Miller/.pico-sdk/sdk/2.1.1/src/rp2_common/hardware_clocks/clocks.c.obj
                0x10003348                clock_configure_int_divider
 .text.clock_configure_undivided
                0x1000343c       0xe8 CMakeFiles/Usar_SSD.dir/C_/Users/Miller/.pico-sdk/sdk/2.1.1/src/rp2_common/hardware_clocks/clocks.c.obj
                0x1000343c                clock_configure_undivided
 .text.clock_get_hz
                0x10003524        0xc CMakeFiles/Usar_SSD.dir/C_/Users/Miller/.pico-sdk/sdk/2.1.1/src/rp2_common/hardware_clocks/clocks.c.obj
                0x10003524                clock_get_hz
 .text.pll_init
                0x10003530       0xa4 CMakeFiles/Usar_SSD.dir/C_/Users/Miller/.pico-sdk/sdk/2.1.1/src/rp2_common/hardware_pll/pll.c.obj
                0x10003530                pll_init
 .text.watchdog_reboot
                0x100035d4       0x9c CMakeFiles/Usar_SSD.dir/C_/Users/Miller/.pico-sdk/sdk/2.1.1/src/rp2_common/hardware_watchdog/watchdog.c.obj
                0x100035d4                watchdog_reboot
 .text.tick_start
                0x10003670       0x10 CMakeFiles/Usar_SSD.dir/C_/Users/Miller/.pico-sdk/sdk/2.1.1/src/rp2_common/hardware_ticks/ticks.c.obj
                0x10003670                tick_start
 .text.rom_func_lookup
                0x10003680       0x10 CMakeFiles/Usar_SSD.dir/C_/Users/Miller/.pico-sdk/sdk/2.1.1/src/rp2_common/pico_bootrom/bootrom.c.obj
                0x10003680                rom_func_lookup
 .text.rom_data_lookup
                0x10003690       0x10 CMakeFiles/Usar_SSD.dir/C_/Users/Miller/.pico-sdk/sdk/2.1.1/src/rp2_common/pico_bootrom/bootrom.c.obj
                0x10003690                rom_data_lookup
 .text.rom_funcs_lookup
                0x100036a0       0x44 CMakeFiles/Usar_SSD.dir/C_/Users/Miller/.pico-sdk/sdk/2.1.1/src/rp2_common/pico_bootrom/bootrom.c.obj
                0x100036a0                rom_funcs_lookup
 .text.rom_reset_usb_boot
                0x100036e4       0x1c CMakeFiles/Usar_SSD.dir/C_/Users/Miller/.pico-sdk/sdk/2.1.1/src/rp2_common/pico_bootrom/bootrom.c.obj
                0x100036e4                rom_reset_usb_boot
 .text.rom_reset_usb_boot_extra
                0x10003700       0x24 CMakeFiles/Usar_SSD.dir/C_/Users/Miller/.pico-sdk/sdk/2.1.1/src/rp2_common/pico_bootrom/bootrom.c.obj
                0x10003700                rom_reset_usb_boot_extra
 .text.xosc_init
                0x10003724       0x28 CMakeFiles/Usar_SSD.dir/C_/Users/Miller/.pico-sdk/sdk/2.1.1/src/rp2_common/hardware_xosc/xosc.c.obj
                0x10003724                xosc_init
 .text.first_per_core_initializer
                0x1000374c        0x4 CMakeFiles/Usar_SSD.dir/C_/Users/Miller/.pico-sdk/sdk/2.1.1/src/rp2_common/pico_runtime/runtime.c.obj
 .text.hard_assertion_failure
                0x10003750        0xc CMakeFiles/Usar_SSD.dir/C_/Users/Miller/.pico-sdk/sdk/2.1.1/src/rp2_common/pico_runtime/runtime.c.obj
                0x10003750                hard_assertion_failure
 .text.runtime_run_initializers
                0x1000375c       0x28 CMakeFiles/Usar_SSD.dir/C_/Users/Miller/.pico-sdk/sdk/2.1.1/src/rp2_common/pico_runtime/runtime.c.obj
                0x1000375c                runtime_run_initializers
 .text.runtime_init_early_resets
                0x10003784       0x2c CMakeFiles/Usar_SSD.dir/C_/Users/Miller/.pico-sdk/sdk/2.1.1/src/rp2_common/pico_runtime_init/runtime_init.c.obj
                0x10003784                runtime_init_early_resets
 .text.runtime_init_usb_power_down
                0x100037b0       0x1c CMakeFiles/Usar_SSD.dir/C_/Users/Miller/.pico-sdk/sdk/2.1.1/src/rp2_common/pico_runtime_init/runtime_init.c.obj
                0x100037b0                runtime_init_usb_power_down
 .text.runtime_init_post_clock_resets
                0x100037cc       0x20 CMakeFiles/Usar_SSD.dir/C_/Users/Miller/.pico-sdk/sdk/2.1.1/src/rp2_common/pico_runtime_init/runtime_init.c.obj
                0x100037cc                runtime_init_post_clock_resets
 .text.runtime_init_rp2040_gpio_ie_disable
                0x100037ec       0x14 CMakeFiles/Usar_SSD.dir/C_/Users/Miller/.pico-sdk/sdk/2.1.1/src/rp2_common/pico_runtime_init/runtime_init.c.obj
                0x100037ec                runtime_init_rp2040_gpio_ie_disable
 .text.runtime_init_spin_locks_reset
                0x10003800        0x8 CMakeFiles/Usar_SSD.dir/C_/Users/Miller/.pico-sdk/sdk/2.1.1/src/rp2_common/pico_runtime_init/runtime_init.c.obj
                0x10003800                runtime_init_spin_locks_reset
 .text.runtime_init_install_ram_vector_table
                0x10003808       0x1c CMakeFiles/Usar_SSD.dir/C_/Users/Miller/.pico-sdk/sdk/2.1.1/src/rp2_common/pico_runtime_init/runtime_init.c.obj
                0x10003808                runtime_init_install_ram_vector_table
 .text.runtime_init_clocks
                0x10003824       0xd8 CMakeFiles/Usar_SSD.dir/C_/Users/Miller/.pico-sdk/sdk/2.1.1/src/rp2_common/pico_runtime_init/runtime_init_clocks.c.obj
                0x10003824                runtime_init_clocks
 .text          0x100038fc       0x10 CMakeFiles/Usar_SSD.dir/C_/Users/Miller/.pico-sdk/sdk/2.1.1/src/rp2_common/pico_bit_ops/bit_ops_aeabi.S.obj
 .text.__wrap___aeabi_idiv
                0x1000390c       0x50 CMakeFiles/Usar_SSD.dir/C_/Users/Miller/.pico-sdk/sdk/2.1.1/src/rp2_common/pico_divider/divider_hardware.S.obj
                0x1000390c                __wrap___aeabi_idivmod
                0x1000390c                divmod_s32s32
                0x1000390c                div_s32s32
                0x1000390c                __wrap___aeabi_idiv
                0x10003914                divmod_s32s32_unsafe
                0x10003940                divmod_s32s32_savestate
 .text.__wrap___aeabi_uidiv
                0x1000395c       0x4c CMakeFiles/Usar_SSD.dir/C_/Users/Miller/.pico-sdk/sdk/2.1.1/src/rp2_common/pico_divider/divider_hardware.S.obj
                0x1000395c                __wrap___aeabi_uidiv
                0x1000395c                __wrap___aeabi_uidivmod
                0x1000395c                div_u32u32
                0x1000395c                divmod_u32u32
                0x10003964                divmod_u32u32_unsafe
                0x1000398c                divmod_u32u32_savestate
 .text.__wrap___aeabi_ldiv
                0x100039a8      0x424 CMakeFiles/Usar_SSD.dir/C_/Users/Miller/.pico-sdk/sdk/2.1.1/src/rp2_common/pico_divider/divider_hardware.S.obj
                0x100039a8                div_s64s64
                0x100039a8                divmod_s64s64
                0x100039a8                __wrap___aeabi_ldivmod
                0x100039d8                divmod_u64u64
                0x100039d8                div_u64u64
                0x100039d8                __wrap___aeabi_uldivmod
                0x100039e8                divmod_u64u64_savestate
                0x10003a08                divmod_s64s64_unsafe
                0x10003a90                divmod_u64u64_unsafe
 .text.__wrap___aeabi_darithmetic
                0x10003dcc       0x60 CMakeFiles/Usar_SSD.dir/C_/Users/Miller/.pico-sdk/sdk/2.1.1/src/rp2_common/pico_double/double_aeabi_rp2040.S.obj
                0x10003dcc                __wrap___aeabi_drsub
                0x10003dd2                __wrap___aeabi_dsub
                0x10003ddc                __wrap___aeabi_dadd
                0x10003de6                __wrap___aeabi_ddiv
                0x10003e1a                __wrap___aeabi_dmul
 .text.__wrap___aeabi_cdcmple
                0x10003e2c       0x6c CMakeFiles/Usar_SSD.dir/C_/Users/Miller/.pico-sdk/sdk/2.1.1/src/rp2_common/pico_double/double_aeabi_rp2040.S.obj
                0x10003e2c                __wrap___aeabi_cdrcmple
                0x10003e3c                __wrap___aeabi_cdcmpeq
                0x10003e3c                __wrap___aeabi_cdcmple
 .text.__wrap___aeabi_dcmplt
                0x10003e98        0xc CMakeFiles/Usar_SSD.dir/C_/Users/Miller/.pico-sdk/sdk/2.1.1/src/rp2_common/pico_double/double_aeabi_rp2040.S.obj
                0x10003e98                __wrap___aeabi_dcmplt
 .text.__wrap___aeabi_dcmple
                0x10003ea4       0x10 CMakeFiles/Usar_SSD.dir/C_/Users/Miller/.pico-sdk/sdk/2.1.1/src/rp2_common/pico_double/double_aeabi_rp2040.S.obj
                0x10003ea4                __wrap___aeabi_dcmple
 .text.__wrap___aeabi_dcmpge
                0x10003eb4       0x10 CMakeFiles/Usar_SSD.dir/C_/Users/Miller/.pico-sdk/sdk/2.1.1/src/rp2_common/pico_double/double_aeabi_rp2040.S.obj
                0x10003eb4                __wrap___aeabi_dcmpge
 .text.__wrap___aeabi_dcmpgt
                0x10003ec4        0xa CMakeFiles/Usar_SSD.dir/C_/Users/Miller/.pico-sdk/sdk/2.1.1/src/rp2_common/pico_double/double_aeabi_rp2040.S.obj
                0x10003ec4                __wrap___aeabi_dcmpgt
 .text.__wrap___aeabi_dcmpun
                0x10003ece       0x18 CMakeFiles/Usar_SSD.dir/C_/Users/Miller/.pico-sdk/sdk/2.1.1/src/rp2_common/pico_double/double_aeabi_rp2040.S.obj
                0x10003ece                __wrap___aeabi_dcmpun
 *fill*         0x10003ee6        0x2 
 .text.__wrap___aeabi_i2d
                0x10003ee8       0x38 CMakeFiles/Usar_SSD.dir/C_/Users/Miller/.pico-sdk/sdk/2.1.1/src/rp2_common/pico_double/double_aeabi_rp2040.S.obj
                0x10003ee8                uint2double
                0x10003ee8                __wrap___aeabi_ui2d
                0x10003ef0                int2double
                0x10003ef0                __wrap___aeabi_i2d
 .text.__wrap___aeabi_d2iz
                0x10003f20       0x48 CMakeFiles/Usar_SSD.dir/C_/Users/Miller/.pico-sdk/sdk/2.1.1/src/rp2_common/pico_double/double_aeabi_rp2040.S.obj
                0x10003f20                double2int_z
                0x10003f20                __wrap___aeabi_d2iz
 .text.__wrap___aeabi_d2uiz
                0x10003f68       0x10 CMakeFiles/Usar_SSD.dir/C_/Users/Miller/.pico-sdk/sdk/2.1.1/src/rp2_common/pico_double/double_aeabi_rp2040.S.obj
                0x10003f68                double2uint
                0x10003f68                __wrap___aeabi_d2uiz
                0x10003f68                double2uint_z
 .text.__wrap___aeabi_d2f
                0x10003f78       0x10 CMakeFiles/Usar_SSD.dir/C_/Users/Miller/.pico-sdk/sdk/2.1.1/src/rp2_common/pico_double/double_aeabi_rp2040.S.obj
                0x10003f78                __wrap___aeabi_d2f
 .text.__wrap_srqt
                0x10003f88       0x10 CMakeFiles/Usar_SSD.dir/C_/Users/Miller/.pico-sdk/sdk/2.1.1/src/rp2_common/pico_double/double_aeabi_rp2040.S.obj
                0x10003f88                __wrap_sqrt
 .text.__wrap_atan2
                0x10003f98       0x10 CMakeFiles/Usar_SSD.dir/C_/Users/Miller/.pico-sdk/sdk/2.1.1/src/rp2_common/pico_double/double_aeabi_rp2040.S.obj
                0x10003f98                __wrap_atan2
 .text.missing_double_func_shim
                0x10003fa8        0xc CMakeFiles/Usar_SSD.dir/C_/Users/Miller/.pico-sdk/sdk/2.1.1/src/rp2_common/pico_double/double_init_rom_rp2040.c.obj
 .text.__aeabi_double_init
                0x10003fb4       0xa0 CMakeFiles/Usar_SSD.dir/C_/Users/Miller/.pico-sdk/sdk/2.1.1/src/rp2_common/pico_double/double_init_rom_rp2040.c.obj
                0x10003fb4                __aeabi_double_init
 .text.double_table_shim_on_use_helper
                0x10004054       0x2c CMakeFiles/Usar_SSD.dir/C_/Users/Miller/.pico-sdk/sdk/2.1.1/src/rp2_common/pico_double/double_v1_rom_shim_rp2040.S.obj
                0x10004054                double_table_shim_on_use_helper
 .text.__aeabi_lmul
                0x10004080       0x32 CMakeFiles/Usar_SSD.dir/C_/Users/Miller/.pico-sdk/sdk/2.1.1/src/rp2_common/pico_int64_ops/pico_int64_ops_aeabi.S.obj
                0x10004080                __wrap___aeabi_lmul
 *fill*         0x100040b2        0x2 
 .text.__wrap___aeabi_farithmetic
                0x100040b4       0x48 CMakeFiles/Usar_SSD.dir/C_/Users/Miller/.pico-sdk/sdk/2.1.1/src/rp2_common/pico_float/float_aeabi_rp2040.S.obj
                0x100040b4                __wrap___aeabi_frsub
                0x100040ba                __wrap___aeabi_fsub
                0x100040c0                __wrap___aeabi_fadd
                0x100040c6                __wrap___aeabi_fdiv
                0x100040ee                __wrap___aeabi_fmul
 .text.__wrap___aeabi_i2f
                0x100040fc       0x44 CMakeFiles/Usar_SSD.dir/C_/Users/Miller/.pico-sdk/sdk/2.1.1/src/rp2_common/pico_float/float_aeabi_rp2040.S.obj
                0x100040fc                __wrap___aeabi_i2f
                0x100040fc                int2float
 .text.__wrap___aeabi_f2d
                0x10004140        0xc CMakeFiles/Usar_SSD.dir/C_/Users/Miller/.pico-sdk/sdk/2.1.1/src/rp2_common/pico_float/float_aeabi_rp2040.S.obj
                0x10004140                __wrap___aeabi_f2d
 .text.missing_float_func_shim
                0x1000414c        0xc CMakeFiles/Usar_SSD.dir/C_/Users/Miller/.pico-sdk/sdk/2.1.1/src/rp2_common/pico_float/float_init_rom_rp2040.c.obj
 .text.__aeabi_float_init
                0x10004158       0x5c CMakeFiles/Usar_SSD.dir/C_/Users/Miller/.pico-sdk/sdk/2.1.1/src/rp2_common/pico_float/float_init_rom_rp2040.c.obj
                0x10004158                __aeabi_float_init
 .text.__wrap_malloc
                0x100041b4       0x24 CMakeFiles/Usar_SSD.dir/C_/Users/Miller/.pico-sdk/sdk/2.1.1/src/rp2_common/pico_malloc/malloc.c.obj
                0x100041b4                __wrap_malloc
 .text.__wrap_calloc
                0x100041d8       0x28 CMakeFiles/Usar_SSD.dir/C_/Users/Miller/.pico-sdk/sdk/2.1.1/src/rp2_common/pico_malloc/malloc.c.obj
                0x100041d8                __wrap_calloc
 .text.__wrap_free
                0x10004200        0x8 CMakeFiles/Usar_SSD.dir/C_/Users/Miller/.pico-sdk/sdk/2.1.1/src/rp2_common/pico_malloc/malloc.c.obj
                0x10004200                __wrap_free
 .text          0x10004208       0x10 CMakeFiles/Usar_SSD.dir/C_/Users/Miller/.pico-sdk/sdk/2.1.1/src/rp2_common/pico_mem_ops/mem_ops_aeabi.S.obj
                0x10004208                __aeabi_mem_init
 .text.memset   0x10004218        0xc CMakeFiles/Usar_SSD.dir/C_/Users/Miller/.pico-sdk/sdk/2.1.1/src/rp2_common/pico_mem_ops/mem_ops_aeabi.S.obj
                0x10004218                __wrap_memset
 .text.memcpy   0x10004224        0xc CMakeFiles/Usar_SSD.dir/C_/Users/Miller/.pico-sdk/sdk/2.1.1/src/rp2_common/pico_mem_ops/mem_ops_aeabi.S.obj
                0x10004224                __wrap_memcpy
                0x10004224                __wrap___aeabi_memcpy
 .text._out_buffer
                0x10004230        0x8 CMakeFiles/Usar_SSD.dir/C_/Users/Miller/.pico-sdk/sdk/2.1.1/src/rp2_common/pico_printf/printf.c.obj
 .text._out_null
                0x10004238        0x4 CMakeFiles/Usar_SSD.dir/C_/Users/Miller/.pico-sdk/sdk/2.1.1/src/rp2_common/pico_printf/printf.c.obj
 .text._out_rev
                0x1000423c       0xac CMakeFiles/Usar_SSD.dir/C_/Users/Miller/.pico-sdk/sdk/2.1.1/src/rp2_common/pico_printf/printf.c.obj
 .text._ntoa_format
                0x100042e8      0x1cc CMakeFiles/Usar_SSD.dir/C_/Users/Miller/.pico-sdk/sdk/2.1.1/src/rp2_common/pico_printf/printf.c.obj
 .text._out_char
                0x100044b4       0x10 CMakeFiles/Usar_SSD.dir/C_/Users/Miller/.pico-sdk/sdk/2.1.1/src/rp2_common/pico_printf/printf.c.obj
 .text._out_fct
                0x100044c4       0x10 CMakeFiles/Usar_SSD.dir/C_/Users/Miller/.pico-sdk/sdk/2.1.1/src/rp2_common/pico_printf/printf.c.obj
 .text._ftoa    0x100044d4      0x4a8 CMakeFiles/Usar_SSD.dir/C_/Users/Miller/.pico-sdk/sdk/2.1.1/src/rp2_common/pico_printf/printf.c.obj
 .text._etoa    0x1000497c      0x57c CMakeFiles/Usar_SSD.dir/C_/Users/Miller/.pico-sdk/sdk/2.1.1/src/rp2_common/pico_printf/printf.c.obj
 .text._vsnprintf
                0x10004ef8      0xbe0 CMakeFiles/Usar_SSD.dir/C_/Users/Miller/.pico-sdk/sdk/2.1.1/src/rp2_common/pico_printf/printf.c.obj
 .text.__wrap_sprintf
                0x10005ad8       0x2c CMakeFiles/Usar_SSD.dir/C_/Users/Miller/.pico-sdk/sdk/2.1.1/src/rp2_common/pico_printf/printf.c.obj
                0x10005ad8                __wrap_sprintf
 .text.__wrap_snprintf
                0x10005b04       0x28 CMakeFiles/Usar_SSD.dir/C_/Users/Miller/.pico-sdk/sdk/2.1.1/src/rp2_common/pico_printf/printf.c.obj
                0x10005b04                __wrap_snprintf
 .text.vfctprintf
                0x10005b2c       0x24 CMakeFiles/Usar_SSD.dir/C_/Users/Miller/.pico-sdk/sdk/2.1.1/src/rp2_common/pico_printf/printf.c.obj
                0x10005b2c                vfctprintf
 .text.weak_raw_vprintf
                0x10005b50       0x30 CMakeFiles/Usar_SSD.dir/C_/Users/Miller/.pico-sdk/sdk/2.1.1/src/rp2_common/pico_printf/printf.c.obj
                0x10005b50                weak_raw_vprintf
 .text._exit    0x10005b80        0x4 CMakeFiles/Usar_SSD.dir/C_/Users/Miller/.pico-sdk/sdk/2.1.1/src/rp2_common/pico_clib_interface/newlib_interface.c.obj
                0x10005b80                _exit
 .text._sbrk    0x10005b84       0x34 CMakeFiles/Usar_SSD.dir/C_/Users/Miller/.pico-sdk/sdk/2.1.1/src/rp2_common/pico_clib_interface/newlib_interface.c.obj
                0x10005b84                _sbrk
 .text.exit     0x10005bb8        0x8 CMakeFiles/Usar_SSD.dir/C_/Users/Miller/.pico-sdk/sdk/2.1.1/src/rp2_common/pico_clib_interface/newlib_interface.c.obj
                0x10005bb8                exit
 .text.runtime_init
                0x10005bc0       0x2c CMakeFiles/Usar_SSD.dir/C_/Users/Miller/.pico-sdk/sdk/2.1.1/src/rp2_common/pico_clib_interface/newlib_interface.c.obj
                0x10005bc0                runtime_init
 .text.stdio_out_chars_no_crlf
                0x10005bec       0x10 CMakeFiles/Usar_SSD.dir/C_/Users/Miller/.pico-sdk/sdk/2.1.1/src/rp2_common/pico_stdio/stdio.c.obj
 .text.stdio_out_chars_crlf
                0x10005bfc       0xb0 CMakeFiles/Usar_SSD.dir/C_/Users/Miller/.pico-sdk/sdk/2.1.1/src/rp2_common/pico_stdio/stdio.c.obj
 .text.stdio_buffered_printer
                0x10005cac       0x64 CMakeFiles/Usar_SSD.dir/C_/Users/Miller/.pico-sdk/sdk/2.1.1/src/rp2_common/pico_stdio/stdio.c.obj
 .text.stdio_put_string
                0x10005d10       0xfc CMakeFiles/Usar_SSD.dir/C_/Users/Miller/.pico-sdk/sdk/2.1.1/src/rp2_common/pico_stdio/stdio.c.obj
                0x10005d10                stdio_put_string
 .text.stdio_set_driver_enabled
                0x10005e0c       0x30 CMakeFiles/Usar_SSD.dir/C_/Users/Miller/.pico-sdk/sdk/2.1.1/src/rp2_common/pico_stdio/stdio.c.obj
                0x10005e0c                stdio_set_driver_enabled
 .text.stdio_flush
                0x10005e3c       0x28 CMakeFiles/Usar_SSD.dir/C_/Users/Miller/.pico-sdk/sdk/2.1.1/src/rp2_common/pico_stdio/stdio.c.obj
                0x10005e3c                stdio_flush
 .text.stdio_init_all
                0x10005e64        0x8 CMakeFiles/Usar_SSD.dir/C_/Users/Miller/.pico-sdk/sdk/2.1.1/src/rp2_common/pico_stdio/stdio.c.obj
                0x10005e64                stdio_init_all
 .text.stdio_getchar_timeout_us
                0x10005e6c       0x98 CMakeFiles/Usar_SSD.dir/C_/Users/Miller/.pico-sdk/sdk/2.1.1/src/rp2_common/pico_stdio/stdio.c.obj
                0x10005e6c                stdio_getchar_timeout_us
 .text.__wrap_putchar
                0x10005f04       0x94 CMakeFiles/Usar_SSD.dir/C_/Users/Miller/.pico-sdk/sdk/2.1.1/src/rp2_common/pico_stdio/stdio.c.obj
                0x10005f04                __wrap_putchar
                0x10005f04                stdio_putchar
 .text.__wrap_puts
                0x10005f98       0x3c CMakeFiles/Usar_SSD.dir/C_/Users/Miller/.pico-sdk/sdk/2.1.1/src/rp2_common/pico_stdio/stdio.c.obj
                0x10005f98                stdio_puts
                0x10005f98                __wrap_puts
 .text.__wrap_vprintf
                0x10005fd4       0xcc CMakeFiles/Usar_SSD.dir/C_/Users/Miller/.pico-sdk/sdk/2.1.1/src/rp2_common/pico_stdio/stdio.c.obj
                0x10005fd4                stdio_vprintf
                0x10005fd4                __wrap_vprintf
 .text.__wrap_printf
                0x100060a0       0x18 CMakeFiles/Usar_SSD.dir/C_/Users/Miller/.pico-sdk/sdk/2.1.1/src/rp2_common/pico_stdio/stdio.c.obj
                0x100060a0                __wrap_printf
                0x100060a0                stdio_printf
 .text.resetd_init
                0x100060b8        0x4 CMakeFiles/Usar_SSD.dir/C_/Users/Miller/.pico-sdk/sdk/2.1.1/src/rp2_common/pico_stdio_usb/reset_interface.c.obj
 .text.resetd_reset
                0x100060bc        0xc CMakeFiles/Usar_SSD.dir/C_/Users/Miller/.pico-sdk/sdk/2.1.1/src/rp2_common/pico_stdio_usb/reset_interface.c.obj
 .text.resetd_open
                0x100060c8       0x28 CMakeFiles/Usar_SSD.dir/C_/Users/Miller/.pico-sdk/sdk/2.1.1/src/rp2_common/pico_stdio_usb/reset_interface.c.obj
 .text.resetd_xfer_cb
                0x100060f0        0x4 CMakeFiles/Usar_SSD.dir/C_/Users/Miller/.pico-sdk/sdk/2.1.1/src/rp2_common/pico_stdio_usb/reset_interface.c.obj
 .text.resetd_control_xfer_cb
                0x100060f4       0x54 CMakeFiles/Usar_SSD.dir/C_/Users/Miller/.pico-sdk/sdk/2.1.1/src/rp2_common/pico_stdio_usb/reset_interface.c.obj
 .text.tud_descriptor_bos_cb
                0x10006148        0x8 CMakeFiles/Usar_SSD.dir/C_/Users/Miller/.pico-sdk/sdk/2.1.1/src/rp2_common/pico_stdio_usb/reset_interface.c.obj
                0x10006148                tud_descriptor_bos_cb
 .text.tud_vendor_control_xfer_cb
                0x10006150       0x34 CMakeFiles/Usar_SSD.dir/C_/Users/Miller/.pico-sdk/sdk/2.1.1/src/rp2_common/pico_stdio_usb/reset_interface.c.obj
                0x10006150                tud_vendor_control_xfer_cb
 .text.usbd_app_driver_get_cb
                0x10006184        0xc CMakeFiles/Usar_SSD.dir/C_/Users/Miller/.pico-sdk/sdk/2.1.1/src/rp2_common/pico_stdio_usb/reset_interface.c.obj
                0x10006184                usbd_app_driver_get_cb
 .text.tud_cdc_line_coding_cb
                0x10006190       0x2c CMakeFiles/Usar_SSD.dir/C_/Users/Miller/.pico-sdk/sdk/2.1.1/src/rp2_common/pico_stdio_usb/reset_interface.c.obj
                0x10006190                tud_cdc_line_coding_cb
 .text.stdio_usb_set_chars_available_callback
                0x100061bc       0x14 CMakeFiles/Usar_SSD.dir/C_/Users/Miller/.pico-sdk/sdk/2.1.1/src/rp2_common/pico_stdio_usb/stdio_usb.c.obj
                0x100061bc                stdio_usb_set_chars_available_callback
 .text.usb_irq  0x100061d0       0x10 CMakeFiles/Usar_SSD.dir/C_/Users/Miller/.pico-sdk/sdk/2.1.1/src/rp2_common/pico_stdio_usb/stdio_usb.c.obj
 .text.timer_task
                0x100061e0       0x64 CMakeFiles/Usar_SSD.dir/C_/Users/Miller/.pico-sdk/sdk/2.1.1/src/rp2_common/pico_stdio_usb/stdio_usb.c.obj
 .text.stdio_usb_in_chars
                0x10006244       0x8c CMakeFiles/Usar_SSD.dir/C_/Users/Miller/.pico-sdk/sdk/2.1.1/src/rp2_common/pico_stdio_usb/stdio_usb.c.obj
                0x10006244                stdio_usb_in_chars
 .text.stdio_usb_out_flush
                0x100062d0       0x4c CMakeFiles/Usar_SSD.dir/C_/Users/Miller/.pico-sdk/sdk/2.1.1/src/rp2_common/pico_stdio_usb/stdio_usb.c.obj
 .text.stdio_usb_out_chars
                0x1000631c      0x100 CMakeFiles/Usar_SSD.dir/C_/Users/Miller/.pico-sdk/sdk/2.1.1/src/rp2_common/pico_stdio_usb/stdio_usb.c.obj
 .text.low_priority_worker_irq
                0x1000641c       0xc8 CMakeFiles/Usar_SSD.dir/C_/Users/Miller/.pico-sdk/sdk/2.1.1/src/rp2_common/pico_stdio_usb/stdio_usb.c.obj
 .text.stdio_usb_init
                0x100064e4       0xe8 CMakeFiles/Usar_SSD.dir/C_/Users/Miller/.pico-sdk/sdk/2.1.1/src/rp2_common/pico_stdio_usb/stdio_usb.c.obj
                0x100064e4                stdio_usb_init
 .text.tud_descriptor_device_cb
                0x100065cc        0x8 CMakeFiles/Usar_SSD.dir/C_/Users/Miller/.pico-sdk/sdk/2.1.1/src/rp2_common/pico_stdio_usb/stdio_usb_descriptors.c.obj
                0x100065cc                tud_descriptor_device_cb
 .text.tud_descriptor_configuration_cb
                0x100065d4        0x8 CMakeFiles/Usar_SSD.dir/C_/Users/Miller/.pico-sdk/sdk/2.1.1/src/rp2_common/pico_stdio_usb/stdio_usb_descriptors.c.obj
                0x100065d4                tud_descriptor_configuration_cb
 .text.tud_descriptor_string_cb
                0x100065dc       0x78 CMakeFiles/Usar_SSD.dir/C_/Users/Miller/.pico-sdk/sdk/2.1.1/src/rp2_common/pico_stdio_usb/stdio_usb_descriptors.c.obj
                0x100065dc                tud_descriptor_string_cb
 .text.startup._retrieve_unique_id_on_boot
                0x10006654       0x10 CMakeFiles/Usar_SSD.dir/C_/Users/Miller/.pico-sdk/sdk/2.1.1/src/rp2_common/pico_unique_id/unique_id.c.obj
 .text.pico_get_unique_board_id_string
                0x10006664      0x1a8 CMakeFiles/Usar_SSD.dir/C_/Users/Miller/.pico-sdk/sdk/2.1.1/src/rp2_common/pico_unique_id/unique_id.c.obj
                0x10006664                pico_get_unique_board_id_string
 .text.flash_get_unique_id
                0x1000680c       0x3c CMakeFiles/Usar_SSD.dir/C_/Users/Miller/.pico-sdk/sdk/2.1.1/src/rp2_common/hardware_flash/flash.c.obj
                0x1000680c                flash_get_unique_id
 .text.dcd_init
                0x10006848       0x90 CMakeFiles/Usar_SSD.dir/C_/Users/Miller/.pico-sdk/sdk/2.1.1/lib/tinyusb/src/portable/raspberrypi/rp2040/dcd_rp2040.c.obj
                0x10006848                dcd_init
 .text.dcd_int_enable
                0x100068d8        0xc CMakeFiles/Usar_SSD.dir/C_/Users/Miller/.pico-sdk/sdk/2.1.1/lib/tinyusb/src/portable/raspberrypi/rp2040/dcd_rp2040.c.obj
                0x100068d8                dcd_int_enable
 .text.dcd_set_address
                0x100068e4       0x14 CMakeFiles/Usar_SSD.dir/C_/Users/Miller/.pico-sdk/sdk/2.1.1/lib/tinyusb/src/portable/raspberrypi/rp2040/dcd_rp2040.c.obj
                0x100068e4                dcd_set_address
 .text.dcd_sof_enable
                0x100068f8       0x1c CMakeFiles/Usar_SSD.dir/C_/Users/Miller/.pico-sdk/sdk/2.1.1/lib/tinyusb/src/portable/raspberrypi/rp2040/dcd_rp2040.c.obj
                0x100068f8                dcd_sof_enable
 .text.dcd_edpt0_status_complete
                0x10006914       0x1c CMakeFiles/Usar_SSD.dir/C_/Users/Miller/.pico-sdk/sdk/2.1.1/lib/tinyusb/src/portable/raspberrypi/rp2040/dcd_rp2040.c.obj
                0x10006914                dcd_edpt0_status_complete
 .text.dcd_edpt_open
                0x10006930      0x114 CMakeFiles/Usar_SSD.dir/C_/Users/Miller/.pico-sdk/sdk/2.1.1/lib/tinyusb/src/portable/raspberrypi/rp2040/dcd_rp2040.c.obj
                0x10006930                dcd_edpt_open
 .text.dcd_edpt_close_all
                0x10006a44        0x8 CMakeFiles/Usar_SSD.dir/C_/Users/Miller/.pico-sdk/sdk/2.1.1/lib/tinyusb/src/portable/raspberrypi/rp2040/dcd_rp2040.c.obj
                0x10006a44                dcd_edpt_close_all
 .text.dcd_edpt_xfer
                0x10006a4c       0x24 CMakeFiles/Usar_SSD.dir/C_/Users/Miller/.pico-sdk/sdk/2.1.1/lib/tinyusb/src/portable/raspberrypi/rp2040/dcd_rp2040.c.obj
                0x10006a4c                dcd_edpt_xfer
 .text.dcd_edpt_stall
                0x10006a70       0x3c CMakeFiles/Usar_SSD.dir/C_/Users/Miller/.pico-sdk/sdk/2.1.1/lib/tinyusb/src/portable/raspberrypi/rp2040/dcd_rp2040.c.obj
                0x10006a70                dcd_edpt_stall
 .text.dcd_edpt_clear_stall
                0x10006aac       0x30 CMakeFiles/Usar_SSD.dir/C_/Users/Miller/.pico-sdk/sdk/2.1.1/lib/tinyusb/src/portable/raspberrypi/rp2040/dcd_rp2040.c.obj
                0x10006aac                dcd_edpt_clear_stall
 .text.rp2040_usb_init
                0x10006adc       0x40 CMakeFiles/Usar_SSD.dir/C_/Users/Miller/.pico-sdk/sdk/2.1.1/lib/tinyusb/src/portable/raspberrypi/rp2040/rp2040_usb.c.obj
                0x10006adc                rp2040_usb_init
 .text.hw_endpoint_xfer_start
                0x10006b1c       0x40 CMakeFiles/Usar_SSD.dir/C_/Users/Miller/.pico-sdk/sdk/2.1.1/lib/tinyusb/src/portable/raspberrypi/rp2040/rp2040_usb.c.obj
                0x10006b1c                hw_endpoint_xfer_start
 .text.tud_event_hook_cb
                0x10006b5c        0x4 CMakeFiles/Usar_SSD.dir/C_/Users/Miller/.pico-sdk/sdk/2.1.1/lib/tinyusb/src/device/usbd.c.obj
                0x10006b5c                tud_event_hook_cb
 .text.tud_sof_cb
                0x10006b60        0x4 CMakeFiles/Usar_SSD.dir/C_/Users/Miller/.pico-sdk/sdk/2.1.1/lib/tinyusb/src/device/usbd.c.obj
                0x10006b60                tud_sof_cb
 .text.tud_descriptor_device_qualifier_cb
                0x10006b64        0x4 CMakeFiles/Usar_SSD.dir/C_/Users/Miller/.pico-sdk/sdk/2.1.1/lib/tinyusb/src/device/usbd.c.obj
                0x10006b64                tud_descriptor_device_qualifier_cb
 .text.tud_descriptor_other_speed_configuration_cb
                0x10006b68        0x4 CMakeFiles/Usar_SSD.dir/C_/Users/Miller/.pico-sdk/sdk/2.1.1/lib/tinyusb/src/device/usbd.c.obj
                0x10006b68                tud_descriptor_other_speed_configuration_cb
 .text.tud_mount_cb
                0x10006b6c        0x4 CMakeFiles/Usar_SSD.dir/C_/Users/Miller/.pico-sdk/sdk/2.1.1/lib/tinyusb/src/device/usbd.c.obj
                0x10006b6c                tud_mount_cb
 .text.tud_umount_cb
                0x10006b70        0x4 CMakeFiles/Usar_SSD.dir/C_/Users/Miller/.pico-sdk/sdk/2.1.1/lib/tinyusb/src/device/usbd.c.obj
                0x10006b70                tud_umount_cb
 .text.tud_suspend_cb
                0x10006b74        0x4 CMakeFiles/Usar_SSD.dir/C_/Users/Miller/.pico-sdk/sdk/2.1.1/lib/tinyusb/src/device/usbd.c.obj
                0x10006b74                tud_suspend_cb
 .text.tud_resume_cb
                0x10006b78        0x4 CMakeFiles/Usar_SSD.dir/C_/Users/Miller/.pico-sdk/sdk/2.1.1/lib/tinyusb/src/device/usbd.c.obj
                0x10006b78                tud_resume_cb
 .text.tud_mounted
                0x10006b7c       0x10 CMakeFiles/Usar_SSD.dir/C_/Users/Miller/.pico-sdk/sdk/2.1.1/lib/tinyusb/src/device/usbd.c.obj
                0x10006b7c                tud_mounted
 .text.tud_suspended
                0x10006b8c       0x10 CMakeFiles/Usar_SSD.dir/C_/Users/Miller/.pico-sdk/sdk/2.1.1/lib/tinyusb/src/device/usbd.c.obj
                0x10006b8c                tud_suspended
 .text.tud_rhport_init
                0x10006b9c       0xf4 CMakeFiles/Usar_SSD.dir/C_/Users/Miller/.pico-sdk/sdk/2.1.1/lib/tinyusb/src/device/usbd.c.obj
                0x10006b9c                tud_rhport_init
 .text.tud_task_ext
                0x10006c90      0x800 CMakeFiles/Usar_SSD.dir/C_/Users/Miller/.pico-sdk/sdk/2.1.1/lib/tinyusb/src/device/usbd.c.obj
                0x10006c90                tud_task_ext
 .text.usbd_open_edpt_pair
                0x10007490       0x9c CMakeFiles/Usar_SSD.dir/C_/Users/Miller/.pico-sdk/sdk/2.1.1/lib/tinyusb/src/device/usbd.c.obj
                0x10007490                usbd_open_edpt_pair
 .text.usbd_edpt_open
                0x1000752c       0x34 CMakeFiles/Usar_SSD.dir/C_/Users/Miller/.pico-sdk/sdk/2.1.1/lib/tinyusb/src/device/usbd.c.obj
                0x1000752c                usbd_edpt_open
 .text.usbd_edpt_claim
                0x10007560       0x28 CMakeFiles/Usar_SSD.dir/C_/Users/Miller/.pico-sdk/sdk/2.1.1/lib/tinyusb/src/device/usbd.c.obj
                0x10007560                usbd_edpt_claim
 .text.usbd_edpt_release
                0x10007588       0x28 CMakeFiles/Usar_SSD.dir/C_/Users/Miller/.pico-sdk/sdk/2.1.1/lib/tinyusb/src/device/usbd.c.obj
                0x10007588                usbd_edpt_release
 .text.usbd_edpt_xfer
                0x100075b0       0x4c CMakeFiles/Usar_SSD.dir/C_/Users/Miller/.pico-sdk/sdk/2.1.1/lib/tinyusb/src/device/usbd.c.obj
                0x100075b0                usbd_edpt_xfer
 .text.tud_control_status
                0x100075fc       0x2c CMakeFiles/Usar_SSD.dir/C_/Users/Miller/.pico-sdk/sdk/2.1.1/lib/tinyusb/src/device/usbd_control.c.obj
                0x100075fc                tud_control_status
 .text.tud_control_xfer
                0x10007628       0xa8 CMakeFiles/Usar_SSD.dir/C_/Users/Miller/.pico-sdk/sdk/2.1.1/lib/tinyusb/src/device/usbd_control.c.obj
                0x10007628                tud_control_xfer
 .text.usbd_control_reset
                0x100076d0       0x14 CMakeFiles/Usar_SSD.dir/C_/Users/Miller/.pico-sdk/sdk/2.1.1/lib/tinyusb/src/device/usbd_control.c.obj
                0x100076d0                usbd_control_reset
 .text.usbd_control_set_complete_callback
                0x100076e4        0xc CMakeFiles/Usar_SSD.dir/C_/Users/Miller/.pico-sdk/sdk/2.1.1/lib/tinyusb/src/device/usbd_control.c.obj
                0x100076e4                usbd_control_set_complete_callback
 .text.usbd_control_set_request
                0x100076f0       0x1c CMakeFiles/Usar_SSD.dir/C_/Users/Miller/.pico-sdk/sdk/2.1.1/lib/tinyusb/src/device/usbd_control.c.obj
                0x100076f0                usbd_control_set_request
 .text.usbd_control_xfer_cb
                0x1000770c       0xec CMakeFiles/Usar_SSD.dir/C_/Users/Miller/.pico-sdk/sdk/2.1.1/lib/tinyusb/src/device/usbd_control.c.obj
                0x1000770c                usbd_control_xfer_cb
 .text._prep_out_transaction.isra.0
                0x100077f8       0x6c CMakeFiles/Usar_SSD.dir/C_/Users/Miller/.pico-sdk/sdk/2.1.1/lib/tinyusb/src/class/cdc/cdc_device.c.obj
 .text.tud_cdc_n_connected
                0x10007864       0x2c CMakeFiles/Usar_SSD.dir/C_/Users/Miller/.pico-sdk/sdk/2.1.1/lib/tinyusb/src/class/cdc/cdc_device.c.obj
                0x10007864                tud_cdc_n_connected
 .text.tud_cdc_n_available
                0x10007890       0x14 CMakeFiles/Usar_SSD.dir/C_/Users/Miller/.pico-sdk/sdk/2.1.1/lib/tinyusb/src/class/cdc/cdc_device.c.obj
                0x10007890                tud_cdc_n_available
 .text.tud_cdc_n_read
                0x100078a4       0x88 CMakeFiles/Usar_SSD.dir/C_/Users/Miller/.pico-sdk/sdk/2.1.1/lib/tinyusb/src/class/cdc/cdc_device.c.obj
                0x100078a4                tud_cdc_n_read
 .text.tud_cdc_n_write_flush
                0x1000792c       0x74 CMakeFiles/Usar_SSD.dir/C_/Users/Miller/.pico-sdk/sdk/2.1.1/lib/tinyusb/src/class/cdc/cdc_device.c.obj
                0x1000792c                tud_cdc_n_write_flush
 .text.tud_cdc_n_write
                0x100079a0       0x40 CMakeFiles/Usar_SSD.dir/C_/Users/Miller/.pico-sdk/sdk/2.1.1/lib/tinyusb/src/class/cdc/cdc_device.c.obj
                0x100079a0                tud_cdc_n_write
 .text.tud_cdc_n_write_available
                0x100079e0       0x14 CMakeFiles/Usar_SSD.dir/C_/Users/Miller/.pico-sdk/sdk/2.1.1/lib/tinyusb/src/class/cdc/cdc_device.c.obj
                0x100079e0                tud_cdc_n_write_available
 .text.cdcd_init
                0x100079f4       0x70 CMakeFiles/Usar_SSD.dir/C_/Users/Miller/.pico-sdk/sdk/2.1.1/lib/tinyusb/src/class/cdc/cdc_device.c.obj
                0x100079f4                cdcd_init
 .text.cdcd_deinit
                0x10007a64       0x30 CMakeFiles/Usar_SSD.dir/C_/Users/Miller/.pico-sdk/sdk/2.1.1/lib/tinyusb/src/class/cdc/cdc_device.c.obj
                0x10007a64                cdcd_deinit
 .text.cdcd_reset
                0x10007a94       0x4c CMakeFiles/Usar_SSD.dir/C_/Users/Miller/.pico-sdk/sdk/2.1.1/lib/tinyusb/src/class/cdc/cdc_device.c.obj
                0x10007a94                cdcd_reset
 .text.cdcd_open
                0x10007ae0       0xa4 CMakeFiles/Usar_SSD.dir/C_/Users/Miller/.pico-sdk/sdk/2.1.1/lib/tinyusb/src/class/cdc/cdc_device.c.obj
                0x10007ae0                cdcd_open
 .text.cdcd_control_xfer_cb
                0x10007b84       0xe8 CMakeFiles/Usar_SSD.dir/C_/Users/Miller/.pico-sdk/sdk/2.1.1/lib/tinyusb/src/class/cdc/cdc_device.c.obj
                0x10007b84                cdcd_control_xfer_cb
 .text.cdcd_xfer_cb
                0x10007c6c      0x100 CMakeFiles/Usar_SSD.dir/C_/Users/Miller/.pico-sdk/sdk/2.1.1/lib/tinyusb/src/class/cdc/cdc_device.c.obj
                0x10007c6c                cdcd_xfer_cb
 .text.vendord_init
                0x10007d6c       0x5c CMakeFiles/Usar_SSD.dir/C_/Users/Miller/.pico-sdk/sdk/2.1.1/lib/tinyusb/src/class/vendor/vendor_device.c.obj
                0x10007d6c                vendord_init
 .text.vendord_deinit
                0x10007dc8       0x1c CMakeFiles/Usar_SSD.dir/C_/Users/Miller/.pico-sdk/sdk/2.1.1/lib/tinyusb/src/class/vendor/vendor_device.c.obj
                0x10007dc8                vendord_deinit
 .text.vendord_reset
                0x10007de4       0x28 CMakeFiles/Usar_SSD.dir/C_/Users/Miller/.pico-sdk/sdk/2.1.1/lib/tinyusb/src/class/vendor/vendor_device.c.obj
                0x10007de4                vendord_reset
 .text.vendord_open
                0x10007e0c      0x120 CMakeFiles/Usar_SSD.dir/C_/Users/Miller/.pico-sdk/sdk/2.1.1/lib/tinyusb/src/class/vendor/vendor_device.c.obj
                0x10007e0c                vendord_open
 .text.vendord_xfer_cb
                0x10007f2c       0x9c CMakeFiles/Usar_SSD.dir/C_/Users/Miller/.pico-sdk/sdk/2.1.1/lib/tinyusb/src/class/vendor/vendor_device.c.obj
                0x10007f2c                vendord_xfer_cb
 .text.tusb_rhport_init
                0x10007fc8       0x4c CMakeFiles/Usar_SSD.dir/C_/Users/Miller/.pico-sdk/sdk/2.1.1/lib/tinyusb/src/tusb.c.obj
                0x10007fc8                tusb_rhport_init
 .text.tu_edpt_claim
                0x10008014       0x50 CMakeFiles/Usar_SSD.dir/C_/Users/Miller/.pico-sdk/sdk/2.1.1/lib/tinyusb/src/tusb.c.obj
                0x10008014                tu_edpt_claim
 .text.tu_edpt_release
                0x10008064       0x38 CMakeFiles/Usar_SSD.dir/C_/Users/Miller/.pico-sdk/sdk/2.1.1/lib/tinyusb/src/tusb.c.obj
                0x10008064                tu_edpt_release
 .text.tu_edpt_validate
                0x1000809c       0x7c CMakeFiles/Usar_SSD.dir/C_/Users/Miller/.pico-sdk/sdk/2.1.1/lib/tinyusb/src/tusb.c.obj
                0x1000809c                tu_edpt_validate
 .text.tu_edpt_bind_driver
                0x10008118       0x34 CMakeFiles/Usar_SSD.dir/C_/Users/Miller/.pico-sdk/sdk/2.1.1/lib/tinyusb/src/tusb.c.obj
                0x10008118                tu_edpt_bind_driver
 .text.tu_edpt_stream_init
                0x1000814c       0x6c CMakeFiles/Usar_SSD.dir/C_/Users/Miller/.pico-sdk/sdk/2.1.1/lib/tinyusb/src/tusb.c.obj
                0x1000814c                tu_edpt_stream_init
 .text.tu_edpt_stream_deinit
                0x100081b8        0x4 CMakeFiles/Usar_SSD.dir/C_/Users/Miller/.pico-sdk/sdk/2.1.1/lib/tinyusb/src/tusb.c.obj
                0x100081b8                tu_edpt_stream_deinit
 .text.tu_edpt_stream_write_zlp_if_needed
                0x100081bc       0x68 CMakeFiles/Usar_SSD.dir/C_/Users/Miller/.pico-sdk/sdk/2.1.1/lib/tinyusb/src/tusb.c.obj
                0x100081bc                tu_edpt_stream_write_zlp_if_needed
 .text.tu_edpt_stream_write_xfer
                0x10008224       0x68 CMakeFiles/Usar_SSD.dir/C_/Users/Miller/.pico-sdk/sdk/2.1.1/lib/tinyusb/src/tusb.c.obj
                0x10008224                tu_edpt_stream_write_xfer
 .text.tu_edpt_stream_read_xfer
                0x1000828c       0xd8 CMakeFiles/Usar_SSD.dir/C_/Users/Miller/.pico-sdk/sdk/2.1.1/lib/tinyusb/src/tusb.c.obj
                0x1000828c                tu_edpt_stream_read_xfer
 .text.tu_fifo_config
                0x10008364       0x6c CMakeFiles/Usar_SSD.dir/C_/Users/Miller/.pico-sdk/sdk/2.1.1/lib/tinyusb/src/common/tusb_fifo.c.obj
                0x10008364                tu_fifo_config
 .text.tu_fifo_count
                0x100083d0       0x2c CMakeFiles/Usar_SSD.dir/C_/Users/Miller/.pico-sdk/sdk/2.1.1/lib/tinyusb/src/common/tusb_fifo.c.obj
                0x100083d0                tu_fifo_count
 .text.tu_fifo_empty
                0x100083fc       0x10 CMakeFiles/Usar_SSD.dir/C_/Users/Miller/.pico-sdk/sdk/2.1.1/lib/tinyusb/src/common/tusb_fifo.c.obj
                0x100083fc                tu_fifo_empty
 .text.tu_fifo_remaining
                0x1000840c       0x2c CMakeFiles/Usar_SSD.dir/C_/Users/Miller/.pico-sdk/sdk/2.1.1/lib/tinyusb/src/common/tusb_fifo.c.obj
                0x1000840c                tu_fifo_remaining
 .text.tu_fifo_read
                0x10008438       0x9c CMakeFiles/Usar_SSD.dir/C_/Users/Miller/.pico-sdk/sdk/2.1.1/lib/tinyusb/src/common/tusb_fifo.c.obj
                0x10008438                tu_fifo_read
 .text.tu_fifo_read_n
                0x100084d4       0xe8 CMakeFiles/Usar_SSD.dir/C_/Users/Miller/.pico-sdk/sdk/2.1.1/lib/tinyusb/src/common/tusb_fifo.c.obj
                0x100084d4                tu_fifo_read_n
 .text.tu_fifo_write
                0x100085bc       0xa4 CMakeFiles/Usar_SSD.dir/C_/Users/Miller/.pico-sdk/sdk/2.1.1/lib/tinyusb/src/common/tusb_fifo.c.obj
                0x100085bc                tu_fifo_write
 .text.tu_fifo_write_n
                0x10008660      0x178 CMakeFiles/Usar_SSD.dir/C_/Users/Miller/.pico-sdk/sdk/2.1.1/lib/tinyusb/src/common/tusb_fifo.c.obj
                0x10008660                tu_fifo_write_n
 .text.tu_fifo_clear
                0x100087d8       0x40 CMakeFiles/Usar_SSD.dir/C_/Users/Miller/.pico-sdk/sdk/2.1.1/lib/tinyusb/src/common/tusb_fifo.c.obj
                0x100087d8                tu_fifo_clear
 .text.tu_fifo_set_overwritable
                0x10008818       0x48 CMakeFiles/Usar_SSD.dir/C_/Users/Miller/.pico-sdk/sdk/2.1.1/lib/tinyusb/src/common/tusb_fifo.c.obj
                0x10008818                tu_fifo_set_overwritable
 .text.ff_memalloc
                0x10008860        0x8 CMakeFiles/Usar_SSD.dir/lib/FatFs_SPI/ff15/source/ffsystem.c.obj
                0x10008860                ff_memalloc
 .text.ff_memfree
                0x10008868        0x8 CMakeFiles/Usar_SSD.dir/lib/FatFs_SPI/ff15/source/ffsystem.c.obj
                0x10008868                ff_memfree
 .text.ff_uni2oem
                0x10008870       0x40 CMakeFiles/Usar_SSD.dir/lib/FatFs_SPI/ff15/source/ffunicode.c.obj
                0x10008870                ff_uni2oem
 .text.ff_oem2uni
                0x100088b0       0x2c CMakeFiles/Usar_SSD.dir/lib/FatFs_SPI/ff15/source/ffunicode.c.obj
                0x100088b0                ff_oem2uni
 .text.ff_wtoupper
                0x100088dc       0xb8 CMakeFiles/Usar_SSD.dir/lib/FatFs_SPI/ff15/source/ffunicode.c.obj
                0x100088dc                ff_wtoupper
 .text.tchar2uni
                0x10008994      0x100 CMakeFiles/Usar_SSD.dir/lib/FatFs_SPI/ff15/source/ff.c.obj
 .text.inc_share
                0x10008a94      0x37c CMakeFiles/Usar_SSD.dir/lib/FatFs_SPI/ff15/source/ff.c.obj
 .text.put_utf  0x10008e10       0xec CMakeFiles/Usar_SSD.dir/lib/FatFs_SPI/ff15/source/ff.c.obj
 .text.dir_clear
                0x10008efc      0x1b0 CMakeFiles/Usar_SSD.dir/lib/FatFs_SPI/ff15/source/ff.c.obj
 .text.init_alloc_info.isra.0
                0x100090ac       0x6c CMakeFiles/Usar_SSD.dir/lib/FatFs_SPI/ff15/source/ff.c.obj
 .text.pattern_match
                0x10009118      0x104 CMakeFiles/Usar_SSD.dir/lib/FatFs_SPI/ff15/source/ff.c.obj
 .text.move_window
                0x1000921c       0xbc CMakeFiles/Usar_SSD.dir/lib/FatFs_SPI/ff15/source/ff.c.obj
 .text.put_fat.part.0
                0x100092d8      0x164 CMakeFiles/Usar_SSD.dir/lib/FatFs_SPI/ff15/source/ff.c.obj
 .text.get_fat  0x1000943c      0x1b0 CMakeFiles/Usar_SSD.dir/lib/FatFs_SPI/ff15/source/ff.c.obj
 .text.dir_next.constprop.0
                0x100095ec       0xbc CMakeFiles/Usar_SSD.dir/lib/FatFs_SPI/ff15/source/ff.c.obj
 .text.get_fileinfo
                0x100096a8      0x328 CMakeFiles/Usar_SSD.dir/lib/FatFs_SPI/ff15/source/ff.c.obj
 .text.sync_fs  0x100099d0       0xfc CMakeFiles/Usar_SSD.dir/lib/FatFs_SPI/ff15/source/ff.c.obj
 .text.check_fs
                0x10009acc      0x188 CMakeFiles/Usar_SSD.dir/lib/FatFs_SPI/ff15/source/ff.c.obj
 .text.mount_volume
                0x10009c54      0xac0 CMakeFiles/Usar_SSD.dir/lib/FatFs_SPI/ff15/source/ff.c.obj
 .text.load_xdir
                0x1000a714      0x1c0 CMakeFiles/Usar_SSD.dir/lib/FatFs_SPI/ff15/source/ff.c.obj
 .text.dir_read.constprop.0
                0x1000a8d4      0x518 CMakeFiles/Usar_SSD.dir/lib/FatFs_SPI/ff15/source/ff.c.obj
 .text.dir_sdi  0x1000adec      0x2f4 CMakeFiles/Usar_SSD.dir/lib/FatFs_SPI/ff15/source/ff.c.obj
 .text.store_xdir
                0x1000b0e0      0x234 CMakeFiles/Usar_SSD.dir/lib/FatFs_SPI/ff15/source/ff.c.obj
 .text.dir_find
                0x1000b314      0x49c CMakeFiles/Usar_SSD.dir/lib/FatFs_SPI/ff15/source/ff.c.obj
 .text.follow_path
                0x1000b7b0      0x5b0 CMakeFiles/Usar_SSD.dir/lib/FatFs_SPI/ff15/source/ff.c.obj
 .text.remove_chain
                0x1000bd60      0x3e4 CMakeFiles/Usar_SSD.dir/lib/FatFs_SPI/ff15/source/ff.c.obj
 .text.create_chain
                0x1000c144      0x4fc CMakeFiles/Usar_SSD.dir/lib/FatFs_SPI/ff15/source/ff.c.obj
 .text.dir_alloc
                0x1000c640      0x214 CMakeFiles/Usar_SSD.dir/lib/FatFs_SPI/ff15/source/ff.c.obj
 .text.dir_register
                0x1000c854      0x950 CMakeFiles/Usar_SSD.dir/lib/FatFs_SPI/ff15/source/ff.c.obj
 .text.f_mount  0x1000d1a4      0x1c8 CMakeFiles/Usar_SSD.dir/lib/FatFs_SPI/ff15/source/ff.c.obj
                0x1000d1a4                f_mount
 .text.f_open   0x1000d36c      0x89c CMakeFiles/Usar_SSD.dir/lib/FatFs_SPI/ff15/source/ff.c.obj
                0x1000d36c                f_open
 .text.f_read   0x1000dc08      0x26c CMakeFiles/Usar_SSD.dir/lib/FatFs_SPI/ff15/source/ff.c.obj
                0x1000dc08                f_read
 .text.f_write  0x1000de74      0x2f4 CMakeFiles/Usar_SSD.dir/lib/FatFs_SPI/ff15/source/ff.c.obj
                0x1000de74                f_write
 .text.f_sync   0x1000e168      0x2b8 CMakeFiles/Usar_SSD.dir/lib/FatFs_SPI/ff15/source/ff.c.obj
                0x1000e168                f_sync
 .text.f_close  0x1000e420       0x78 CMakeFiles/Usar_SSD.dir/lib/FatFs_SPI/ff15/source/ff.c.obj
                0x1000e420                f_close
 .text.f_getcwd
                0x1000e498      0x36c CMakeFiles/Usar_SSD.dir/lib/FatFs_SPI/ff15/source/ff.c.obj
                0x1000e498                f_getcwd
 .text.f_closedir
                0x1000e804       0x70 CMakeFiles/Usar_SSD.dir/lib/FatFs_SPI/ff15/source/ff.c.obj
                0x1000e804                f_closedir
 .text.f_readdir
                0x1000e874       0x8c CMakeFiles/Usar_SSD.dir/lib/FatFs_SPI/ff15/source/ff.c.obj
                0x1000e874                f_readdir
 .text.f_findnext
                0x1000e900      0x2b4 CMakeFiles/Usar_SSD.dir/lib/FatFs_SPI/ff15/source/ff.c.obj
                0x1000e900                f_findnext
 .text.f_findfirst
                0x1000ebb4      0x118 CMakeFiles/Usar_SSD.dir/lib/FatFs_SPI/ff15/source/ff.c.obj
                0x1000ebb4                f_findfirst
 .text.f_getfree
                0x1000eccc      0x204 CMakeFiles/Usar_SSD.dir/lib/FatFs_SPI/ff15/source/ff.c.obj
                0x1000eccc                f_getfree
 .text.f_mkfs   0x1000eed0     0x1c90 CMakeFiles/Usar_SSD.dir/lib/FatFs_SPI/ff15/source/ff.c.obj
                0x1000eed0                f_mkfs
 .text.f_gets   0x10010b60      0x46c CMakeFiles/Usar_SSD.dir/lib/FatFs_SPI/ff15/source/ff.c.obj
                0x10010b60                f_gets
 .text.f_puts   0x10010fcc      0x218 CMakeFiles/Usar_SSD.dir/lib/FatFs_SPI/ff15/source/ff.c.obj
                0x10010fcc                f_puts
 .text.sd_spi_go_high_frequency
                0x100111e4       0x10 CMakeFiles/Usar_SSD.dir/lib/FatFs_SPI/sd_driver/sd_spi.c.obj
                0x100111e4                sd_spi_go_high_frequency
 .text.sd_spi_go_low_frequency
                0x100111f4       0x14 CMakeFiles/Usar_SSD.dir/lib/FatFs_SPI/sd_driver/sd_spi.c.obj
                0x100111f4                sd_spi_go_low_frequency
 .text.sd_spi_deselect_pulse
                0x10011208       0x44 CMakeFiles/Usar_SSD.dir/lib/FatFs_SPI/sd_driver/sd_spi.c.obj
                0x10011208                sd_spi_deselect_pulse
 .text.sd_spi_acquire
                0x1001124c       0x30 CMakeFiles/Usar_SSD.dir/lib/FatFs_SPI/sd_driver/sd_spi.c.obj
                0x1001124c                sd_spi_acquire
 .text.sd_spi_release
                0x1001127c       0x30 CMakeFiles/Usar_SSD.dir/lib/FatFs_SPI/sd_driver/sd_spi.c.obj
                0x1001127c                sd_spi_release
 .text.sd_spi_transfer
                0x100112ac        0xc CMakeFiles/Usar_SSD.dir/lib/FatFs_SPI/sd_driver/sd_spi.c.obj
                0x100112ac                sd_spi_transfer
 .text.sd_spi_write
                0x100112b8       0x24 CMakeFiles/Usar_SSD.dir/lib/FatFs_SPI/sd_driver/sd_spi.c.obj
                0x100112b8                sd_spi_write
 .text.sd_spi_send_initializing_sequence
                0x100112dc       0x78 CMakeFiles/Usar_SSD.dir/lib/FatFs_SPI/sd_driver/sd_spi.c.obj
                0x100112dc                sd_spi_send_initializing_sequence
 .text.spi_lock
                0x10011354        0xc CMakeFiles/Usar_SSD.dir/lib/FatFs_SPI/sd_driver/spi.c.obj
                0x10011354                spi_lock
 .text.spi_unlock
                0x10011360        0xc CMakeFiles/Usar_SSD.dir/lib/FatFs_SPI/sd_driver/spi.c.obj
                0x10011360                spi_unlock
 .text.my_spi_init
                0x1001136c      0x1b4 CMakeFiles/Usar_SSD.dir/lib/FatFs_SPI/sd_driver/spi.c.obj
                0x1001136c                my_spi_init
 .text.sd_test_com
                0x10011520      0x1b8 CMakeFiles/Usar_SSD.dir/lib/FatFs_SPI/sd_driver/sd_card.c.obj
 .text.sd_cmd   0x100116d8      0x348 CMakeFiles/Usar_SSD.dir/lib/FatFs_SPI/sd_driver/sd_card.c.obj
 .text.sd_sectors_nolock
                0x10011a20      0x178 CMakeFiles/Usar_SSD.dir/lib/FatFs_SPI/sd_driver/sd_card.c.obj
 .text.sd_read_blocks
                0x10011b98      0x190 CMakeFiles/Usar_SSD.dir/lib/FatFs_SPI/sd_driver/sd_card.c.obj
                0x10011b98                sd_read_blocks
 .text.sd_write_blocks
                0x10011d28      0x1fc CMakeFiles/Usar_SSD.dir/lib/FatFs_SPI/sd_driver/sd_card.c.obj
                0x10011d28                sd_write_blocks
 .text.sd_init  0x10011f24      0x210 CMakeFiles/Usar_SSD.dir/lib/FatFs_SPI/sd_driver/sd_card.c.obj
 .text.sd_card_detect
                0x10012134       0x44 CMakeFiles/Usar_SSD.dir/lib/FatFs_SPI/sd_driver/sd_card.c.obj
                0x10012134                sd_card_detect
 .text.sd_sectors
                0x10012178       0x30 CMakeFiles/Usar_SSD.dir/lib/FatFs_SPI/sd_driver/sd_card.c.obj
                0x10012178                sd_sectors
 .text.sd_init_driver
                0x100121a8      0x110 CMakeFiles/Usar_SSD.dir/lib/FatFs_SPI/sd_driver/sd_card.c.obj
                0x100121a8                sd_init_driver
 .text.crc7     0x100122b8       0x28 CMakeFiles/Usar_SSD.dir/lib/FatFs_SPI/sd_driver/crc.c.obj
                0x100122b8                crc7
 .text.crc16    0x100122e0       0x30 CMakeFiles/Usar_SSD.dir/lib/FatFs_SPI/sd_driver/crc.c.obj
                0x100122e0                crc16
 .text.disk_status
                0x10012310       0x18 CMakeFiles/Usar_SSD.dir/lib/FatFs_SPI/src/glue.c.obj
                0x10012310                disk_status
 .text.disk_initialize
                0x10012328       0x2c CMakeFiles/Usar_SSD.dir/lib/FatFs_SPI/src/glue.c.obj
                0x10012328                disk_initialize
 .text.disk_read
                0x10012354       0x74 CMakeFiles/Usar_SSD.dir/lib/FatFs_SPI/src/glue.c.obj
                0x10012354                disk_read
 .text.disk_write
                0x100123c8       0x74 CMakeFiles/Usar_SSD.dir/lib/FatFs_SPI/src/glue.c.obj
                0x100123c8                disk_write
 .text.disk_ioctl
                0x1001243c       0x3c CMakeFiles/Usar_SSD.dir/lib/FatFs_SPI/src/glue.c.obj
                0x1001243c                disk_ioctl
 .text.FRESULT_str
                0x10012478       0x18 CMakeFiles/Usar_SSD.dir/lib/FatFs_SPI/src/f_util.c.obj
                0x10012478                FRESULT_str
 .text.time_init
                0x10012490       0x54 CMakeFiles/Usar_SSD.dir/lib/FatFs_SPI/src/rtc.c.obj
                0x10012490                time_init
 .text.get_fattime
                0x100124e4       0x64 CMakeFiles/Usar_SSD.dir/lib/FatFs_SPI/src/rtc.c.obj
                0x100124e4                get_fattime
 .text.spi_init
                0x10012548      0x13c CMakeFiles/Usar_SSD.dir/C_/Users/Miller/.pico-sdk/sdk/2.1.1/src/rp2_common/hardware_spi/spi.c.obj
                0x10012548                spi_init
 .text.spi_set_baudrate
                0x10012684       0xb8 CMakeFiles/Usar_SSD.dir/C_/Users/Miller/.pico-sdk/sdk/2.1.1/src/rp2_common/hardware_spi/spi.c.obj
                0x10012684                spi_set_baudrate
 .text.dma_claim_unused_channel
                0x1001273c       0x24 CMakeFiles/Usar_SSD.dir/C_/Users/Miller/.pico-sdk/sdk/2.1.1/src/rp2_common/hardware_dma/dma.c.obj
                0x1001273c                dma_claim_unused_channel
 .text.rtc_init
                0x10012760       0x38 CMakeFiles/Usar_SSD.dir/C_/Users/Miller/.pico-sdk/sdk/2.1.1/src/rp2_common/hardware_rtc/rtc.c.obj
                0x10012760                rtc_init
 .text.rtc_set_datetime
                0x10012798       0xac CMakeFiles/Usar_SSD.dir/C_/Users/Miller/.pico-sdk/sdk/2.1.1/src/rp2_common/hardware_rtc/rtc.c.obj
                0x10012798                rtc_set_datetime
 .text.rtc_get_datetime
                0x10012844       0x44 CMakeFiles/Usar_SSD.dir/C_/Users/Miller/.pico-sdk/sdk/2.1.1/src/rp2_common/hardware_rtc/rtc.c.obj
                0x10012844                rtc_get_datetime
 .text.adc_init
                0x10012888       0x38 CMakeFiles/Usar_SSD.dir/C_/Users/Miller/.pico-sdk/sdk/2.1.1/src/rp2_common/hardware_adc/adc.c.obj
                0x10012888                adc_init
 .text.i2c_read_blocking_internal.constprop.0
                0x100128c0       0x98 CMakeFiles/Usar_SSD.dir/C_/Users/Miller/.pico-sdk/sdk/2.1.1/src/rp2_common/hardware_i2c/i2c.c.obj
 .text.i2c_write_blocking_internal.constprop.0
                0x10012958       0xf8 CMakeFiles/Usar_SSD.dir/C_/Users/Miller/.pico-sdk/sdk/2.1.1/src/rp2_common/hardware_i2c/i2c.c.obj
 .text.i2c_set_baudrate
                0x10012a50       0xc0 CMakeFiles/Usar_SSD.dir/C_/Users/Miller/.pico-sdk/sdk/2.1.1/src/rp2_common/hardware_i2c/i2c.c.obj
                0x10012a50                i2c_set_baudrate
 .text.i2c_init
                0x10012b10       0x50 CMakeFiles/Usar_SSD.dir/C_/Users/Miller/.pico-sdk/sdk/2.1.1/src/rp2_common/hardware_i2c/i2c.c.obj
                0x10012b10                i2c_init
 .text.i2c_write_blocking
                0x10012b60       0x14 CMakeFiles/Usar_SSD.dir/C_/Users/Miller/.pico-sdk/sdk/2.1.1/src/rp2_common/hardware_i2c/i2c.c.obj
                0x10012b60                i2c_write_blocking
 .text.i2c_read_blocking
                0x10012b74       0x14 CMakeFiles/Usar_SSD.dir/C_/Users/Miller/.pico-sdk/sdk/2.1.1/src/rp2_common/hardware_i2c/i2c.c.obj
                0x10012b74                i2c_read_blocking
 .text.atoi     0x10012b88        0xc C:/Users/Miller/.pico-sdk/toolchain/14_2_Rel1/bin/../lib/gcc/arm-none-eabi/14.2.1/thumb/v6-m/nofp\libg.a(libc_a-atoi.o)
                0x10012b88                atoi
 .text.calloc   0x10012b94       0x18 C:/Users/Miller/.pico-sdk/toolchain/14_2_Rel1/bin/../lib/gcc/arm-none-eabi/14.2.1/thumb/v6-m/nofp\libg.a(libc_a-calloc.o)
                0x10012b94                calloc
 .text._calloc_r
                0x10012bac       0xa8 C:/Users/Miller/.pico-sdk/toolchain/14_2_Rel1/bin/../lib/gcc/arm-none-eabi/14.2.1/thumb/v6-m/nofp\libg.a(libc_a-callocr.o)
                0x10012bac                _calloc_r
 .text.malloc   0x10012c54       0x14 C:/Users/Miller/.pico-sdk/toolchain/14_2_Rel1/bin/../lib/gcc/arm-none-eabi/14.2.1/thumb/v6-m/nofp\libg.a(libc_a-malloc.o)
                0x10012c54                malloc
 .text.free     0x10012c68       0x14 C:/Users/Miller/.pico-sdk/toolchain/14_2_Rel1/bin/../lib/gcc/arm-none-eabi/14.2.1/thumb/v6-m/nofp\libg.a(libc_a-malloc.o)
                0x10012c68                free
 .text._malloc_r
                0x10012c7c      0x5cc C:/Users/Miller/.pico-sdk/toolchain/14_2_Rel1/bin/../lib/gcc/arm-none-eabi/14.2.1/thumb/v6-m/nofp\libg.a(libc_a-mallocr.o)
                0x10012c7c                _malloc_r
 .text.__malloc_lock
                0x10013248       0x10 C:/Users/Miller/.pico-sdk/toolchain/14_2_Rel1/bin/../lib/gcc/arm-none-eabi/14.2.1/thumb/v6-m/nofp\libg.a(libc_a-mlock.o)
                0x10013248                __malloc_lock
 .text.__malloc_unlock
                0x10013258       0x10 C:/Users/Miller/.pico-sdk/toolchain/14_2_Rel1/bin/../lib/gcc/arm-none-eabi/14.2.1/thumb/v6-m/nofp\libg.a(libc_a-mlock.o)
                0x10013258                __malloc_unlock
 .text._strtol_l.isra.0
                0x10013268      0x158 C:/Users/Miller/.pico-sdk/toolchain/14_2_Rel1/bin/../lib/gcc/arm-none-eabi/14.2.1/thumb/v6-m/nofp\libg.a(libc_a-strtol.o)
 .text.strtol   0x100133c0       0x18 C:/Users/Miller/.pico-sdk/toolchain/14_2_Rel1/bin/../lib/gcc/arm-none-eabi/14.2.1/thumb/v6-m/nofp\libg.a(libc_a-strtol.o)
                0x100133c0                strtol
 .text.memcmp   0x100133d8       0x48 C:/Users/Miller/.pico-sdk/toolchain/14_2_Rel1/bin/../lib/gcc/arm-none-eabi/14.2.1/thumb/v6-m/nofp\libg.a(libc_a-memcmp.o)
                0x100133d8                memcmp
 .text.strchr   0x10013420       0xc4 C:/Users/Miller/.pico-sdk/toolchain/14_2_Rel1/bin/../lib/gcc/arm-none-eabi/14.2.1/thumb/v6-m/nofp\libg.a(libc_a-strchr.o)
                0x10013420                strchr
 .text.strnlen  0x100134e4       0x20 C:/Users/Miller/.pico-sdk/toolchain/14_2_Rel1/bin/../lib/gcc/arm-none-eabi/14.2.1/thumb/v6-m/nofp\libg.a(libc_a-strnlen.o)
                0x100134e4                strnlen
 .text.strtok   0x10013504       0x14 C:/Users/Miller/.pico-sdk/toolchain/14_2_Rel1/bin/../lib/gcc/arm-none-eabi/14.2.1/thumb/v6-m/nofp\libg.a(libc_a-strtok.o)
                0x10013504                strtok
 .text.__strtok_r
                0x10013518       0x64 C:/Users/Miller/.pico-sdk/toolchain/14_2_Rel1/bin/../lib/gcc/arm-none-eabi/14.2.1/thumb/v6-m/nofp\libg.a(libc_a-strtok_r.o)
                0x10013518                __strtok_r
 .text._sbrk_r  0x1001357c       0x24 C:/Users/Miller/.pico-sdk/toolchain/14_2_Rel1/bin/../lib/gcc/arm-none-eabi/14.2.1/thumb/v6-m/nofp\libg.a(libc_a-sbrkr.o)
                0x1001357c                _sbrk_r
 .text.__errno  0x100135a0        0xc C:/Users/Miller/.pico-sdk/toolchain/14_2_Rel1/bin/../lib/gcc/arm-none-eabi/14.2.1/thumb/v6-m/nofp\libg.a(libc_a-errno.o)
                0x100135a0                __errno
 .text.__retarget_lock_acquire_recursive
                0x100135ac        0x4 C:/Users/Miller/.pico-sdk/toolchain/14_2_Rel1/bin/../lib/gcc/arm-none-eabi/14.2.1/thumb/v6-m/nofp\libg.a(libc_a-lock.o)
                0x100135ac                __retarget_lock_acquire_recursive
 .text.__retarget_lock_release_recursive
                0x100135b0        0x4 C:/Users/Miller/.pico-sdk/toolchain/14_2_Rel1/bin/../lib/gcc/arm-none-eabi/14.2.1/thumb/v6-m/nofp\libg.a(libc_a-lock.o)
                0x100135b0                __retarget_lock_release_recursive
 .text.sysconf  0x100135b4       0x1c C:/Users/Miller/.pico-sdk/toolchain/14_2_Rel1/bin/../lib/gcc/arm-none-eabi/14.2.1/thumb/v6-m/nofp\libg.a(libc_a-sysconf.o)
                0x100135b4                sysconf
 .text          0x100135d0       0x88 C:/Users/Miller/.pico-sdk/toolchain/14_2_Rel1/bin/../lib/gcc/arm-none-eabi/14.2.1/thumb/v6-m/nofp\libg.a(libc_a-strcmp.o)
                0x100135d0                strcmp
 .text.strlen   0x10013658       0x5c C:/Users/Miller/.pico-sdk/toolchain/14_2_Rel1/bin/../lib/gcc/arm-none-eabi/14.2.1/thumb/v6-m/nofp\libg.a(libc_a-strlen-stub.o)
                0x10013658                strlen
 .text._malloc_trim_r
                0x100136b4       0xb4 C:/Users/Miller/.pico-sdk/toolchain/14_2_Rel1/bin/../lib/gcc/arm-none-eabi/14.2.1/thumb/v6-m/nofp\libg.a(libc_a-freer.o)
                0x100136b4                _malloc_trim_r
 .text._free_r  0x10013768      0x1f0 C:/Users/Miller/.pico-sdk/toolchain/14_2_Rel1/bin/../lib/gcc/arm-none-eabi/14.2.1/thumb/v6-m/nofp\libg.a(libc_a-freer.o)
                0x10013768                _free_r
 *(.fini)
 .fini          0x10013958        0x4 C:/Users/Miller/.pico-sdk/toolchain/14_2_Rel1/bin/../lib/gcc/arm-none-eabi/14.2.1/thumb/v6-m/nofp/crti.o
                0x10013958                _fini
 *fill*         0x1001395c        0x4 
 .fini.__stub   0x10013960       0xf0 linker stubs
 *crtbegin.o(.ctors)
 *crtbegin?.o(.ctors)
 *(EXCLUDE_FILE(*crtend.o *crtend?.o) .ctors)
 *(SORT_BY_NAME(.ctors.*))
 *(.ctors)
 *crtbegin.o(.dtors)
 *crtbegin?.o(.dtors)
 *(EXCLUDE_FILE(*crtend.o *crtend?.o) .dtors)
 *(SORT_BY_NAME(.dtors.*))
 *(.dtors)
                0x10013a50                        . = ALIGN (0x4)
                0x10013a50                        PROVIDE (__preinit_array_start = .)
 *(SORT_BY_NAME(.preinit_array.*))
 .preinit_array.00100
                0x10013a50        0x4 CMakeFiles/Usar_SSD.dir/C_/Users/Miller/.pico-sdk/sdk/2.1.1/src/rp2_common/pico_runtime_init/runtime_init.c.obj
                0x10013a50                __pre_init_runtime_init_early_resets
 .preinit_array.00101
                0x10013a54        0x4 CMakeFiles/Usar_SSD.dir/C_/Users/Miller/.pico-sdk/sdk/2.1.1/src/rp2_common/pico_runtime_init/runtime_init.c.obj
                0x10013a54                __pre_init_runtime_init_usb_power_down
 .preinit_array.00275
                0x10013a58        0x4 CMakeFiles/Usar_SSD.dir/C_/Users/Miller/.pico-sdk/sdk/2.1.1/src/rp2_common/pico_bit_ops/bit_ops_aeabi.S.obj
 .preinit_array.00300
                0x10013a5c        0x4 CMakeFiles/Usar_SSD.dir/C_/Users/Miller/.pico-sdk/sdk/2.1.1/src/rp2_common/pico_mem_ops/mem_ops_aeabi.S.obj
 .preinit_array.00350
                0x10013a60        0x4 CMakeFiles/Usar_SSD.dir/C_/Users/Miller/.pico-sdk/sdk/2.1.1/src/rp2_common/pico_double/double_aeabi_rp2040.S.obj
 .preinit_array.00350
                0x10013a64        0x4 CMakeFiles/Usar_SSD.dir/C_/Users/Miller/.pico-sdk/sdk/2.1.1/src/rp2_common/pico_float/float_aeabi_rp2040.S.obj
 .preinit_array.00500
                0x10013a68        0x4 CMakeFiles/Usar_SSD.dir/C_/Users/Miller/.pico-sdk/sdk/2.1.1/src/rp2_common/pico_runtime_init/runtime_init.c.obj
                0x10013a68                __pre_init_runtime_init_clocks
 .preinit_array.00600
                0x10013a6c        0x4 CMakeFiles/Usar_SSD.dir/C_/Users/Miller/.pico-sdk/sdk/2.1.1/src/rp2_common/pico_runtime_init/runtime_init.c.obj
                0x10013a6c                __pre_init_runtime_init_post_clock_resets
 .preinit_array.00700
                0x10013a70        0x4 CMakeFiles/Usar_SSD.dir/C_/Users/Miller/.pico-sdk/sdk/2.1.1/src/rp2_common/pico_runtime_init/runtime_init.c.obj
                0x10013a70                __pre_init_runtime_init_rp2040_gpio_ie_disable
 .preinit_array.01000
                0x10013a74        0x4 CMakeFiles/Usar_SSD.dir/C_/Users/Miller/.pico-sdk/sdk/2.1.1/src/rp2_common/pico_runtime_init/runtime_init.c.obj
                0x10013a74                __pre_init_runtime_init_spin_locks_reset
 .preinit_array.01100
                0x10013a78        0x4 CMakeFiles/Usar_SSD.dir/C_/Users/Miller/.pico-sdk/sdk/2.1.1/src/common/pico_sync/mutex.c.obj
                0x10013a78                __pre_init_runtime_init_mutex
 .preinit_array.10080
                0x10013a7c        0x4 CMakeFiles/Usar_SSD.dir/C_/Users/Miller/.pico-sdk/sdk/2.1.1/src/rp2_common/pico_runtime_init/runtime_init.c.obj
                0x10013a7c                __pre_init_runtime_init_install_ram_vector_table
 .preinit_array.11000
                0x10013a80        0x4 CMakeFiles/Usar_SSD.dir/C_/Users/Miller/.pico-sdk/sdk/2.1.1/src/common/pico_time/time.c.obj
                0x10013a80                __pre_init_runtime_init_default_alarm_pool
 .preinit_array.YYYYY
                0x10013a84        0x4 CMakeFiles/Usar_SSD.dir/C_/Users/Miller/.pico-sdk/sdk/2.1.1/src/rp2_common/pico_runtime/runtime.c.obj
                0x10013a84                __pre_init_first_per_core_initializer
 .preinit_array.ZZZZZ.01200
                0x10013a88        0x4 CMakeFiles/Usar_SSD.dir/C_/Users/Miller/.pico-sdk/sdk/2.1.1/src/rp2_common/hardware_irq/irq.c.obj
                0x10013a88                __pre_init_runtime_init_per_core_irq_priorities
 *(.preinit_array)
                0x10013a8c                        PROVIDE (__preinit_array_end = .)
                0x10013a8c                        . = ALIGN (0x4)
                0x10013a8c                        PROVIDE (__init_array_start = .)
 *(SORT_BY_NAME(.init_array.*))
 *(.init_array)
 .init_array    0x10013a8c        0x4 C:/Users/Miller/.pico-sdk/toolchain/14_2_Rel1/bin/../lib/gcc/arm-none-eabi/14.2.1/thumb/v6-m/nofp/crtbegin.o
 .init_array    0x10013a90        0x4 CMakeFiles/Usar_SSD.dir/C_/Users/Miller/.pico-sdk/sdk/2.1.1/src/rp2_common/pico_unique_id/unique_id.c.obj
                0x10013a94                        PROVIDE (__init_array_end = .)
                0x10013a94                        . = ALIGN (0x4)
                [!provide]                        PROVIDE (__fini_array_start = .)
 *(SORT_BY_NAME(.fini_array.*))
 *(.fini_array)
                [!provide]                        PROVIDE (__fini_array_end = .)
 *(.eh_frame*)
 .eh_frame      0x10013a94        0x0 C:/Users/Miller/.pico-sdk/toolchain/14_2_Rel1/bin/../lib/gcc/arm-none-eabi/14.2.1/thumb/v6-m/nofp/crtbegin.o
                0x10013a94                        . = ALIGN (0x4)

.glue_7         0x10013a94        0x0
 .glue_7        0x10013a94        0x0 linker stubs

.glue_7t        0x10013a94        0x0
 .glue_7t       0x10013a94        0x0 linker stubs

.vfp11_veneer   0x10013a94        0x0
 .vfp11_veneer  0x10013a94        0x0 linker stubs

.v4_bx          0x10013a94        0x0
 .v4_bx         0x10013a94        0x0 linker stubs

.iplt           0x10013a94        0x0
 .iplt          0x10013a94        0x0 C:/Users/Miller/.pico-sdk/toolchain/14_2_Rel1/bin/../lib/gcc/arm-none-eabi/14.2.1/thumb/v6-m/nofp/crtbegin.o

.rodata         0x10013a98     0x1e44
 *(EXCLUDE_FILE(*libm.a: *libc.a:*lib_a-mem*.o *libgcc.a:) .rodata*)
 .rodata.run_help.str1.4
                0x10013a98     0x1002 CMakeFiles/Usar_SSD.dir/Cartao_FatFS_SPI.c.obj
                                0x1da (size before relaxing)
 .rodata.run_cat.str1.4
                0x10014a9a       0x33 CMakeFiles/Usar_SSD.dir/Cartao_FatFS_SPI.c.obj
 .rodata.run_unmount.str1.4
                0x10014a9a       0x56 CMakeFiles/Usar_SSD.dir/Cartao_FatFS_SPI.c.obj
 .rodata.run_ls.str1.4
                0x10014a9a       0x95 CMakeFiles/Usar_SSD.dir/Cartao_FatFS_SPI.c.obj
 .rodata.run_format.str1.4
                0x10014a9a       0x17 CMakeFiles/Usar_SSD.dir/Cartao_FatFS_SPI.c.obj
 .rodata.run_getfree.str1.4
                0x10014a9a       0x4f CMakeFiles/Usar_SSD.dir/Cartao_FatFS_SPI.c.obj
 .rodata.run_mount.str1.4
                0x10014a9a       0x46 CMakeFiles/Usar_SSD.dir/Cartao_FatFS_SPI.c.obj
 .rodata.capture_adc_data_and_save.str1.4
                0x10014a9a       0xee CMakeFiles/Usar_SSD.dir/Cartao_FatFS_SPI.c.obj
 .rodata.read_file.str1.4
                0x10014a9a       0xb9 CMakeFiles/Usar_SSD.dir/Cartao_FatFS_SPI.c.obj
 .rodata.log_mpu_data.str1.4
                0x10014a9a      0x12e CMakeFiles/Usar_SSD.dir/Cartao_FatFS_SPI.c.obj
 .rodata.setup.str1.4
                0x10014a9a       0x2a CMakeFiles/Usar_SSD.dir/Cartao_FatFS_SPI.c.obj
 .rodata.main.str1.4
                0x10014a9a      0x1b3 CMakeFiles/Usar_SSD.dir/Cartao_FatFS_SPI.c.obj
 *fill*         0x10014a9a        0x2 
 .rodata.__bi_608.2
                0x10014a9c        0x8 CMakeFiles/Usar_SSD.dir/Cartao_FatFS_SPI.c.obj
 .rodata.str1.4
                0x10014aa4      0x147 CMakeFiles/Usar_SSD.dir/Cartao_FatFS_SPI.c.obj
 .rodata.cmds   0x10014aa4       0x60 CMakeFiles/Usar_SSD.dir/Cartao_FatFS_SPI.c.obj
 .rodata.str1.4
                0x10014b04        0x3 CMakeFiles/Usar_SSD.dir/hw_config.c.obj
 .rodata.tela_inicial.str1.4
                0x10014b04       0x28 CMakeFiles/Usar_SSD.dir/libs/ssd1306.c.obj
 .rodata.op_concluida.str1.4
                0x10014b04       0x17 CMakeFiles/Usar_SSD.dir/libs/ssd1306.c.obj
 .rodata.montagem_sd.str1.4
                0x10014b04       0x16 CMakeFiles/Usar_SSD.dir/libs/ssd1306.c.obj
 .rodata.atualizar_display_status.str1.4
                0x10014b04        0x1 CMakeFiles/Usar_SSD.dir/libs/ssd1306.c.obj
 .rodata.str1.4
                0x10014b04       0xaa CMakeFiles/Usar_SSD.dir/libs/ssd1306.c.obj
 .rodata.CSWTCH.25
                0x10014b04       0x2c CMakeFiles/Usar_SSD.dir/libs/ssd1306.c.obj
 .rodata.panic.str1.4
                0x10014b30       0x12 CMakeFiles/Usar_SSD.dir/C_/Users/Miller/.pico-sdk/sdk/2.1.1/src/rp2_common/pico_platform_panic/panic.c.obj
 .rodata.spin_lock_claim_unused.str1.4
                0x10014b30       0x1b CMakeFiles/Usar_SSD.dir/C_/Users/Miller/.pico-sdk/sdk/2.1.1/src/rp2_common/hardware_sync/sync.c.obj
 .rodata.user_irq_claim_unused.str1.4
                0x10014b30       0x1b CMakeFiles/Usar_SSD.dir/C_/Users/Miller/.pico-sdk/sdk/2.1.1/src/rp2_common/hardware_irq/irq.c.obj
 .rodata.timer_hardware_alarm_claim.str1.4
                0x10014b30       0x22 CMakeFiles/Usar_SSD.dir/C_/Users/Miller/.pico-sdk/sdk/2.1.1/src/rp2_common/hardware_timer/timer.c.obj
 .rodata.hard_assertion_failure.str1.4
                0x10014b30        0xc CMakeFiles/Usar_SSD.dir/C_/Users/Miller/.pico-sdk/sdk/2.1.1/src/rp2_common/pico_runtime/runtime.c.obj
 .rodata.missing_double_func_shim.str1.4
                0x10014b30       0x18 CMakeFiles/Usar_SSD.dir/C_/Users/Miller/.pico-sdk/sdk/2.1.1/src/rp2_common/pico_double/double_init_rom_rp2040.c.obj
 .rodata.missing_float_func_shim.str1.4
                0x10014b30        0x1 CMakeFiles/Usar_SSD.dir/C_/Users/Miller/.pico-sdk/sdk/2.1.1/src/rp2_common/pico_float/float_init_rom_rp2040.c.obj
 .rodata.__wrap_malloc.str1.4
                0x10014b30        0xe CMakeFiles/Usar_SSD.dir/C_/Users/Miller/.pico-sdk/sdk/2.1.1/src/rp2_common/pico_malloc/malloc.c.obj
 .rodata.str1.4
                0x10014b30       0x40 CMakeFiles/Usar_SSD.dir/C_/Users/Miller/.pico-sdk/sdk/2.1.1/src/rp2_common/pico_standard_binary_info/standard_binary_info.c.obj
 .rodata.__bi_84
                0x10014b30        0xc CMakeFiles/Usar_SSD.dir/C_/Users/Miller/.pico-sdk/sdk/2.1.1/src/rp2_common/pico_standard_binary_info/standard_binary_info.c.obj
 .rodata.__bi_78
                0x10014b3c        0xc CMakeFiles/Usar_SSD.dir/C_/Users/Miller/.pico-sdk/sdk/2.1.1/src/rp2_common/pico_standard_binary_info/standard_binary_info.c.obj
 .rodata.__bi_54
                0x10014b48        0xc CMakeFiles/Usar_SSD.dir/C_/Users/Miller/.pico-sdk/sdk/2.1.1/src/rp2_common/pico_standard_binary_info/standard_binary_info.c.obj
 .rodata.__bi_48
                0x10014b54        0xc CMakeFiles/Usar_SSD.dir/C_/Users/Miller/.pico-sdk/sdk/2.1.1/src/rp2_common/pico_standard_binary_info/standard_binary_info.c.obj
 .rodata.__bi_42
                0x10014b60        0xc CMakeFiles/Usar_SSD.dir/C_/Users/Miller/.pico-sdk/sdk/2.1.1/src/rp2_common/pico_standard_binary_info/standard_binary_info.c.obj
 .rodata.__bi_34
                0x10014b6c        0xc CMakeFiles/Usar_SSD.dir/C_/Users/Miller/.pico-sdk/sdk/2.1.1/src/rp2_common/pico_standard_binary_info/standard_binary_info.c.obj
 .rodata.__bi_26
                0x10014b78        0xc CMakeFiles/Usar_SSD.dir/C_/Users/Miller/.pico-sdk/sdk/2.1.1/src/rp2_common/pico_standard_binary_info/standard_binary_info.c.obj
 .rodata._ftoa.str1.4
                0x10014b84       0x15 CMakeFiles/Usar_SSD.dir/C_/Users/Miller/.pico-sdk/sdk/2.1.1/src/rp2_common/pico_printf/printf.c.obj
 .rodata._vsnprintf
                0x10014b84      0x19c CMakeFiles/Usar_SSD.dir/C_/Users/Miller/.pico-sdk/sdk/2.1.1/src/rp2_common/pico_printf/printf.c.obj
 .rodata.pow10.0
                0x10014d20       0x50 CMakeFiles/Usar_SSD.dir/C_/Users/Miller/.pico-sdk/sdk/2.1.1/src/rp2_common/pico_printf/printf.c.obj
 .rodata.crlf_str.0
                0x10014d70        0x2 CMakeFiles/Usar_SSD.dir/C_/Users/Miller/.pico-sdk/sdk/2.1.1/src/rp2_common/pico_stdio/stdio.c.obj
 *fill*         0x10014d72        0x2 
 .rodata._resetd_driver
                0x10014d74       0x20 CMakeFiles/Usar_SSD.dir/C_/Users/Miller/.pico-sdk/sdk/2.1.1/src/rp2_common/pico_stdio_usb/reset_interface.c.obj
 .rodata.desc_ms_os_20
                0x10014d94       0xa6 CMakeFiles/Usar_SSD.dir/C_/Users/Miller/.pico-sdk/sdk/2.1.1/src/rp2_common/pico_stdio_usb/reset_interface.c.obj
 *fill*         0x10014e3a        0x2 
 .rodata.desc_bos
                0x10014e3c       0x21 CMakeFiles/Usar_SSD.dir/C_/Users/Miller/.pico-sdk/sdk/2.1.1/src/rp2_common/pico_stdio_usb/reset_interface.c.obj
                0x10014e3c                desc_bos
 .rodata.str1.4
                0x10014e5d       0x13 CMakeFiles/Usar_SSD.dir/C_/Users/Miller/.pico-sdk/sdk/2.1.1/src/rp2_common/pico_stdio_usb/stdio_usb.c.obj
 *fill*         0x10014e5d        0x3 
 .rodata.__bi_197.0
                0x10014e60        0xc CMakeFiles/Usar_SSD.dir/C_/Users/Miller/.pico-sdk/sdk/2.1.1/src/rp2_common/pico_stdio_usb/stdio_usb.c.obj
 .rodata.str1.4
                0x10014e6c       0x2a CMakeFiles/Usar_SSD.dir/C_/Users/Miller/.pico-sdk/sdk/2.1.1/src/rp2_common/pico_stdio_usb/stdio_usb_descriptors.c.obj
 .rodata.usbd_desc_str
                0x10014e6c       0x18 CMakeFiles/Usar_SSD.dir/C_/Users/Miller/.pico-sdk/sdk/2.1.1/src/rp2_common/pico_stdio_usb/stdio_usb_descriptors.c.obj
 .rodata.usbd_desc_cfg
                0x10014e84       0x54 CMakeFiles/Usar_SSD.dir/C_/Users/Miller/.pico-sdk/sdk/2.1.1/src/rp2_common/pico_stdio_usb/stdio_usb_descriptors.c.obj
 .rodata.usbd_desc_device
                0x10014ed8       0x12 CMakeFiles/Usar_SSD.dir/C_/Users/Miller/.pico-sdk/sdk/2.1.1/src/rp2_common/pico_stdio_usb/stdio_usb_descriptors.c.obj
 .rodata.str1.4
                0x10014eea       0x14 CMakeFiles/Usar_SSD.dir/C_/Users/Miller/.pico-sdk/sdk/2.1.1/lib/tinyusb/src/portable/raspberrypi/rp2040/dcd_rp2040.c.obj
 .rodata.str1.4
                0x10014eea       0x48 CMakeFiles/Usar_SSD.dir/C_/Users/Miller/.pico-sdk/sdk/2.1.1/lib/tinyusb/src/portable/raspberrypi/rp2040/rp2040_usb.c.obj
 *fill*         0x10014eea        0x2 
 .rodata.tud_task_ext
                0x10014eec       0x8c CMakeFiles/Usar_SSD.dir/C_/Users/Miller/.pico-sdk/sdk/2.1.1/lib/tinyusb/src/device/usbd.c.obj
 .rodata        0x10014f78       0x1c CMakeFiles/Usar_SSD.dir/C_/Users/Miller/.pico-sdk/sdk/2.1.1/lib/tinyusb/src/device/usbd.c.obj
 .rodata._usbd_driver
                0x10014f94       0x40 CMakeFiles/Usar_SSD.dir/C_/Users/Miller/.pico-sdk/sdk/2.1.1/lib/tinyusb/src/device/usbd.c.obj
 .rodata.ff_wtoupper
                0x10014fd4       0x24 CMakeFiles/Usar_SSD.dir/lib/FatFs_SPI/ff15/source/ffunicode.c.obj
 .rodata.cvt2.0
                0x10014ff8       0xbc CMakeFiles/Usar_SSD.dir/lib/FatFs_SPI/ff15/source/ffunicode.c.obj
 .rodata.cvt1.1
                0x100150b4      0x1f2 CMakeFiles/Usar_SSD.dir/lib/FatFs_SPI/ff15/source/ffunicode.c.obj
 *fill*         0x100152a6        0x2 
 .rodata.uc437  0x100152a8      0x100 CMakeFiles/Usar_SSD.dir/lib/FatFs_SPI/ff15/source/ffunicode.c.obj
 .rodata.check_fs.str1.4
                0x100153a8       0x15 CMakeFiles/Usar_SSD.dir/lib/FatFs_SPI/ff15/source/ff.c.obj
 .rodata.follow_path.str1.4
                0x100153a8       0x13 CMakeFiles/Usar_SSD.dir/lib/FatFs_SPI/ff15/source/ff.c.obj
 .rodata.f_mkfs.str1.4
                0x100153a8       0x45 CMakeFiles/Usar_SSD.dir/lib/FatFs_SPI/ff15/source/ff.c.obj
 .rodata.defopt.3