Archive member included to satisfy reference by file (symbol)

C:/Users/Miller/.pico-sdk/toolchain/14_2_Rel1/bin/../lib/gcc/arm-none-eabi/14.2.1/thumb/v6-m/nofp\libgcc.a(_dvmd_tls.o)
                              CMakeFiles/Usar_SSD.dir/C_/Users/Miller/.pico-sdk/sdk/2.1.1/src/rp2_common/pico_divider/divider_hardware.S.obj (__aeabi_idiv0)
C:/Users/Miller/.pico-sdk/toolchain/14_2_Rel1/bin/../lib/gcc/arm-none-eabi/14.2.1/thumb/v6-m/nofp\libg.a(libc_a-atoi.o)
                              CMakeFiles/Usar_SSD.dir/Cartao_FatFS_SPI.c.obj (atoi)
C:/Users/Miller/.pico-sdk/toolchain/14_2_Rel1/bin/../lib/gcc/arm-none-eabi/14.2.1/thumb/v6-m/nofp\libg.a(libc_a-calloc.o)
                              CMakeFiles/Usar_SSD.dir/C_/Users/Miller/.pico-sdk/sdk/2.1.1/src/rp2_common/pico_malloc/malloc.c.obj (calloc)
C:/Users/Miller/.pico-sdk/toolchain/14_2_Rel1/bin/../lib/gcc/arm-none-eabi/14.2.1/thumb/v6-m/nofp\libg.a(libc_a-callocr.o)
                              C:/Users/Miller/.pico-sdk/toolchain/14_2_Rel1/bin/../lib/gcc/arm-none-eabi/14.2.1/thumb/v6-m/nofp\libg.a(libc_a-calloc.o) (_calloc_r)
C:/Users/Miller/.pico-sdk/toolchain/14_2_Rel1/bin/../lib/gcc/arm-none-eabi/14.2.1/thumb/v6-m/nofp\libg.a(libc_a-malloc.o)
                              CMakeFiles/Usar_SSD.dir/C_/Users/Miller/.pico-sdk/sdk/2.1.1/src/rp2_common/pico_malloc/malloc.c.obj (malloc)
C:/Users/Miller/.pico-sdk/toolchain/14_2_Rel1/bin/../lib/gcc/arm-none-eabi/14.2.1/thumb/v6-m/nofp\libg.a(libc_a-mallocr.o)
                              C:/Users/Miller/.pico-sdk/toolchain/14_2_Rel1/bin/../lib/gcc/arm-none-eabi/14.2.1/thumb/v6-m/nofp\libg.a(libc_a-callocr.o) (_malloc_r)
C:/Users/Miller/.pico-sdk/toolchain/14_2_Rel1/bin/../lib/gcc/arm-none-eabi/14.2.1/thumb/v6-m/nofp\libg.a(libc_a-mlock.o)
                              C:/Users/Miller/.pico-sdk/toolchain/14_2_Rel1/bin/../lib/gcc/arm-none-eabi/14.2.1/thumb/v6-m/nofp\libg.a(libc_a-mallocr.o) (__malloc_lock)
C:/Users/Miller/.pico-sdk/toolchain/14_2_Rel1/bin/../lib/gcc/arm-none-eabi/14.2.1/thumb/v6-m/nofp\libg.a(libc_a-realloc.o)
                              CMakeFiles/Usar_SSD.dir/C_/Users/Miller/.pico-sdk/sdk/2.1.1/src/rp2_common/pico_malloc/malloc.c.obj (realloc)
C:/Users/Miller/.pico-sdk/toolchain/14_2_Rel1/bin/../lib/gcc/arm-none-eabi/14.2.1/thumb/v6-m/nofp\libg.a(libc_a-reallocr.o)
                              C:/Users/Miller/.pico-sdk/toolchain/14_2_Rel1/bin/../lib/gcc/arm-none-eabi/14.2.1/thumb/v6-m/nofp\libg.a(libc_a-realloc.o) (_realloc_r)
C:/Users/Miller/.pico-sdk/toolchain/14_2_Rel1/bin/../lib/gcc/arm-none-eabi/14.2.1/thumb/v6-m/nofp\libg.a(libc_a-strtol.o)
                              C:/Users/Miller/.pico-sdk/toolchain/14_2_Rel1/bin/../lib/gcc/arm-none-eabi/14.2.1/thumb/v6-m/nofp\libg.a(libc_a-atoi.o) (_strtol_r)
C:/Users/Miller/.pico-sdk/toolchain/14_2_Rel1/bin/../lib/gcc/arm-none-eabi/14.2.1/thumb/v6-m/nofp\libg.a(libc_a-ctype_.o)
                              CMakeFiles/Usar_SSD.dir/Cartao_FatFS_SPI.c.obj (_ctype_)
C:/Users/Miller/.pico-sdk/toolchain/14_2_Rel1/bin/../lib/gcc/arm-none-eabi/14.2.1/thumb/v6-m/nofp\libg.a(libc_a-fflush.o)
                              CMakeFiles/Usar_SSD.dir/lib/FatFs_SPI/sd_driver/demo_logging.c.obj (fflush)
C:/Users/Miller/.pico-sdk/toolchain/14_2_Rel1/bin/../lib/gcc/arm-none-eabi/14.2.1/thumb/v6-m/nofp\libg.a(libc_a-findfp.o)
                              C:/Users/Miller/.pico-sdk/toolchain/14_2_Rel1/bin/../lib/gcc/arm-none-eabi/14.2.1/thumb/v6-m/nofp\libg.a(libc_a-fflush.o) (__sglue)
C:/Users/Miller/.pico-sdk/toolchain/14_2_Rel1/bin/../lib/gcc/arm-none-eabi/14.2.1/thumb/v6-m/nofp\libg.a(libc_a-fwalk.o)
                              C:/Users/Miller/.pico-sdk/toolchain/14_2_Rel1/bin/../lib/gcc/arm-none-eabi/14.2.1/thumb/v6-m/nofp\libg.a(libc_a-fflush.o) (_fwalk_sglue)
C:/Users/Miller/.pico-sdk/toolchain/14_2_Rel1/bin/../lib/gcc/arm-none-eabi/14.2.1/thumb/v6-m/nofp\libg.a(libc_a-stdio.o)
                              C:/Users/Miller/.pico-sdk/toolchain/14_2_Rel1/bin/../lib/gcc/arm-none-eabi/14.2.1/thumb/v6-m/nofp\libg.a(libc_a-findfp.o) (__sread)
C:/Users/Miller/.pico-sdk/toolchain/14_2_Rel1/bin/../lib/gcc/arm-none-eabi/14.2.1/thumb/v6-m/nofp\libg.a(libc_a-memcmp.o)
                              CMakeFiles/Usar_SSD.dir/C_/Users/Miller/.pico-sdk/sdk/2.1.1/src/rp2_common/pico_atomic/atomic.c.obj (memcmp)
C:/Users/Miller/.pico-sdk/toolchain/14_2_Rel1/bin/../lib/gcc/arm-none-eabi/14.2.1/thumb/v6-m/nofp\libg.a(libc_a-memmove.o)
                              C:/Users/Miller/.pico-sdk/toolchain/14_2_Rel1/bin/../lib/gcc/arm-none-eabi/14.2.1/thumb/v6-m/nofp\libg.a(libc_a-reallocr.o) (memmove)
C:/Users/Miller/.pico-sdk/toolchain/14_2_Rel1/bin/../lib/gcc/arm-none-eabi/14.2.1/thumb/v6-m/nofp\libg.a(libc_a-strchr.o)
                              CMakeFiles/Usar_SSD.dir/lib/FatFs_SPI/ff15/source/ff.c.obj (strchr)
C:/Users/Miller/.pico-sdk/toolchain/14_2_Rel1/bin/../lib/gcc/arm-none-eabi/14.2.1/thumb/v6-m/nofp\libg.a(libc_a-strncpy.o)
[...]
Memory Configuration

Name             Origin             Length             Attributes
FLASH            0x10000000         0x00200000         xr
RAM              0x20000000         0x00040000         xrw
SCRATCH_X        0x20040000         0x00001000         xrw
SCRATCH_Y        0x20041000         0x00001000         xrw
*default*        0x00000000         0xffffffff

Linker script and memory map

LOAD C:/Users/Miller/.pico-sdk/toolchain/14_2_Rel1/bin/../lib/gcc/arm-none-eabi/14.2.1/thumb/v6-m/nofp/crti.o
LOAD C:/Users/Miller/.pico-sdk/toolchain/14_2_Rel1/bin/../lib/gcc/arm-none-eabi/14.2.1/thumb/v6-m/nofp/crtbegin.o
LOAD C:/Users/Miller/.pico-sdk/toolchain/14_2_Rel1/bin/../lib/gcc/arm-none-eabi/14.2.1/thumb/v6-m/nofp/crt0.o

.flash_begin    0x10000000        0x0
                0x10000000                        __flash_binary_start = .

.boot2          0x10000000      0x100
                0x10000000                        __boot2_start__ = .
 *(.boot2)
 .boot2         0x10000000      0x100 pico-sdk/src/rp2040/boot_stage2/CMakeFiles/bs2_default_library.dir/./bs2_default_padded_checksummed.S.obj
                0x10000100                        __boot2_end__ = .
                0x00000001                        ASSERT (((__boot2_end__ - __boot2_start__) == 0x100), ERROR: Pico second stage bootloader must be 256 bytes in size)

.text           0x10000100    0x12a04
                0x10000100                        __logical_binary_start = .
 *(.vectors)
 .vectors       0x10000100       0xd4 CMakeFiles/Usar_SSD.dir/C_/Users/Miller/.pico-sdk/sdk/2.1.1/src/rp2_common/pico_crt0/crt0.S.obj
                0x10000100                __VECTOR_TABLE
                0x10000100                __vectors
                0x100001c0                isr_invalid
                0x100001c0                __default_isrs_start
                0x100001c2                isr_nmi
                0x100001c4                isr_hardfault
                0x100001c6                isr_svcall
                0x100001c8                isr_pendsv
                0x100001ca                isr_systick
                0x100001cc                isr_irq23
                0x100001cc                isr_irq18
                0x100001cc                isr_irq11
                0x100001cc                isr_irq28
                0x100001cc                isr_irq19
                0x100001cc                isr_irq0
                0x100001cc                isr_irq6
                0x100001cc                isr_irq5
                0x100001cc                isr_irq12
                0x100001cc                isr_irq22
                0x100001cc                isr_irq31
                0x100001cc                isr_irq17
                0x100001cc                isr_irq27
                0x100001cc                isr_irq30
                0x100001cc                isr_irq2
                0x100001cc                isr_irq10
                0x100001cc                isr_irq8
                0x100001cc                isr_irq24
                0x100001cc                isr_irq1
                0x100001cc                isr_irq7
                0x100001cc                isr_irq21
                0x100001cc                isr_irq20
                0x100001cc                isr_irq15
                0x100001cc                isr_irq25
                0x100001cc                isr_irq13
                0x100001cc                __unhandled_user_irq
                0x100001cc                isr_irq4
                0x100001cc                isr_irq16
                0x100001cc                isr_irq29
                0x100001cc                isr_irq26
                0x100001cc                __default_isrs_end
                0x100001cc                isr_irq3
                0x100001cc                isr_irq14
                0x100001cc                isr_irq9
                0x100001d2                unhandled_user_irq_num_in_r0
 *(.binary_info_header)
 .binary_info_header
                0x100001d4       0x14 CMakeFiles/Usar_SSD.dir/C_/Users/Miller/.pico-sdk/sdk/2.1.1/src/rp2_common/pico_crt0/crt0.S.obj
                0x100001e8                        __binary_info_header_end = .
 *(.embedded_block)
                0x100001e8                        __embedded_block_end = .
 *(.reset)
 .reset         0x100001e8       0x9c CMakeFiles/Usar_SSD.dir/C_/Users/Miller/.pico-sdk/sdk/2.1.1/src/rp2_common/pico_crt0/crt0.S.obj
                0x100001e8                _entry_point
 *(.init)
 .init          0x10000284        0x4 C:/Users/Miller/.pico-sdk/toolchain/14_2_Rel1/bin/../lib/gcc/arm-none-eabi/14.2.1/thumb/v6-m/nofp/crti.o
                0x10000284                _init
 *(EXCLUDE_FILE(*libm.a: *libc.a:*lib_a-mem*.o *libgcc.a:) .text*)
 .text.register_tm_clones
                0x10000288       0x28 C:/Users/Miller/.pico-sdk/toolchain/14_2_Rel1/bin/../lib/gcc/arm-none-eabi/14.2.1/thumb/v6-m/nofp/crtbegin.o
 .text.frame_dummy
                0x100002b0       0x24 C:/Users/Miller/.pico-sdk/toolchain/14_2_Rel1/bin/../lib/gcc/arm-none-eabi/14.2.1/thumb/v6-m/nofp/crtbegin.o
 .text.run_help
                0x100002d4       0x74 CMakeFiles/Usar_SSD.dir/Cartao_FatFS_SPI.c.obj
 .text.gpio_irq_handler
                0x10000348        0xc CMakeFiles/Usar_SSD.dir/Cartao_FatFS_SPI.c.obj
                0x10000348                gpio_irq_handler
 .text.run_cat  0x10000354       0x7c CMakeFiles/Usar_SSD.dir/Cartao_FatFS_SPI.c.obj
 .text.run_setrtc
                0x100003d0       0xb4 CMakeFiles/Usar_SSD.dir/Cartao_FatFS_SPI.c.obj
 .text.run_unmount
                0x10000484       0xc0 CMakeFiles/Usar_SSD.dir/Cartao_FatFS_SPI.c.obj
 .text.run_ls   0x10000544      0x10c CMakeFiles/Usar_SSD.dir/Cartao_FatFS_SPI.c.obj
 .text.run_format
                0x10000650       0x78 CMakeFiles/Usar_SSD.dir/Cartao_FatFS_SPI.c.obj
 .text.run_getfree
                0x100006c8       0xa0 CMakeFiles/Usar_SSD.dir/Cartao_FatFS_SPI.c.obj
 .text.run_mount
                0x10000768       0xb8 CMakeFiles/Usar_SSD.dir/Cartao_FatFS_SPI.c.obj
 .text.capture_adc_data_and_save
                0x10000820       0xdc CMakeFiles/Usar_SSD.dir/Cartao_FatFS_SPI.c.obj
                0x10000820                capture_adc_data_and_save
 .text.read_file
                0x100008fc       0x78 CMakeFiles/Usar_SSD.dir/Cartao_FatFS_SPI.c.obj
                0x100008fc                read_file
 .text.log_mpu_data
                0x10000974      0x230 CMakeFiles/Usar_SSD.dir/Cartao_FatFS_SPI.c.obj
                0x10000974                log_mpu_data
 .text.setup    0x10000ba4       0xb4 CMakeFiles/Usar_SSD.dir/Cartao_FatFS_SPI.c.obj
                0x10000ba4                setup
 .text.startup.main
                0x10000c58      0x3f4 CMakeFiles/Usar_SSD.dir/Cartao_FatFS_SPI.c.obj
                0x10000c58                main
 .text.sd_get_num
                0x1000104c        0x4 CMakeFiles/Usar_SSD.dir/hw_config.c.obj
                0x1000104c                sd_get_num
 .text.sd_get_by_num
                0x10001050       0x18 CMakeFiles/Usar_SSD.dir/hw_config.c.obj
                0x10001050                sd_get_by_num
 .text.spi_get_num
                0x10001068        0x4 CMakeFiles/Usar_SSD.dir/hw_config.c.obj
                0x10001068                spi_get_num
 .text.spi_get_by_num
                0x1000106c       0x18 CMakeFiles/Usar_SSD.dir/hw_config.c.obj
                0x1000106c                spi_get_by_num
 .text.gpio_default_irq_handler
                0x10001084      0x2c8 CMakeFiles/Usar_SSD.dir/C_/Users/Miller/.pico-sdk/sdk/2.1.1/src/rp2_common/hardware_gpio/gpio.c.obj
 .text.gpio_set_function
                0x1000134c       0x34 CMakeFiles/Usar_SSD.dir/C_/Users/Miller/.pico-sdk/sdk/2.1.1/src/rp2_common/hardware_gpio/gpio.c.obj
                0x1000134c                gpio_set_function
 .text.gpio_set_pulls
                0x10001380       0x28 CMakeFiles/Usar_SSD.dir/C_/Users/Miller/.pico-sdk/sdk/2.1.1/src/rp2_common/hardware_gpio/gpio.c.obj
                0x10001380                gpio_set_pulls
 .text.gpio_set_drive_strength
                0x100013a8       0x24 CMakeFiles/Usar_SSD.dir/C_/Users/Miller/.pico-sdk/sdk/2.1.1/src/rp2_common/hardware_gpio/gpio.c.obj
                0x100013a8                gpio_set_drive_strength
 .text.gpio_set_irq_enabled_with_callback
                0x100013cc       0xd0 CMakeFiles/Usar_SSD.dir/C_/Users/Miller/.pico-sdk/sdk/2.1.1/src/rp2_common/hardware_gpio/gpio.c.obj
                0x100013cc                gpio_set_irq_enabled_with_callback
 .text.gpio_init
                0x1000149c       0x40 CMakeFiles/Usar_SSD.dir/C_/Users/Miller/.pico-sdk/sdk/2.1.1/src/rp2_common/hardware_gpio/gpio.c.obj
                0x1000149c                gpio_init
 .text.rp2040_chip_version
                0x100014dc        0xc CMakeFiles/Usar_SSD.dir/C_/Users/Miller/.pico-sdk/sdk/2.1.1/src/rp2040/pico_platform/platform.c.obj
                0x100014dc                rp2040_chip_version
 .text.panic    0x100014e8       0x30 CMakeFiles/Usar_SSD.dir/C_/Users/Miller/.pico-sdk/sdk/2.1.1/src/rp2_common/pico_platform_panic/panic.c.obj
                0x100014e8                panic
 .text.hw_claim_or_assert
                0x10001518       0x44 CMakeFiles/Usar_SSD.dir/C_/Users/Miller/.pico-sdk/sdk/2.1.1/src/common/hardware_claim/claim.c.obj
                0x10001518                hw_claim_or_assert
 .text.hw_claim_unused_from_range
                0x1000155c       0x88 CMakeFiles/Usar_SSD.dir/C_/Users/Miller/.pico-sdk/sdk/2.1.1/src/common/hardware_claim/claim.c.obj
                0x1000155c                hw_claim_unused_from_range
 .text.next_striped_spin_lock_num
                0x100015e4       0x18 CMakeFiles/Usar_SSD.dir/C_/Users/Miller/.pico-sdk/sdk/2.1.1/src/rp2_common/hardware_sync/sync.c.obj
                0x100015e4                next_striped_spin_lock_num
 .text.spin_lock_claim_unused
                0x100015fc       0x24 CMakeFiles/Usar_SSD.dir/C_/Users/Miller/.pico-sdk/sdk/2.1.1/src/rp2_common/hardware_sync/sync.c.obj
                0x100015fc                spin_lock_claim_unused
 .text.spin_locks_reset
                0x10001620       0x1c CMakeFiles/Usar_SSD.dir/C_/Users/Miller/.pico-sdk/sdk/2.1.1/src/rp2_common/hardware_sync_spin_lock/sync_spin_lock.c.obj
                0x10001620                spin_locks_reset
 .text.runtime_init_per_core_irq_priorities
                0x1000163c       0x24 CMakeFiles/Usar_SSD.dir/C_/Users/Miller/.pico-sdk/sdk/2.1.1/src/rp2_common/hardware_irq/irq.c.obj
                0x1000163c                runtime_init_per_core_irq_priorities
 .text.irq_set_enabled
                0x10001660       0x24 CMakeFiles/Usar_SSD.dir/C_/Users/Miller/.pico-sdk/sdk/2.1.1/src/rp2_common/hardware_irq/irq.c.obj
                0x10001660                irq_set_enabled
 .text.irq_is_enabled
                0x10001684       0x18 CMakeFiles/Usar_SSD.dir/C_/Users/Miller/.pico-sdk/sdk/2.1.1/src/rp2_common/hardware_irq/irq.c.obj
                0x10001684                irq_is_enabled
 .text.irq_set_pending
                0x1000169c       0x10 CMakeFiles/Usar_SSD.dir/C_/Users/Miller/.pico-sdk/sdk/2.1.1/src/rp2_common/hardware_irq/irq.c.obj
                0x1000169c                irq_set_pending
 .text.irq_has_shared_handler
                0x100016ac       0x24 CMakeFiles/Usar_SSD.dir/C_/Users/Miller/.pico-sdk/sdk/2.1.1/src/rp2_common/hardware_irq/irq.c.obj
                0x100016ac                irq_has_shared_handler
 .text.irq_set_exclusive_handler
                0x100016d0       0x54 CMakeFiles/Usar_SSD.dir/C_/Users/Miller/.pico-sdk/sdk/2.1.1/src/rp2_common/hardware_irq/irq.c.obj
                0x100016d0                irq_set_exclusive_handler
 .text.irq_add_shared_handler
                0x10001724      0x1f4 CMakeFiles/Usar_SSD.dir/C_/Users/Miller/.pico-sdk/sdk/2.1.1/src/rp2_common/hardware_irq/irq.c.obj
                0x10001724                irq_add_shared_handler
 .text.irq_remove_handler
                0x10001918      0x1d4 CMakeFiles/Usar_SSD.dir/C_/Users/Miller/.pico-sdk/sdk/2.1.1/src/rp2_common/hardware_irq/irq.c.obj
                0x10001918                irq_remove_handler
 .text.irq_add_tail_to_free_list
                0x10001aec       0xb4 CMakeFiles/Usar_SSD.dir/C_/Users/Miller/.pico-sdk/sdk/2.1.1/src/rp2_common/hardware_irq/irq.c.obj
                0x10001aec                irq_add_tail_to_free_list
 .text.user_irq_claim_unused
                0x10001ba0       0x2c CMakeFiles/Usar_SSD.dir/C_/Users/Miller/.pico-sdk/sdk/2.1.1/src/rp2_common/hardware_irq/irq.c.obj
                0x10001ba0                user_irq_claim_unused
 .text.sem_init
                0x10001bcc       0x20 CMakeFiles/Usar_SSD.dir/C_/Users/Miller/.pico-sdk/sdk/2.1.1/src/common/pico_sync/sem.c.obj
                0x10001bcc                sem_init
 .text.lock_init
                0x10001bec       0x10 CMakeFiles/Usar_SSD.dir/C_/Users/Miller/.pico-sdk/sdk/2.1.1/src/common/pico_sync/lock_core.c.obj
                0x10001bec                lock_init
 .text.runtime_init_mutex
                0x10001bfc       0x50 CMakeFiles/Usar_SSD.dir/C_/Users/Miller/.pico-sdk/sdk/2.1.1/src/common/pico_sync/mutex.c.obj
                0x10001bfc                runtime_init_mutex
 .text.mutex_init
                0x10001c4c       0x1c CMakeFiles/Usar_SSD.dir/C_/Users/Miller/.pico-sdk/sdk/2.1.1/src/common/pico_sync/mutex.c.obj
                0x10001c4c                mutex_init
 .text.critical_section_init
                0x10001c68       0x1c CMakeFiles/Usar_SSD.dir/C_/Users/Miller/.pico-sdk/sdk/2.1.1/src/common/pico_sync/critical_section.c.obj
                0x10001c68                critical_section_init
 .text.critical_section_init_with_lock_num
                0x10001c84       0x14 CMakeFiles/Usar_SSD.dir/C_/Users/Miller/.pico-sdk/sdk/2.1.1/src/common/pico_sync/critical_section.c.obj
                0x10001c84                critical_section_init_with_lock_num
 .text.sleep_until_callback
                0x10001c98       0x30 CMakeFiles/Usar_SSD.dir/C_/Users/Miller/.pico-sdk/sdk/2.1.1/src/common/pico_time/time.c.obj
 .text.alarm_pool_irq_handler
                0x10001cc8      0x300 CMakeFiles/Usar_SSD.dir/C_/Users/Miller/.pico-sdk/sdk/2.1.1/src/common/pico_time/time.c.obj
 .text.runtime_init_default_alarm_pool
                0x10001fc8       0xdc CMakeFiles/Usar_SSD.dir/C_/Users/Miller/.pico-sdk/sdk/2.1.1/src/common/pico_time/time.c.obj
                0x10001fc8                runtime_init_default_alarm_pool
 .text.alarm_pool_get_default
                0x100020a4        0x8 CMakeFiles/Usar_SSD.dir/C_/Users/Miller/.pico-sdk/sdk/2.1.1/src/common/pico_time/time.c.obj
                0x100020a4                alarm_pool_get_default
 .text.alarm_pool_add_alarm_at
                0x100020ac       0xd0 CMakeFiles/Usar_SSD.dir/C_/Users/Miller/.pico-sdk/sdk/2.1.1/src/common/pico_time/time.c.obj
                0x100020ac                alarm_pool_add_alarm_at
 .text.alarm_pool_add_alarm_at_force_in_context
                0x1000217c       0xb0 CMakeFiles/Usar_SSD.dir/C_/Users/Miller/.pico-sdk/sdk/2.1.1/src/common/pico_time/time.c.obj
                0x1000217c                alarm_pool_add_alarm_at_force_in_context
 .text.alarm_pool_cancel_alarm
                0x1000222c       0x74 CMakeFiles/Usar_SSD.dir/C_/Users/Miller/.pico-sdk/sdk/2.1.1/src/common/pico_time/time.c.obj
                0x1000222c                alarm_pool_cancel_alarm
 .text.alarm_pool_core_num
                0x100022a0        0x4 CMakeFiles/Usar_SSD.dir/C_/Users/Miller/.pico-sdk/sdk/2.1.1/src/common/pico_time/time.c.obj
                0x100022a0                alarm_pool_core_num
 .text.sleep_ms
                0x100022a4       0xfc CMakeFiles/Usar_SSD.dir/C_/Users/Miller/.pico-sdk/sdk/2.1.1/src/common/pico_time/time.c.obj
                0x100022a4                sleep_ms
 .text.best_effort_wfe_or_timeout
                0x100023a0      0x10c CMakeFiles/Usar_SSD.dir/C_/Users/Miller/.pico-sdk/sdk/2.1.1/src/common/pico_time/time.c.obj
                0x100023a0                best_effort_wfe_or_timeout
 .text.timer_hardware_alarm_claim
                0x100024ac       0x14 CMakeFiles/Usar_SSD.dir/C_/Users/Miller/.pico-sdk/sdk/2.1.1/src/rp2_common/hardware_timer/timer.c.obj
                0x100024ac                timer_hardware_alarm_claim
 .text.timer_time_us_64
                0x100024c0       0x10 CMakeFiles/Usar_SSD.dir/C_/Users/Miller/.pico-sdk/sdk/2.1.1/src/rp2_common/hardware_timer/timer.c.obj
                0x100024c0                timer_time_us_64
 .text.time_us_64
                0x100024d0       0x14 CMakeFiles/Usar_SSD.dir/C_/Users/Miller/.pico-sdk/sdk/2.1.1/src/rp2_common/hardware_timer/timer.c.obj
                0x100024d0                time_us_64
 .text.busy_wait_us
                0x100024e4       0x68 CMakeFiles/Usar_SSD.dir/C_/Users/Miller/.pico-sdk/sdk/2.1.1/src/rp2_common/hardware_timer/timer.c.obj
                0x100024e4                busy_wait_us
 .text.busy_wait_until
                0x1000254c       0x20 CMakeFiles/Usar_SSD.dir/C_/Users/Miller/.pico-sdk/sdk/2.1.1/src/rp2_common/hardware_timer/timer.c.obj
                0x1000254c                busy_wait_until
 .text.clock_configure_int_divider
                0x1000256c       0xf4 CMakeFiles/Usar_SSD.dir/C_/Users/Miller/.pico-sdk/sdk/2.1.1/src/rp2_common/hardware_clocks/clocks.c.obj
                0x1000256c                clock_configure_int_divider
 .text.clock_configure_undivided
                0x10002660       0xe8 CMakeFiles/Usar_SSD.dir/C_/Users/Miller/.pico-sdk/sdk/2.1.1/src/rp2_common/hardware_clocks/clocks.c.obj
                0x10002660                clock_configure_undivided
 .text.clock_get_hz
                0x10002748        0xc CMakeFiles/Usar_SSD.dir/C_/Users/Miller/.pico-sdk/sdk/2.1.1/src/rp2_common/hardware_clocks/clocks.c.obj
                0x10002748                clock_get_hz
 .text.pll_init
                0x10002754       0xa4 CMakeFiles/Usar_SSD.dir/C_/Users/Miller/.pico-sdk/sdk/2.1.1/src/rp2_common/hardware_pll/pll.c.obj
                0x10002754                pll_init
 .text.watchdog_reboot
                0x100027f8       0x9c CMakeFiles/Usar_SSD.dir/C_/Users/Miller/.pico-sdk/sdk/2.1.1/src/rp2_common/hardware_watchdog/watchdog.c.obj
                0x100027f8                watchdog_reboot
 .text.tick_start
                0x10002894       0x10 CMakeFiles/Usar_SSD.dir/C_/Users/Miller/.pico-sdk/sdk/2.1.1/src/rp2_common/hardware_ticks/ticks.c.obj
                0x10002894                tick_start
 .text.rom_func_lookup
                0x100028a4       0x10 CMakeFiles/Usar_SSD.dir/C_/Users/Miller/.pico-sdk/sdk/2.1.1/src/rp2_common/pico_bootrom/bootrom.c.obj
                0x100028a4                rom_func_lookup
 .text.rom_data_lookup
                0x100028b4       0x10 CMakeFiles/Usar_SSD.dir/C_/Users/Miller/.pico-sdk/sdk/2.1.1/src/rp2_common/pico_bootrom/bootrom.c.obj
                0x100028b4                rom_data_lookup
 .text.rom_funcs_lookup
                0x100028c4       0x44 CMakeFiles/Usar_SSD.dir/C_/Users/Miller/.pico-sdk/sdk/2.1.1/src/rp2_common/pico_bootrom/bootrom.c.obj
                0x100028c4                rom_funcs_lookup
 .text.rom_reset_usb_boot
                0x10002908       0x1c CMakeFiles/Usar_SSD.dir/C_/Users/Miller/.pico-sdk/sdk/2.1.1/src/rp2_common/pico_bootrom/bootrom.c.obj
                0x10002908                rom_reset_usb_boot
 .text.rom_reset_usb_boot_extra
                0x10002924       0x24 CMakeFiles/Usar_SSD.dir/C_/Users/Miller/.pico-sdk/sdk/2.1.1/src/rp2_common/pico_bootrom/bootrom.c.obj
                0x10002924                rom_reset_usb_boot_extra
 .text.xosc_init
                0x10002948       0x28 CMakeFiles/Usar_SSD.dir/C_/Users/Miller/.pico-sdk/sdk/2.1.1/src/rp2_common/hardware_xosc/xosc.c.obj
                0x10002948                xosc_init
 .text.first_per_core_initializer
                0x10002970        0x4 CMakeFiles/Usar_SSD.dir/C_/Users/Miller/.pico-sdk/sdk/2.1.1/src/rp2_common/pico_runtime/runtime.c.obj
 .text.hard_assertion_failure
                0x10002974        0xc CMakeFiles/Usar_SSD.dir/C_/Users/Miller/.pico-sdk/sdk/2.1.1/src/rp2_common/pico_runtime/runtime.c.obj
                0x10002974                hard_assertion_failure
 .text.runtime_run_initializers
                0x10002980       0x28 CMakeFiles/Usar_SSD.dir/C_/Users/Miller/.pico-sdk/sdk/2.1.1/src/rp2_common/pico_runtime/runtime.c.obj
                0x10002980                runtime_run_initializers
 .text.runtime_init_early_resets
                0x100029a8       0x2c CMakeFiles/Usar_SSD.dir/C_/Users/Miller/.pico-sdk/sdk/2.1.1/src/rp2_common/pico_runtime_init/runtime_init.c.obj
                0x100029a8                runtime_init_early_resets
 .text.runtime_init_usb_power_down
                0x100029d4       0x1c CMakeFiles/Usar_SSD.dir/C_/Users/Miller/.pico-sdk/sdk/2.1.1/src/rp2_common/pico_runtime_init/runtime_init.c.obj
                0x100029d4                runtime_init_usb_power_down
 .text.runtime_init_post_clock_resets
                0x100029f0       0x20 CMakeFiles/Usar_SSD.dir/C_/Users/Miller/.pico-sdk/sdk/2.1.1/src/rp2_common/pico_runtime_init/runtime_init.c.obj
                0x100029f0                runtime_init_post_clock_resets
 .text.runtime_init_rp2040_gpio_ie_disable
                0x10002a10       0x14 CMakeFiles/Usar_SSD.dir/C_/Users/Miller/.pico-sdk/sdk/2.1.1/src/rp2_common/pico_runtime_init/runtime_init.c.obj
                0x10002a10                runtime_init_rp2040_gpio_ie_disable
 .text.runtime_init_spin_locks_reset
                0x10002a24        0x8 CMakeFiles/Usar_SSD.dir/C_/Users/Miller/.pico-sdk/sdk/2.1.1/src/rp2_common/pico_runtime_init/runtime_init.c.obj
                0x10002a24                runtime_init_spin_locks_reset
 .text.runtime_init_install_ram_vector_table
                0x10002a2c       0x1c CMakeFiles/Usar_SSD.dir/C_/Users/Miller/.pico-sdk/sdk/2.1.1/src/rp2_common/pico_runtime_init/runtime_init.c.obj
                0x10002a2c                runtime_init_install_ram_vector_table
 .text.runtime_init_clocks
                0x10002a48       0xd8 CMakeFiles/Usar_SSD.dir/C_/Users/Miller/.pico-sdk/sdk/2.1.1/src/rp2_common/pico_runtime_init/runtime_init_clocks.c.obj
                0x10002a48                runtime_init_clocks
 .text          0x10002b20       0x10 CMakeFiles/Usar_SSD.dir/C_/Users/Miller/.pico-sdk/sdk/2.1.1/src/rp2_common/pico_bit_ops/bit_ops_aeabi.S.obj
 .text.__wrap___aeabi_idiv
                0x10002b30       0x50 CMakeFiles/Usar_SSD.dir/C_/Users/Miller/.pico-sdk/sdk/2.1.1/src/rp2_common/pico_divider/divider_hardware.S.obj
                0x10002b30                __wrap___aeabi_idivmod
                0x10002b30                divmod_s32s32
                0x10002b30                div_s32s32
                0x10002b30                __wrap___aeabi_idiv
                0x10002b38                divmod_s32s32_unsafe
                0x10002b64                divmod_s32s32_savestate
 .text.__wrap___aeabi_uidiv
                0x10002b80       0x4c CMakeFiles/Usar_SSD.dir/C_/Users/Miller/.pico-sdk/sdk/2.1.1/src/rp2_common/pico_divider/divider_hardware.S.obj
                0x10002b80                __wrap___aeabi_uidiv
                0x10002b80                __wrap___aeabi_uidivmod
                0x10002b80                div_u32u32
                0x10002b80                divmod_u32u32
                0x10002b88                divmod_u32u32_unsafe
                0x10002bb0                divmod_u32u32_savestate
 .text.__wrap___aeabi_ldiv
                0x10002bcc      0x424 CMakeFiles/Usar_SSD.dir/C_/Users/Miller/.pico-sdk/sdk/2.1.1/src/rp2_common/pico_divider/divider_hardware.S.obj
                0x10002bcc                div_s64s64
                0x10002bcc                divmod_s64s64
                0x10002bcc                __wrap___aeabi_ldivmod
                0x10002bfc                divmod_u64u64
                0x10002bfc                div_u64u64
                0x10002bfc                __wrap___aeabi_uldivmod
                0x10002c0c                divmod_u64u64_savestate
                0x10002c2c                divmod_s64s64_unsafe
                0x10002cb4                divmod_u64u64_unsafe
 .text.__wrap___aeabi_darithmetic
                0x10002ff0       0x60 CMakeFiles/Usar_SSD.dir/C_/Users/Miller/.pico-sdk/sdk/2.1.1/src/rp2_common/pico_double/double_aeabi_rp2040.S.obj
                0x10002ff0                __wrap___aeabi_drsub
                0x10002ff6                __wrap___aeabi_dsub
                0x10003000                __wrap___aeabi_dadd
                0x1000300a                __wrap___aeabi_ddiv
                0x1000303e                __wrap___aeabi_dmul
 .text.__wrap___aeabi_cdcmple
                0x10003050       0x6c CMakeFiles/Usar_SSD.dir/C_/Users/Miller/.pico-sdk/sdk/2.1.1/src/rp2_common/pico_double/double_aeabi_rp2040.S.obj
                0x10003050                __wrap___aeabi_cdrcmple
                0x10003060                __wrap___aeabi_cdcmpeq
                0x10003060                __wrap___aeabi_cdcmple
 .text.__wrap___aeabi_dcmplt
                0x100030bc        0xc CMakeFiles/Usar_SSD.dir/C_/Users/Miller/.pico-sdk/sdk/2.1.1/src/rp2_common/pico_double/double_aeabi_rp2040.S.obj
                0x100030bc                __wrap___aeabi_dcmplt
 .text.__wrap___aeabi_dcmple
                0x100030c8       0x10 CMakeFiles/Usar_SSD.dir/C_/Users/Miller/.pico-sdk/sdk/2.1.1/src/rp2_common/pico_double/double_aeabi_rp2040.S.obj
                0x100030c8                __wrap___aeabi_dcmple
 .text.__wrap___aeabi_dcmpge
                0x100030d8       0x10 CMakeFiles/Usar_SSD.dir/C_/Users/Miller/.pico-sdk/sdk/2.1.1/src/rp2_common/pico_double/double_aeabi_rp2040.S.obj
                0x100030d8                __wrap___aeabi_dcmpge
 .text.__wrap___aeabi_dcmpgt
                0x100030e8        0xa CMakeFiles/Usar_SSD.dir/C_/Users/Miller/.pico-sdk/sdk/2.1.1/src/rp2_common/pico_double/double_aeabi_rp2040.S.obj
                0x100030e8                __wrap___aeabi_dcmpgt
 .text.__wrap___aeabi_dcmpun
                0x100030f2       0x18 CMakeFiles/Usar_SSD.dir/C_/Users/Miller/.pico-sdk/sdk/2.1.1/src/rp2_common/pico_double/double_aeabi_rp2040.S.obj
                0x100030f2                __wrap___aeabi_dcmpun
 *fill*         0x1000310a        0x2 
 .text.__wrap___aeabi_i2d
                0x1000310c       0x38 CMakeFiles/Usar_SSD.dir/C_/Users/Miller/.pico-sdk/sdk/2.1.1/src/rp2_common/pico_double/double_aeabi_rp2040.S.obj
                0x1000310c                uint2double
                0x1000310c                __wrap___aeabi_ui2d
                0x10003114                int2double
                0x10003114                __wrap___aeabi_i2d
 .text.__wrap___aeabi_d2iz
                0x10003144       0x48 CMakeFiles/Usar_SSD.dir/C_/Users/Miller/.pico-sdk/sdk/2.1.1/src/rp2_common/pico_double/double_aeabi_rp2040.S.obj
                0x10003144                double2int_z
                0x10003144                __wrap___aeabi_d2iz
 .text.__wrap___aeabi_d2uiz
                0x1000318c       0x10 CMakeFiles/Usar_SSD.dir/C_/Users/Miller/.pico-sdk/sdk/2.1.1/src/rp2_common/pico_double/double_aeabi_rp2040.S.obj
                0x1000318c                double2uint
                0x1000318c                __wrap___aeabi_d2uiz
                0x1000318c                double2uint_z
 .text.missing_double_func_shim
                0x1000319c        0xc CMakeFiles/Usar_SSD.dir/C_/Users/Miller/.pico-sdk/sdk/2.1.1/src/rp2_common/pico_double/double_init_rom_rp2040.c.obj
 .text.__aeabi_double_init
                0x100031a8       0xa0 CMakeFiles/Usar_SSD.dir/C_/Users/Miller/.pico-sdk/sdk/2.1.1/src/rp2_common/pico_double/double_init_rom_rp2040.c.obj
                0x100031a8                __aeabi_double_init
 .text.double_table_shim_on_use_helper
                0x10003248       0x2c CMakeFiles/Usar_SSD.dir/C_/Users/Miller/.pico-sdk/sdk/2.1.1/src/rp2_common/pico_double/double_v1_rom_shim_rp2040.S.obj
                0x10003248                double_table_shim_on_use_helper
 .text.__aeabi_lmul
                0x10003274       0x32 CMakeFiles/Usar_SSD.dir/C_/Users/Miller/.pico-sdk/sdk/2.1.1/src/rp2_common/pico_int64_ops/pico_int64_ops_aeabi.S.obj
                0x10003274                __wrap___aeabi_lmul
 *fill*         0x100032a6        0x2 
 .text.missing_float_func_shim
                0x100032a8        0xc CMakeFiles/Usar_SSD.dir/C_/Users/Miller/.pico-sdk/sdk/2.1.1/src/rp2_common/pico_float/float_init_rom_rp2040.c.obj
 .text.__aeabi_float_init
                0x100032b4       0x5c CMakeFiles/Usar_SSD.dir/C_/Users/Miller/.pico-sdk/sdk/2.1.1/src/rp2_common/pico_float/float_init_rom_rp2040.c.obj
                0x100032b4                __aeabi_float_init
 .text.__wrap_malloc
                0x10003310       0x24 CMakeFiles/Usar_SSD.dir/C_/Users/Miller/.pico-sdk/sdk/2.1.1/src/rp2_common/pico_malloc/malloc.c.obj
                0x10003310                __wrap_malloc
 .text.__wrap_free
                0x10003334        0x8 CMakeFiles/Usar_SSD.dir/C_/Users/Miller/.pico-sdk/sdk/2.1.1/src/rp2_common/pico_malloc/malloc.c.obj
                0x10003334                __wrap_free
 .text          0x1000333c       0x10 CMakeFiles/Usar_SSD.dir/C_/Users/Miller/.pico-sdk/sdk/2.1.1/src/rp2_common/pico_mem_ops/mem_ops_aeabi.S.obj
                0x1000333c                __aeabi_mem_init
 .text.memset   0x1000334c        0xc CMakeFiles/Usar_SSD.dir/C_/Users/Miller/.pico-sdk/sdk/2.1.1/src/rp2_common/pico_mem_ops/mem_ops_aeabi.S.obj
                0x1000334c                __wrap_memset
 .text.memcpy   0x10003358        0xc CMakeFiles/Usar_SSD.dir/C_/Users/Miller/.pico-sdk/sdk/2.1.1/src/rp2_common/pico_mem_ops/mem_ops_aeabi.S.obj
                0x10003358                __wrap_memcpy
                0x10003358                __wrap___aeabi_memcpy
 .text._out_buffer
                0x10003364        0x8 CMakeFiles/Usar_SSD.dir/C_/Users/Miller/.pico-sdk/sdk/2.1.1/src/rp2_common/pico_printf/printf.c.obj
 .text._out_null
                0x1000336c        0x4 CMakeFiles/Usar_SSD.dir/C_/Users/Miller/.pico-sdk/sdk/2.1.1/src/rp2_common/pico_printf/printf.c.obj
 .text._out_rev
                0x10003370       0xac CMakeFiles/Usar_SSD.dir/C_/Users/Miller/.pico-sdk/sdk/2.1.1/src/rp2_common/pico_printf/printf.c.obj
 .text._ntoa_format
                0x1000341c      0x1cc CMakeFiles/Usar_SSD.dir/C_/Users/Miller/.pico-sdk/sdk/2.1.1/src/rp2_common/pico_printf/printf.c.obj
 .text._out_char
                0x100035e8       0x10 CMakeFiles/Usar_SSD.dir/C_/Users/Miller/.pico-sdk/sdk/2.1.1/src/rp2_common/pico_printf/printf.c.obj
 .text._out_fct
                0x100035f8       0x10 CMakeFiles/Usar_SSD.dir/C_/Users/Miller/.pico-sdk/sdk/2.1.1/src/rp2_common/pico_printf/printf.c.obj
 .text._ftoa    0x10003608      0x4a8 CMakeFiles/Usar_SSD.dir/C_/Users/Miller/.pico-sdk/sdk/2.1.1/src/rp2_common/pico_printf/printf.c.obj
 .text._etoa    0x10003ab0      0x57c CMakeFiles/Usar_SSD.dir/C_/Users/Miller/.pico-sdk/sdk/2.1.1/src/rp2_common/pico_printf/printf.c.obj
 .text._vsnprintf
                0x1000402c      0xbe0 CMakeFiles/Usar_SSD.dir/C_/Users/Miller/.pico-sdk/sdk/2.1.1/src/rp2_common/pico_printf/printf.c.obj
 .text.__wrap_sprintf
                0x10004c0c       0x2c CMakeFiles/Usar_SSD.dir/C_/Users/Miller/.pico-sdk/sdk/2.1.1/src/rp2_common/pico_printf/printf.c.obj
                0x10004c0c                __wrap_sprintf
 .text.__wrap_snprintf
                0x10004c38       0x28 CMakeFiles/Usar_SSD.dir/C_/Users/Miller/.pico-sdk/sdk/2.1.1/src/rp2_common/pico_printf/printf.c.obj
                0x10004c38                __wrap_snprintf
 .text.vfctprintf
                0x10004c60       0x24 CMakeFiles/Usar_SSD.dir/C_/Users/Miller/.pico-sdk/sdk/2.1.1/src/rp2_common/pico_printf/printf.c.obj
                0x10004c60                vfctprintf
 .text.weak_raw_vprintf
                0x10004c84       0x30 CMakeFiles/Usar_SSD.dir/C_/Users/Miller/.pico-sdk/sdk/2.1.1/src/rp2_common/pico_printf/printf.c.obj
                0x10004c84                weak_raw_vprintf
 .text._exit    0x10004cb4        0x4 CMakeFiles/Usar_SSD.dir/C_/Users/Miller/.pico-sdk/sdk/2.1.1/src/rp2_common/pico_clib_interface/newlib_interface.c.obj
                0x10004cb4                _exit
 .text._sbrk    0x10004cb8       0x34 CMakeFiles/Usar_SSD.dir/C_/Users/Miller/.pico-sdk/sdk/2.1.1/src/rp2_common/pico_clib_interface/newlib_interface.c.obj
                0x10004cb8                _sbrk
 .text.exit     0x10004cec        0x8 CMakeFiles/Usar_SSD.dir/C_/Users/Miller/.pico-sdk/sdk/2.1.1/src/rp2_common/pico_clib_interface/newlib_interface.c.obj
                0x10004cec                exit
 .text.runtime_init
                0x10004cf4       0x2c CMakeFiles/Usar_SSD.dir/C_/Users/Miller/.pico-sdk/sdk/2.1.1/src/rp2_common/pico_clib_interface/newlib_interface.c.obj
                0x10004cf4                runtime_init
 .text.stdio_out_chars_no_crlf
                0x10004d20       0x10 CMakeFiles/Usar_SSD.dir/C_/Users/Miller/.pico-sdk/sdk/2.1.1/src/rp2_common/pico_stdio/stdio.c.obj
 .text.stdio_out_chars_crlf
                0x10004d30       0xb0 CMakeFiles/Usar_SSD.dir/C_/Users/Miller/.pico-sdk/sdk/2.1.1/src/rp2_common/pico_stdio/stdio.c.obj
 .text.stdio_buffered_printer
                0x10004de0       0x64 CMakeFiles/Usar_SSD.dir/C_/Users/Miller/.pico-sdk/sdk/2.1.1/src/rp2_common/pico_stdio/stdio.c.obj
 .text.stdio_put_string
                0x10004e44       0xfc CMakeFiles/Usar_SSD.dir/C_/Users/Miller/.pico-sdk/sdk/2.1.1/src/rp2_common/pico_stdio/stdio.c.obj
                0x10004e44                stdio_put_string
 .text.stdio_set_driver_enabled
                0x10004f40       0x30 CMakeFiles/Usar_SSD.dir/C_/Users/Miller/.pico-sdk/sdk/2.1.1/src/rp2_common/pico_stdio/stdio.c.obj
                0x10004f40                stdio_set_driver_enabled
 .text.stdio_flush
                0x10004f70       0x28 CMakeFiles/Usar_SSD.dir/C_/Users/Miller/.pico-sdk/sdk/2.1.1/src/rp2_common/pico_stdio/stdio.c.obj
                0x10004f70                stdio_flush
 .text.stdio_init_all
                0x10004f98        0x8 CMakeFiles/Usar_SSD.dir/C_/Users/Miller/.pico-sdk/sdk/2.1.1/src/rp2_common/pico_stdio/stdio.c.obj
                0x10004f98                stdio_init_all
 .text.stdio_getchar_timeout_us
                0x10004fa0       0x98 CMakeFiles/Usar_SSD.dir/C_/Users/Miller/.pico-sdk/sdk/2.1.1/src/rp2_common/pico_stdio/stdio.c.obj
                0x10004fa0                stdio_getchar_timeout_us
 .text.__wrap_putchar
                0x10005038       0x94 CMakeFiles/Usar_SSD.dir/C_/Users/Miller/.pico-sdk/sdk/2.1.1/src/rp2_common/pico_stdio/stdio.c.obj
                0x10005038                __wrap_putchar
                0x10005038                stdio_putchar
 .text.__wrap_puts
                0x100050cc       0x3c CMakeFiles/Usar_SSD.dir/C_/Users/Miller/.pico-sdk/sdk/2.1.1/src/rp2_common/pico_stdio/stdio.c.obj
                0x100050cc                stdio_puts
                0x100050cc                __wrap_puts
 .text.__wrap_vprintf
                0x10005108       0xcc CMakeFiles/Usar_SSD.dir/C_/Users/Miller/.pico-sdk/sdk/2.1.1/src/rp2_common/pico_stdio/stdio.c.obj
                0x10005108                stdio_vprintf
                0x10005108                __wrap_vprintf
 .text.__wrap_printf
                0x100051d4       0x18 CMakeFiles/Usar_SSD.dir/C_/Users/Miller/.pico-sdk/sdk/2.1.1/src/rp2_common/pico_stdio/stdio.c.obj
                0x100051d4                __wrap_printf
                0x100051d4                stdio_printf
 .text.resetd_init
                0x100051ec        0x4 CMakeFiles/Usar_SSD.dir/C_/Users/Miller/.pico-sdk/sdk/2.1.1/src/rp2_common/pico_stdio_usb/reset_interface.c.obj
 .text.resetd_reset
                0x100051f0        0xc CMakeFiles/Usar_SSD.dir/C_/Users/Miller/.pico-sdk/sdk/2.1.1/src/rp2_common/pico_stdio_usb/reset_interface.c.obj
 .text.resetd_open
                0x100051fc       0x28 CMakeFiles/Usar_SSD.dir/C_/Users/Miller/.pico-sdk/sdk/2.1.1/src/rp2_common/pico_stdio_usb/reset_interface.c.obj
 .text.resetd_xfer_cb
                0x10005224        0x4 CMakeFiles/Usar_SSD.dir/C_/Users/Miller/.pico-sdk/sdk/2.1.1/src/rp2_common/pico_stdio_usb/reset_interface.c.obj
 .text.resetd_control_xfer_cb
                0x10005228       0x54 CMakeFiles/Usar_SSD.dir/C_/Users/Miller/.pico-sdk/sdk/2.1.1/src/rp2_common/pico_stdio_usb/reset_interface.c.obj
 .text.tud_descriptor_bos_cb
                0x1000527c        0x8 CMakeFiles/Usar_SSD.dir/C_/Users/Miller/.pico-sdk/sdk/2.1.1/src/rp2_common/pico_stdio_usb/reset_interface.c.obj
                0x1000527c                tud_descriptor_bos_cb
 .text.tud_vendor_control_xfer_cb
                0x10005284       0x34 CMakeFiles/Usar_SSD.dir/C_/Users/Miller/.pico-sdk/sdk/2.1.1/src/rp2_common/pico_stdio_usb/reset_interface.c.obj
                0x10005284                tud_vendor_control_xfer_cb
 .text.usbd_app_driver_get_cb
                0x100052b8        0xc CMakeFiles/Usar_SSD.dir/C_/Users/Miller/.pico-sdk/sdk/2.1.1/src/rp2_common/pico_stdio_usb/reset_interface.c.obj
                0x100052b8                usbd_app_driver_get_cb
 .text.tud_cdc_line_coding_cb
                0x100052c4       0x2c CMakeFiles/Usar_SSD.dir/C_/Users/Miller/.pico-sdk/sdk/2.1.1/src/rp2_common/pico_stdio_usb/reset_interface.c.obj
                0x100052c4                tud_cdc_line_coding_cb
 .text.stdio_usb_set_chars_available_callback
                0x100052f0       0x14 CMakeFiles/Usar_SSD.dir/C_/Users/Miller/.pico-sdk/sdk/2.1.1/src/rp2_common/pico_stdio_usb/stdio_usb.c.obj
                0x100052f0                stdio_usb_set_chars_available_callback
 .text.usb_irq  0x10005304       0x10 CMakeFiles/Usar_SSD.dir/C_/Users/Miller/.pico-sdk/sdk/2.1.1/src/rp2_common/pico_stdio_usb/stdio_usb.c.obj
 .text.timer_task
                0x10005314       0x64 CMakeFiles/Usar_SSD.dir/C_/Users/Miller/.pico-sdk/sdk/2.1.1/src/rp2_common/pico_stdio_usb/stdio_usb.c.obj
 .text.stdio_usb_in_chars
                0x10005378       0x8c CMakeFiles/Usar_SSD.dir/C_/Users/Miller/.pico-sdk/sdk/2.1.1/src/rp2_common/pico_stdio_usb/stdio_usb.c.obj
                0x10005378                stdio_usb_in_chars
 .text.stdio_usb_out_flush
                0x10005404       0x4c CMakeFiles/Usar_SSD.dir/C_/Users/Miller/.pico-sdk/sdk/2.1.1/src/rp2_common/pico_stdio_usb/stdio_usb.c.obj
 .text.stdio_usb_out_chars
                0x10005450      0x100 CMakeFiles/Usar_SSD.dir/C_/Users/Miller/.pico-sdk/sdk/2.1.1/src/rp2_common/pico_stdio_usb/stdio_usb.c.obj
 .text.low_priority_worker_irq
                0x10005550       0xc8 CMakeFiles/Usar_SSD.dir/C_/Users/Miller/.pico-sdk/sdk/2.1.1/src/rp2_common/pico_stdio_usb/stdio_usb.c.obj
 .text.stdio_usb_init
                0x10005618       0xe8 CMakeFiles/Usar_SSD.dir/C_/Users/Miller/.pico-sdk/sdk/2.1.1/src/rp2_common/pico_stdio_usb/stdio_usb.c.obj
                0x10005618                stdio_usb_init
 .text.tud_descriptor_device_cb
                0x10005700        0x8 CMakeFiles/Usar_SSD.dir/C_/Users/Miller/.pico-sdk/sdk/2.1.1/src/rp2_common/pico_stdio_usb/stdio_usb_descriptors.c.obj
                0x10005700                tud_descriptor_device_cb
 .text.tud_descriptor_configuration_cb
                0x10005708        0x8 CMakeFiles/Usar_SSD.dir/C_/Users/Miller/.pico-sdk/sdk/2.1.1/src/rp2_common/pico_stdio_usb/stdio_usb_descriptors.c.obj
                0x10005708                tud_descriptor_configuration_cb
 .text.tud_descriptor_string_cb
                0x10005710       0x78 CMakeFiles/Usar_SSD.dir/C_/Users/Miller/.pico-sdk/sdk/2.1.1/src/rp2_common/pico_stdio_usb/stdio_usb_descriptors.c.obj
                0x10005710                tud_descriptor_string_cb
 .text.startup._retrieve_unique_id_on_boot
                0x10005788       0x10 CMakeFiles/Usar_SSD.dir/C_/Users/Miller/.pico-sdk/sdk/2.1.1/src/rp2_common/pico_unique_id/unique_id.c.obj
 .text.pico_get_unique_board_id_string
                0x10005798      0x1a8 CMakeFiles/Usar_SSD.dir/C_/Users/Miller/.pico-sdk/sdk/2.1.1/src/rp2_common/pico_unique_id/unique_id.c.obj
                0x10005798                pico_get_unique_board_id_string
 .text.flash_get_unique_id
                0x10005940       0x3c CMakeFiles/Usar_SSD.dir/C_/Users/Miller/.pico-sdk/sdk/2.1.1/src/rp2_common/hardware_flash/flash.c.obj
                0x10005940                flash_get_unique_id
 .text.dcd_init
                0x1000597c       0x90 CMakeFiles/Usar_SSD.dir/C_/Users/Miller/.pico-sdk/sdk/2.1.1/lib/tinyusb/src/portable/raspberrypi/rp2040/dcd_rp2040.c.obj
                0x1000597c                dcd_init
 .text.dcd_int_enable
                0x10005a0c        0xc CMakeFiles/Usar_SSD.dir/C_/Users/Miller/.pico-sdk/sdk/2.1.1/lib/tinyusb/src/portable/raspberrypi/rp2040/dcd_rp2040.c.obj
                0x10005a0c                dcd_int_enable
 .text.dcd_set_address
                0x10005a18       0x14 CMakeFiles/Usar_SSD.dir/C_/Users/Miller/.pico-sdk/sdk/2.1.1/lib/tinyusb/src/portable/raspberrypi/rp2040/dcd_rp2040.c.obj
                0x10005a18                dcd_set_address
 .text.dcd_sof_enable
                0x10005a2c       0x1c CMakeFiles/Usar_SSD.dir/C_/Users/Miller/.pico-sdk/sdk/2.1.1/lib/tinyusb/src/portable/raspberrypi/rp2040/dcd_rp2040.c.obj
                0x10005a2c                dcd_sof_enable
 .text.dcd_edpt0_status_complete
                0x10005a48       0x1c CMakeFiles/Usar_SSD.dir/C_/Users/Miller/.pico-sdk/sdk/2.1.1/lib/tinyusb/src/portable/raspberrypi/rp2040/dcd_rp2040.c.obj
                0x10005a48                dcd_edpt0_status_complete
 .text.dcd_edpt_open
                0x10005a64      0x114 CMakeFiles/Usar_SSD.dir/C_/Users/Miller/.pico-sdk/sdk/2.1.1/lib/tinyusb/src/portable/raspberrypi/rp2040/dcd_rp2040.c.obj
                0x10005a64                dcd_edpt_open
 .text.dcd_edpt_close_all
                0x10005b78        0x8 CMakeFiles/Usar_SSD.dir/C_/Users/Miller/.pico-sdk/sdk/2.1.1/lib/tinyusb/src/portable/raspberrypi/rp2040/dcd_rp2040.c.obj
                0x10005b78                dcd_edpt_close_all
 .text.dcd_edpt_xfer
                0x10005b80       0x24 CMakeFiles/Usar_SSD.dir/C_/Users/Miller/.pico-sdk/sdk/2.1.1/lib/tinyusb/src/portable/raspberrypi/rp2040/dcd_rp2040.c.obj
                0x10005b80                dcd_edpt_xfer
 .text.dcd_edpt_stall
                0x10005ba4       0x3c CMakeFiles/Usar_SSD.dir/C_/Users/Miller/.pico-sdk/sdk/2.1.1/lib/tinyusb/src/portable/raspberrypi/rp2040/dcd_rp2040.c.obj
                0x10005ba4                dcd_edpt_stall
 .text.dcd_edpt_clear_stall
                0x10005be0       0x30 CMakeFiles/Usar_SSD.dir/C_/Users/Miller/.pico-sdk/sdk/2.1.1/lib/tinyusb/src/portable/raspberrypi/rp2040/dcd_rp2040.c.obj
                0x10005be0                dcd_edpt_clear_stall
 .text.rp2040_usb_init
                0x10005c10       0x40 CMakeFiles/Usar_SSD.dir/C_/Users/Miller/.pico-sdk/sdk/2.1.1/lib/tinyusb/src/portable/raspberrypi/rp2040/rp2040_usb.c.obj
                0x10005c10                rp2040_usb_init
 .text.hw_endpoint_xfer_start
                0x10005c50       0x40 CMakeFiles/Usar_SSD.dir/C_/Users/Miller/.pico-sdk/sdk/2.1.1/lib/tinyusb/src/portable/raspberrypi/rp2040/rp2040_usb.c.obj
                0x10005c50                hw_endpoint_xfer_start
 .text.tud_event_hook_cb
                0x10005c90        0x4 CMakeFiles/Usar_SSD.dir/C_/Users/Miller/.pico-sdk/sdk/2.1.1/lib/tinyusb/src/device/usbd.c.obj
                0x10005c90                tud_event_hook_cb
 .text.tud_sof_cb
                0x10005c94        0x4 CMakeFiles/Usar_SSD.dir/C_/Users/Miller/.pico-sdk/sdk/2.1.1/lib/tinyusb/src/device/usbd.c.obj
                0x10005c94                tud_sof_cb
 .text.tud_descriptor_device_qualifier_cb
                0x10005c98        0x4 CMakeFiles/Usar_SSD.dir/C_/Users/Miller/.pico-sdk/sdk/2.1.1/lib/tinyusb/src/device/usbd.c.obj
                0x10005c98                tud_descriptor_device_qualifier_cb
 .text.tud_descriptor_other_speed_configuration_cb
                0x10005c9c        0x4 CMakeFiles/Usar_SSD.dir/C_/Users/Miller/.pico-sdk/sdk/2.1.1/lib/tinyusb/src/device/usbd.c.obj
                0x10005c9c                tud_descriptor_other_speed_configuration_cb
 .text.tud_mount_cb
                0x10005ca0        0x4 CMakeFiles/Usar_SSD.dir/C_/Users/Miller/.pico-sdk/sdk/2.1.1/lib/tinyusb/src/device/usbd.c.obj
                0x10005ca0                tud_mount_cb
 .text.tud_umount_cb
                0x10005ca4        0x4 CMakeFiles/Usar_SSD.dir/C_/Users/Miller/.pico-sdk/sdk/2.1.1/lib/tinyusb/src/device/usbd.c.obj
                0x10005ca4                tud_umount_cb
 .text.tud_suspend_cb
                0x10005ca8        0x4 CMakeFiles/Usar_SSD.dir/C_/Users/Miller/.pico-sdk/sdk/2.1.1/lib/tinyusb/src/device/usbd.c.obj
                0x10005ca8                tud_suspend_cb
 .text.tud_resume_cb
                0x10005cac        0x4 CMakeFiles/Usar_SSD.dir/C_/Users/Miller/.pico-sdk/sdk/2.1.1/lib/tinyusb/src/device/usbd.c.obj
                0x10005cac                tud_resume_cb
 .text.tud_mounted
                0x10005cb0       0x10 CMakeFiles/Usar_SSD.dir/C_/Users/Miller/.pico-sdk/sdk/2.1.1/lib/tinyusb/src/device/usbd.c.obj
                0x10005cb0                tud_mounted
 .text.tud_suspended
                0x10005cc0       0x10 CMakeFiles/Usar_SSD.dir/C_/Users/Miller/.pico-sdk/sdk/2.1.1/lib/tinyusb/src/device/usbd.c.obj
                0x10005cc0                tud_suspended
 .text.tud_rhport_init
                0x10005cd0       0xf4 CMakeFiles/Usar_SSD.dir/C_/Users/Miller/.pico-sdk/sdk/2.1.1/lib/tinyusb/src/device/usbd.c.obj
                0x10005cd0                tud_rhport_init
 .text.tud_task_ext
                0x10005dc4      0x800 CMakeFiles/Usar_SSD.dir/C_/Users/Miller/.pico-sdk/sdk/2.1.1/lib/tinyusb/src/device/usbd.c.obj
                0x10005dc4                tud_task_ext
 .text.usbd_open_edpt_pair
                0x100065c4       0x9c CMakeFiles/Usar_SSD.dir/C_/Users/Miller/.pico-sdk/sdk/2.1.1/lib/tinyusb/src/device/usbd.c.obj
                0x100065c4                usbd_open_edpt_pair
 .text.usbd_edpt_open
                0x10006660       0x34 CMakeFiles/Usar_SSD.dir/C_/Users/Miller/.pico-sdk/sdk/2.1.1/lib/tinyusb/src/device/usbd.c.obj
                0x10006660                usbd_edpt_open
 .text.usbd_edpt_claim
                0x10006694       0x28 CMakeFiles/Usar_SSD.dir/C_/Users/Miller/.pico-sdk/sdk/2.1.1/lib/tinyusb/src/device/usbd.c.obj
                0x10006694                usbd_edpt_claim
 .text.usbd_edpt_release
                0x100066bc       0x28 CMakeFiles/Usar_SSD.dir/C_/Users/Miller/.pico-sdk/sdk/2.1.1/lib/tinyusb/src/device/usbd.c.obj
                0x100066bc                usbd_edpt_release
 .text.usbd_edpt_xfer
                0x100066e4       0x4c CMakeFiles/Usar_SSD.dir/C_/Users/Miller/.pico-sdk/sdk/2.1.1/lib/tinyusb/src/device/usbd.c.obj
                0x100066e4                usbd_edpt_xfer
 .text.tud_control_status
                0x10006730       0x2c CMakeFiles/Usar_SSD.dir/C_/Users/Miller/.pico-sdk/sdk/2.1.1/lib/tinyusb/src/device/usbd_control.c.obj
                0x10006730                tud_control_status
 .text.tud_control_xfer
                0x1000675c       0xa8 CMakeFiles/Usar_SSD.dir/C_/Users/Miller/.pico-sdk/sdk/2.1.1/lib/tinyusb/src/device/usbd_control.c.obj
                0x1000675c                tud_control_xfer
 .text.usbd_control_reset
                0x10006804       0x14 CMakeFiles/Usar_SSD.dir/C_/Users/Miller/.pico-sdk/sdk/2.1.1/lib/tinyusb/src/device/usbd_control.c.obj
                0x10006804                usbd_control_reset
 .text.usbd_control_set_complete_callback
                0x10006818        0xc CMakeFiles/Usar_SSD.dir/C_/Users/Miller/.pico-sdk/sdk/2.1.1/lib/tinyusb/src/device/usbd_control.c.obj
                0x10006818                usbd_control_set_complete_callback
 .text.usbd_control_set_request
                0x10006824       0x1c CMakeFiles/Usar_SSD.dir/C_/Users/Miller/.pico-sdk/sdk/2.1.1/lib/tinyusb/src/device/usbd_control.c.obj
                0x10006824                usbd_control_set_request
 .text.usbd_control_xfer_cb
                0x10006840       0xec CMakeFiles/Usar_SSD.dir/C_/Users/Miller/.pico-sdk/sdk/2.1.1/lib/tinyusb/src/device/usbd_control.c.obj
                0x10006840                usbd_control_xfer_cb
 .text._prep_out_transaction.isra.0
                0x1000692c       0x6c CMakeFiles/Usar_SSD.dir/C_/Users/Miller/.pico-sdk/sdk/2.1.1/lib/tinyusb/src/class/cdc/cdc_device.c.obj
 .text.tud_cdc_n_connected
                0x10006998       0x2c CMakeFiles/Usar_SSD.dir/C_/Users/Miller/.pico-sdk/sdk/2.1.1/lib/tinyusb/src/class/cdc/cdc_device.c.obj
                0x10006998                tud_cdc_n_connected
 .text.tud_cdc_n_available
                0x100069c4       0x14 CMakeFiles/Usar_SSD.dir/C_/Users/Miller/.pico-sdk/sdk/2.1.1/lib/tinyusb/src/class/cdc/cdc_device.c.obj
                0x100069c4                tud_cdc_n_available
 .text.tud_cdc_n_read
                0x100069d8       0x88 CMakeFiles/Usar_SSD.dir/C_/Users/Miller/.pico-sdk/sdk/2.1.1/lib/tinyusb/src/class/cdc/cdc_device.c.obj
                0x100069d8                tud_cdc_n_read
 .text.tud_cdc_n_write_flush
                0x10006a60       0x74 CMakeFiles/Usar_SSD.dir/C_/Users/Miller/.pico-sdk/sdk/2.1.1/lib/tinyusb/src/class/cdc/cdc_device.c.obj
                0x10006a60                tud_cdc_n_write_flush
 .text.tud_cdc_n_write
                0x10006ad4       0x40 CMakeFiles/Usar_SSD.dir/C_/Users/Miller/.pico-sdk/sdk/2.1.1/lib/tinyusb/src/class/cdc/cdc_device.c.obj
                0x10006ad4                tud_cdc_n_write
 .text.tud_cdc_n_write_available
                0x10006b14       0x14 CMakeFiles/Usar_SSD.dir/C_/Users/Miller/.pico-sdk/sdk/2.1.1/lib/tinyusb/src/class/cdc/cdc_device.c.obj
                0x10006b14                tud_cdc_n_write_available
 .text.cdcd_init
                0x10006b28       0x70 CMakeFiles/Usar_SSD.dir/C_/Users/Miller/.pico-sdk/sdk/2.1.1/lib/tinyusb/src/class/cdc/cdc_device.c.obj
                0x10006b28                cdcd_init
 .text.cdcd_deinit
                0x10006b98       0x30 CMakeFiles/Usar_SSD.dir/C_/Users/Miller/.pico-sdk/sdk/2.1.1/lib/tinyusb/src/class/cdc/cdc_device.c.obj
                0x10006b98                cdcd_deinit
 .text.cdcd_reset
                0x10006bc8       0x4c CMakeFiles/Usar_SSD.dir/C_/Users/Miller/.pico-sdk/sdk/2.1.1/lib/tinyusb/src/class/cdc/cdc_device.c.obj
                0x10006bc8                cdcd_reset
 .text.cdcd_open
                0x10006c14       0xa4 CMakeFiles/Usar_SSD.dir/C_/Users/Miller/.pico-sdk/sdk/2.1.1/lib/tinyusb/src/class/cdc/cdc_device.c.obj
                0x10006c14                cdcd_open
 .text.cdcd_control_xfer_cb
                0x10006cb8       0xe8 CMakeFiles/Usar_SSD.dir/C_/Users/Miller/.pico-sdk/sdk/2.1.1/lib/tinyusb/src/class/cdc/cdc_device.c.obj
                0x10006cb8                cdcd_control_xfer_cb
 .text.cdcd_xfer_cb
                0x10006da0      0x100 CMakeFiles/Usar_SSD.dir/C_/Users/Miller/.pico-sdk/sdk/2.1.1/lib/tinyusb/src/class/cdc/cdc_device.c.obj
                0x10006da0                cdcd_xfer_cb
 .text.vendord_init
                0x10006ea0       0x5c CMakeFiles/Usar_SSD.dir/C_/Users/Miller/.pico-sdk/sdk/2.1.1/lib/tinyusb/src/class/vendor/vendor_device.c.obj
                0x10006ea0                vendord_init
 .text.vendord_deinit
                0x10006efc       0x1c CMakeFiles/Usar_SSD.dir/C_/Users/Miller/.pico-sdk/sdk/2.1.1/lib/tinyusb/src/class/vendor/vendor_device.c.obj
                0x10006efc                vendord_deinit
 .text.vendord_reset
                0x10006f18       0x28 CMakeFiles/Usar_SSD.dir/C_/Users/Miller/.pico-sdk/sdk/2.1.1/lib/tinyusb/src/class/vendor/vendor_device.c.obj
                0x10006f18                vendord_reset
 .text.vendord_open
                0x10006f40      0x120 CMakeFiles/Usar_SSD.dir/C_/Users/Miller/.pico-sdk/sdk/2.1.1/lib/tinyusb/src/class/vendor/vendor_device.c.obj
                0x10006f40                vendord_open
 .text.vendord_xfer_cb
                0x10007060       0x9c CMakeFiles/Usar_SSD.dir/C_/Users/Miller/.pico-sdk/sdk/2.1.1/lib/tinyusb/src/class/vendor/vendor_device.c.obj
                0x10007060                vendord_xfer_cb
 .text.tusb_rhport_init
                0x100070fc       0x4c CMakeFiles/Usar_SSD.dir/C_/Users/Miller/.pico-sdk/sdk/2.1.1/lib/tinyusb/src/tusb.c.obj
                0x100070fc                tusb_rhport_init
 .text.tu_edpt_claim
                0x10007148       0x50 CMakeFiles/Usar_SSD.dir/C_/Users/Miller/.pico-sdk/sdk/2.1.1/lib/tinyusb/src/tusb.c.obj
                0x10007148                tu_edpt_claim
 .text.tu_edpt_release
                0x10007198       0x38 CMakeFiles/Usar_SSD.dir/C_/Users/Miller/.pico-sdk/sdk/2.1.1/lib/tinyusb/src/tusb.c.obj
                0x10007198                tu_edpt_release
 .text.tu_edpt_validate
                0x100071d0       0x7c CMakeFiles/Usar_SSD.dir/C_/Users/Miller/.pico-sdk/sdk/2.1.1/lib/tinyusb/src/tusb.c.obj
                0x100071d0                tu_edpt_validate
 .text.tu_edpt_bind_driver
                0x1000724c       0x34 CMakeFiles/Usar_SSD.dir/C_/Users/Miller/.pico-sdk/sdk/2.1.1/lib/tinyusb/src/tusb.c.obj
                0x1000724c                tu_edpt_bind_driver
 .text.tu_edpt_stream_init
                0x10007280       0x6c CMakeFiles/Usar_SSD.dir/C_/Users/Miller/.pico-sdk/sdk/2.1.1/lib/tinyusb/src/tusb.c.obj
                0x10007280                tu_edpt_stream_init
 .text.tu_edpt_stream_deinit
                0x100072ec        0x4 CMakeFiles/Usar_SSD.dir/C_/Users/Miller/.pico-sdk/sdk/2.1.1/lib/tinyusb/src/tusb.c.obj
                0x100072ec                tu_edpt_stream_deinit
 .text.tu_edpt_stream_write_zlp_if_needed
                0x100072f0       0x68 CMakeFiles/Usar_SSD.dir/C_/Users/Miller/.pico-sdk/sdk/2.1.1/lib/tinyusb/src/tusb.c.obj
                0x100072f0                tu_edpt_stream_write_zlp_if_needed
 .text.tu_edpt_stream_write_xfer
                0x10007358       0x68 CMakeFiles/Usar_SSD.dir/C_/Users/Miller/.pico-sdk/sdk/2.1.1/lib/tinyusb/src/tusb.c.obj
                0x10007358                tu_edpt_stream_write_xfer
 .text.tu_edpt_stream_read_xfer
                0x100073c0       0xd8 CMakeFiles/Usar_SSD.dir/C_/Users/Miller/.pico-sdk/sdk/2.1.1/lib/tinyusb/src/tusb.c.obj
                0x100073c0                tu_edpt_stream_read_xfer
 .text.tu_fifo_config
                0x10007498       0x6c CMakeFiles/Usar_SSD.dir/C_/Users/Miller/.pico-sdk/sdk/2.1.1/lib/tinyusb/src/common/tusb_fifo.c.obj
                0x10007498                tu_fifo_config
 .text.tu_fifo_count
                0x10007504       0x2c CMakeFiles/Usar_SSD.dir/C_/Users/Miller/.pico-sdk/sdk/2.1.1/lib/tinyusb/src/common/tusb_fifo.c.obj
                0x10007504                tu_fifo_count
 .text.tu_fifo_empty
                0x10007530       0x10 CMakeFiles/Usar_SSD.dir/C_/Users/Miller/.pico-sdk/sdk/2.1.1/lib/tinyusb/src/common/tusb_fifo.c.obj
                0x10007530                tu_fifo_empty
 .text.tu_fifo_remaining
                0x10007540       0x2c CMakeFiles/Usar_SSD.dir/C_/Users/Miller/.pico-sdk/sdk/2.1.1/lib/tinyusb/src/common/tusb_fifo.c.obj
                0x10007540                tu_fifo_remaining
 .text.tu_fifo_read
                0x1000756c       0x9c CMakeFiles/Usar_SSD.dir/C_/Users/Miller/.pico-sdk/sdk/2.1.1/lib/tinyusb/src/common/tusb_fifo.c.obj
                0x1000756c                tu_fifo_read
 .text.tu_fifo_read_n
                0x10007608       0xe8 CMakeFiles/Usar_SSD.dir/C_/Users/Miller/.pico-sdk/sdk/2.1.1/lib/tinyusb/src/common/tusb_fifo.c.obj
                0x10007608                tu_fifo_read_n
 .text.tu_fifo_write
                0x100076f0       0xa4 CMakeFiles/Usar_SSD.dir/C_/Users/Miller/.pico-sdk/sdk/2.1.1/lib/tinyusb/src/common/tusb_fifo.c.obj
                0x100076f0                tu_fifo_write
 .text.tu_fifo_write_n
                0x10007794      0x178 CMakeFiles/Usar_SSD.dir/C_/Users/Miller/.pico-sdk/sdk/2.1.1/lib/tinyusb/src/common/tusb_fifo.c.obj
                0x10007794                tu_fifo_write_n
 .text.tu_fifo_clear
                0x1000790c       0x40 CMakeFiles/Usar_SSD.dir/C_/Users/Miller/.pico-sdk/sdk/2.1.1/lib/tinyusb/src/common/tusb_fifo.c.obj
                0x1000790c                tu_fifo_clear
 .text.tu_fifo_set_overwritable
                0x1000794c       0x48 CMakeFiles/Usar_SSD.dir/C_/Users/Miller/.pico-sdk/sdk/2.1.1/lib/tinyusb/src/common/tusb_fifo.c.obj
                0x1000794c                tu_fifo_set_overwritable
 .text.ff_memalloc
                0x10007994        0x8 CMakeFiles/Usar_SSD.dir/lib/FatFs_SPI/ff15/source/ffsystem.c.obj
                0x10007994                ff_memalloc
 .text.ff_memfree
                0x1000799c        0x8 CMakeFiles/Usar_SSD.dir/lib/FatFs_SPI/ff15/source/ffsystem.c.obj
                0x1000799c                ff_memfree
 .text.ff_uni2oem
                0x100079a4       0x40 CMakeFiles/Usar_SSD.dir/lib/FatFs_SPI/ff15/source/ffunicode.c.obj
                0x100079a4                ff_uni2oem
 .text.ff_oem2uni
                0x100079e4       0x2c CMakeFiles/Usar_SSD.dir/lib/FatFs_SPI/ff15/source/ffunicode.c.obj
                0x100079e4                ff_oem2uni
 .text.ff_wtoupper
                0x10007a10       0xb8 CMakeFiles/Usar_SSD.dir/lib/FatFs_SPI/ff15/source/ffunicode.c.obj
                0x10007a10                ff_wtoupper
 .text.tchar2uni
                0x10007ac8      0x100 CMakeFiles/Usar_SSD.dir/lib/FatFs_SPI/ff15/source/ff.c.obj
 .text.inc_share
                0x10007bc8      0x37c CMakeFiles/Usar_SSD.dir/lib/FatFs_SPI/ff15/source/ff.c.obj
 .text.put_utf  0x10007f44       0xec CMakeFiles/Usar_SSD.dir/lib/FatFs_SPI/ff15/source/ff.c.obj
 .text.dir_clear
                0x10008030      0x1b0 CMakeFiles/Usar_SSD.dir/lib/FatFs_SPI/ff15/source/ff.c.obj
 .text.init_alloc_info.isra.0
                0x100081e0       0x6c CMakeFiles/Usar_SSD.dir/lib/FatFs_SPI/ff15/source/ff.c.obj
 .text.pattern_match
                0x1000824c      0x104 CMakeFiles/Usar_SSD.dir/lib/FatFs_SPI/ff15/source/ff.c.obj
 .text.move_window
                0x10008350       0xbc CMakeFiles/Usar_SSD.dir/lib/FatFs_SPI/ff15/source/ff.c.obj
 .text.put_fat.part.0
                0x1000840c      0x164 CMakeFiles/Usar_SSD.dir/lib/FatFs_SPI/ff15/source/ff.c.obj
 .text.get_fat  0x10008570      0x1b0 CMakeFiles/Usar_SSD.dir/lib/FatFs_SPI/ff15/source/ff.c.obj
 .text.dir_next.constprop.0
                0x10008720       0xbc CMakeFiles/Usar_SSD.dir/lib/FatFs_SPI/ff15/source/ff.c.obj
 .text.get_fileinfo
                0x100087dc      0x328 CMakeFiles/Usar_SSD.dir/lib/FatFs_SPI/ff15/source/ff.c.obj
 .text.sync_fs  0x10008b04       0xfc CMakeFiles/Usar_SSD.dir/lib/FatFs_SPI/ff15/source/ff.c.obj
 .text.check_fs
                0x10008c00      0x188 CMakeFiles/Usar_SSD.dir/lib/FatFs_SPI/ff15/source/ff.c.obj
 .text.mount_volume
                0x10008d88      0xac0 CMakeFiles/Usar_SSD.dir/lib/FatFs_SPI/ff15/source/ff.c.obj
 .text.load_xdir
                0x10009848      0x1c0 CMakeFiles/Usar_SSD.dir/lib/FatFs_SPI/ff15/source/ff.c.obj
 .text.dir_read.constprop.0
                0x10009a08      0x518 CMakeFiles/Usar_SSD.dir/lib/FatFs_SPI/ff15/source/ff.c.obj
 .text.dir_sdi  0x10009f20      0x2f4 CMakeFiles/Usar_SSD.dir/lib/FatFs_SPI/ff15/source/ff.c.obj
 .text.store_xdir
                0x1000a214      0x234 CMakeFiles/Usar_SSD.dir/lib/FatFs_SPI/ff15/source/ff.c.obj
 .text.dir_find
                0x1000a448      0x49c CMakeFiles/Usar_SSD.dir/lib/FatFs_SPI/ff15/source/ff.c.obj
 .text.follow_path
                0x1000a8e4      0x5b0 CMakeFiles/Usar_SSD.dir/lib/FatFs_SPI/ff15/source/ff.c.obj
 .text.remove_chain
                0x1000ae94      0x3e4 CMakeFiles/Usar_SSD.dir/lib/FatFs_SPI/ff15/source/ff.c.obj
 .text.create_chain
                0x1000b278      0x4fc CMakeFiles/Usar_SSD.dir/lib/FatFs_SPI/ff15/source/ff.c.obj
 .text.dir_alloc
                0x1000b774      0x214 CMakeFiles/Usar_SSD.dir/lib/FatFs_SPI/ff15/source/ff.c.obj
 .text.dir_register
                0x1000b988      0x950 CMakeFiles/Usar_SSD.dir/lib/FatFs_SPI/ff15/source/ff.c.obj
 .text.f_mount  0x1000c2d8      0x1c8 CMakeFiles/Usar_SSD.dir/lib/FatFs_SPI/ff15/source/ff.c.obj
                0x1000c2d8                f_mount
 .text.f_open   0x1000c4a0      0x89c CMakeFiles/Usar_SSD.dir/lib/FatFs_SPI/ff15/source/ff.c.obj
                0x1000c4a0                f_open
 .text.f_read   0x1000cd3c      0x26c CMakeFiles/Usar_SSD.dir/lib/FatFs_SPI/ff15/source/ff.c.obj
                0x1000cd3c                f_read
 .text.f_write  0x1000cfa8      0x2f4 CMakeFiles/Usar_SSD.dir/lib/FatFs_SPI/ff15/source/ff.c.obj
                0x1000cfa8                f_write
 .text.f_sync   0x1000d29c      0x2b8 CMakeFiles/Usar_SSD.dir/lib/FatFs_SPI/ff15/source/ff.c.obj
                0x1000d29c                f_sync
 .text.f_close  0x1000d554       0x78 CMakeFiles/Usar_SSD.dir/lib/FatFs_SPI/ff15/source/ff.c.obj
                0x1000d554                f_close
 .text.f_getcwd
                0x1000d5cc      0x36c CMakeFiles/Usar_SSD.dir/lib/FatFs_SPI/ff15/source/ff.c.obj
                0x1000d5cc                f_getcwd
 .text.f_closedir
                0x1000d938       0x70 CMakeFiles/Usar_SSD.dir/lib/FatFs_SPI/ff15/source/ff.c.obj
                0x1000d938                f_closedir
 .text.f_readdir
                0x1000d9a8       0x8c CMakeFiles/Usar_SSD.dir/lib/FatFs_SPI/ff15/source/ff.c.obj
                0x1000d9a8                f_readdir
 .text.f_findnext
                0x1000da34      0x2b4 CMakeFiles/Usar_SSD.dir/lib/FatFs_SPI/ff15/source/ff.c.obj
                0x1000da34                f_findnext
 .text.f_findfirst
                0x1000dce8      0x118 CMakeFiles/Usar_SSD.dir/lib/FatFs_SPI/ff15/source/ff.c.obj
                0x1000dce8                f_findfirst
 .text.f_getfree
                0x1000de00      0x204 CMakeFiles/Usar_SSD.dir/lib/FatFs_SPI/ff15/source/ff.c.obj
                0x1000de00                f_getfree
 .text.f_mkfs   0x1000e004     0x1c90 CMakeFiles/Usar_SSD.dir/lib/FatFs_SPI/ff15/source/ff.c.obj
                0x1000e004                f_mkfs
 .text.f_gets   0x1000fc94      0x46c CMakeFiles/Usar_SSD.dir/lib/FatFs_SPI/ff15/source/ff.c.obj
                0x1000fc94                f_gets
 .text.f_puts   0x10010100      0x218 CMakeFiles/Usar_SSD.dir/lib/FatFs_SPI/ff15/source/ff.c.obj
                0x10010100                f_puts
 .text.sd_spi_go_high_frequency
                0x10010318       0x10 CMakeFiles/Usar_SSD.dir/lib/FatFs_SPI/sd_driver/sd_spi.c.obj
                0x10010318                sd_spi_go_high_frequency
 .text.sd_spi_go_low_frequency
                0x10010328       0x14 CMakeFiles/Usar_SSD.dir/lib/FatFs_SPI/sd_driver/sd_spi.c.obj
                0x10010328                sd_spi_go_low_frequency
 .text.sd_spi_deselect_pulse
                0x1001033c       0x44 CMakeFiles/Usar_SSD.dir/lib/FatFs_SPI/sd_driver/sd_spi.c.obj
                0x1001033c                sd_spi_deselect_pulse
 .text.sd_spi_acquire
                0x10010380       0x30 CMakeFiles/Usar_SSD.dir/lib/FatFs_SPI/sd_driver/sd_spi.c.obj
                0x10010380                sd_spi_acquire
 .text.sd_spi_release
                0x100103b0       0x30 CMakeFiles/Usar_SSD.dir/lib/FatFs_SPI/sd_driver/sd_spi.c.obj
                0x100103b0                sd_spi_release
 .text.sd_spi_transfer
                0x100103e0        0xc CMakeFiles/Usar_SSD.dir/lib/FatFs_SPI/sd_driver/sd_spi.c.obj
                0x100103e0                sd_spi_transfer
 .text.sd_spi_write
                0x100103ec       0x24 CMakeFiles/Usar_SSD.dir/lib/FatFs_SPI/sd_driver/sd_spi.c.obj
                0x100103ec                sd_spi_write
 .text.sd_spi_send_initializing_sequence
                0x10010410       0x78 CMakeFiles/Usar_SSD.dir/lib/FatFs_SPI/sd_driver/sd_spi.c.obj
                0x10010410                sd_spi_send_initializing_sequence
 .text.spi_lock
                0x10010488        0xc CMakeFiles/Usar_SSD.dir/lib/FatFs_SPI/sd_driver/spi.c.obj
                0x10010488                spi_lock
 .text.spi_unlock
                0x10010494        0xc CMakeFiles/Usar_SSD.dir/lib/FatFs_SPI/sd_driver/spi.c.obj
                0x10010494                spi_unlock
 .text.my_spi_init
                0x100104a0      0x1b4 CMakeFiles/Usar_SSD.dir/lib/FatFs_SPI/sd_driver/spi.c.obj
                0x100104a0                my_spi_init
 .text.sd_test_com
                0x10010654      0x1b8 CMakeFiles/Usar_SSD.dir/lib/FatFs_SPI/sd_driver/sd_card.c.obj
 .text.sd_cmd   0x1001080c      0x348 CMakeFiles/Usar_SSD.dir/lib/FatFs_SPI/sd_driver/sd_card.c.obj
 .text.sd_sectors_nolock
                0x10010b54      0x178 CMakeFiles/Usar_SSD.dir/lib/FatFs_SPI/sd_driver/sd_card.c.obj
 .text.sd_read_blocks
                0x10010ccc      0x190 CMakeFiles/Usar_SSD.dir/lib/FatFs_SPI/sd_driver/sd_card.c.obj
                0x10010ccc                sd_read_blocks
 .text.sd_write_blocks
                0x10010e5c      0x1fc CMakeFiles/Usar_SSD.dir/lib/FatFs_SPI/sd_driver/sd_card.c.obj
                0x10010e5c                sd_write_blocks
 .text.sd_init  0x10011058      0x210 CMakeFiles/Usar_SSD.dir/lib/FatFs_SPI/sd_driver/sd_card.c.obj
 .text.sd_card_detect
                0x10011268       0x44 CMakeFiles/Usar_SSD.dir/lib/FatFs_SPI/sd_driver/sd_card.c.obj
                0x10011268                sd_card_detect
 .text.sd_sectors
                0x100112ac       0x30 CMakeFiles/Usar_SSD.dir/lib/FatFs_SPI/sd_driver/sd_card.c.obj
                0x100112ac                sd_sectors
 .text.sd_init_driver
                0x100112dc      0x110 CMakeFiles/Usar_SSD.dir/lib/FatFs_SPI/sd_driver/sd_card.c.obj
                0x100112dc                sd_init_driver
 .text.crc7     0x100113ec       0x28 CMakeFiles/Usar_SSD.dir/lib/FatFs_SPI/sd_driver/crc.c.obj
                0x100113ec                crc7
 .text.crc16    0x10011414       0x30 CMakeFiles/Usar_SSD.dir/lib/FatFs_SPI/sd_driver/crc.c.obj
                0x10011414                crc16
 .text.disk_status
                0x10011444       0x18 CMakeFiles/Usar_SSD.dir/lib/FatFs_SPI/src/glue.c.obj
                0x10011444                disk_status
 .text.disk_initialize
                0x1001145c       0x2c CMakeFiles/Usar_SSD.dir/lib/FatFs_SPI/src/glue.c.obj
                0x1001145c                disk_initialize
 .text.disk_read
                0x10011488       0x74 CMakeFiles/Usar_SSD.dir/lib/FatFs_SPI/src/glue.c.obj
                0x10011488                disk_read
 .text.disk_write
                0x100114fc       0x74 CMakeFiles/Usar_SSD.dir/lib/FatFs_SPI/src/glue.c.obj
                0x100114fc                disk_write
 .text.disk_ioctl
                0x10011570       0x3c CMakeFiles/Usar_SSD.dir/lib/FatFs_SPI/src/glue.c.obj
                0x10011570                disk_ioctl
 .text.FRESULT_str
                0x100115ac       0x18 CMakeFiles/Usar_SSD.dir/lib/FatFs_SPI/src/f_util.c.obj
                0x100115ac                FRESULT_str
 .text.time_init
                0x100115c4       0x54 CMakeFiles/Usar_SSD.dir/lib/FatFs_SPI/src/rtc.c.obj
                0x100115c4                time_init
 .text.get_fattime
                0x10011618       0x64 CMakeFiles/Usar_SSD.dir/lib/FatFs_SPI/src/rtc.c.obj
                0x10011618                get_fattime
 .text.spi_init
                0x1001167c      0x13c CMakeFiles/Usar_SSD.dir/C_/Users/Miller/.pico-sdk/sdk/2.1.1/src/rp2_common/hardware_spi/spi.c.obj
                0x1001167c                spi_init
 .text.spi_set_baudrate
                0x100117b8       0xb8 CMakeFiles/Usar_SSD.dir/C_/Users/Miller/.pico-sdk/sdk/2.1.1/src/rp2_common/hardware_spi/spi.c.obj
                0x100117b8                spi_set_baudrate
 .text.dma_claim_unused_channel
                0x10011870       0x24 CMakeFiles/Usar_SSD.dir/C_/Users/Miller/.pico-sdk/sdk/2.1.1/src/rp2_common/hardware_dma/dma.c.obj
                0x10011870                dma_claim_unused_channel
 .text.rtc_init
                0x10011894       0x38 CMakeFiles/Usar_SSD.dir/C_/Users/Miller/.pico-sdk/sdk/2.1.1/src/rp2_common/hardware_rtc/rtc.c.obj
                0x10011894                rtc_init
 .text.rtc_set_datetime
                0x100118cc       0xac CMakeFiles/Usar_SSD.dir/C_/Users/Miller/.pico-sdk/sdk/2.1.1/src/rp2_common/hardware_rtc/rtc.c.obj
                0x100118cc                rtc_set_datetime
 .text.rtc_get_datetime
                0x10011978       0x44 CMakeFiles/Usar_SSD.dir/C_/Users/Miller/.pico-sdk/sdk/2.1.1/src/rp2_common/hardware_rtc/rtc.c.obj
                0x10011978                rtc_get_datetime
 .text.adc_init
                0x100119bc       0x38 CMakeFiles/Usar_SSD.dir/C_/Users/Miller/.pico-sdk/sdk/2.1.1/src/rp2_common/hardware_adc/adc.c.obj
                0x100119bc                adc_init
 .text.i2c_read_blocking_internal.constprop.0
                0x100119f4       0x98 CMakeFiles/Usar_SSD.dir/C_/Users/Miller/.pico-sdk/sdk/2.1.1/src/rp2_common/hardware_i2c/i2c.c.obj
 .text.i2c_write_blocking_internal.constprop.0
                0x10011a8c       0xf8 CMakeFiles/Usar_SSD.dir/C_/Users/Miller/.pico-sdk/sdk/2.1.1/src/rp2_common/hardware_i2c/i2c.c.obj
 .text.i2c_set_baudrate
                0x10011b84       0xc0 CMakeFiles/Usar_SSD.dir/C_/Users/Miller/.pico-sdk/sdk/2.1.1/src/rp2_common/hardware_i2c/i2c.c.obj
                0x10011b84                i2c_set_baudrate
 .text.i2c_init
                0x10011c44       0x50 CMakeFiles/Usar_SSD.dir/C_/Users/Miller/.pico-sdk/sdk/2.1.1/src/rp2_common/hardware_i2c/i2c.c.obj
                0x10011c44                i2c_init
 .text.i2c_write_blocking
                0x10011c94       0x14 CMakeFiles/Usar_SSD.dir/C_/Users/Miller/.pico-sdk/sdk/2.1.1/src/rp2_common/hardware_i2c/i2c.c.obj
                0x10011c94                i2c_write_blocking
 .text.i2c_read_blocking
                0x10011ca8       0x14 CMakeFiles/Usar_SSD.dir/C_/Users/Miller/.pico-sdk/sdk/2.1.1/src/rp2_common/hardware_i2c/i2c.c.obj
                0x10011ca8                i2c_read_blocking
 .text.atoi     0x10011cbc        0xc C:/Users/Miller/.pico-sdk/toolchain/14_2_Rel1/bin/../lib/gcc/arm-none-eabi/14.2.1/thumb/v6-m/nofp\libg.a(libc_a-atoi.o)
                0x10011cbc                atoi
 .text.malloc   0x10011cc8       0x14 C:/Users/Miller/.pico-sdk/toolchain/14_2_Rel1/bin/../lib/gcc/arm-none-eabi/14.2.1/thumb/v6-m/nofp\libg.a(libc_a-malloc.o)
                0x10011cc8                malloc
 .text.free     0x10011cdc       0x14 C:/Users/Miller/.pico-sdk/toolchain/14_2_Rel1/bin/../lib/gcc/arm-none-eabi/14.2.1/thumb/v6-m/nofp\libg.a(libc_a-malloc.o)
                0x10011cdc                free
 .text._malloc_r
                0x10011cf0      0x5cc C:/Users/Miller/.pico-sdk/toolchain/14_2_Rel1/bin/../lib/gcc/arm-none-eabi/14.2.1/thumb/v6-m/nofp\libg.a(libc_a-mallocr.o)
                0x10011cf0                _malloc_r
 .text.__malloc_lock
                0x100122bc       0x10 C:/Users/Miller/.pico-sdk/toolchain/14_2_Rel1/bin/../lib/gcc/arm-none-eabi/14.2.1/thumb/v6-m/nofp\libg.a(libc_a-mlock.o)
                0x100122bc                __malloc_lock
 .text.__malloc_unlock
                0x100122cc       0x10 C:/Users/Miller/.pico-sdk/toolchain/14_2_Rel1/bin/../lib/gcc/arm-none-eabi/14.2.1/thumb/v6-m/nofp\libg.a(libc_a-mlock.o)
                0x100122cc                __malloc_unlock
 .text._strtol_l.isra.0
                0x100122dc      0x158 C:/Users/Miller/.pico-sdk/toolchain/14_2_Rel1/bin/../lib/gcc/arm-none-eabi/14.2.1/thumb/v6-m/nofp\libg.a(libc_a-strtol.o)
 .text.strtol   0x10012434       0x18 C:/Users/Miller/.pico-sdk/toolchain/14_2_Rel1/bin/../lib/gcc/arm-none-eabi/14.2.1/thumb/v6-m/nofp\libg.a(libc_a-strtol.o)
                0x10012434                strtol
 .text.memcmp   0x1001244c       0x48 C:/Users/Miller/.pico-sdk/toolchain/14_2_Rel1/bin/../lib/gcc/arm-none-eabi/14.2.1/thumb/v6-m/nofp\libg.a(libc_a-memcmp.o)
                0x1001244c                memcmp
 .text.strchr   0x10012494       0xc4 C:/Users/Miller/.pico-sdk/toolchain/14_2_Rel1/bin/../lib/gcc/arm-none-eabi/14.2.1/thumb/v6-m/nofp\libg.a(libc_a-strchr.o)
                0x10012494                strchr
 .text.strnlen  0x10012558       0x20 C:/Users/Miller/.pico-sdk/toolchain/14_2_Rel1/bin/../lib/gcc/arm-none-eabi/14.2.1/thumb/v6-m/nofp\libg.a(libc_a-strnlen.o)
                0x10012558                strnlen
 .text.strtok   0x10012578       0x14 C:/Users/Miller/.pico-sdk/toolchain/14_2_Rel1/bin/../lib/gcc/arm-none-eabi/14.2.1/thumb/v6-m/nofp\libg.a(libc_a-strtok.o)
                0x10012578                strtok
 .text.__strtok_r
                0x1001258c       0x64 C:/Users/Miller/.pico-sdk/toolchain/14_2_Rel1/bin/../lib/gcc/arm-none-eabi/14.2.1/thumb/v6-m/nofp\libg.a(libc_a-strtok_r.o)
                0x1001258c                __strtok_r
 .text._sbrk_r  0x100125f0       0x24 C:/Users/Miller/.pico-sdk/toolchain/14_2_Rel1/bin/../lib/gcc/arm-none-eabi/14.2.1/thumb/v6-m/nofp\libg.a(libc_a-sbrkr.o)
                0x100125f0                _sbrk_r
 .text.__errno  0x10012614        0xc C:/Users/Miller/.pico-sdk/toolchain/14_2_Rel1/bin/../lib/gcc/arm-none-eabi/14.2.1/thumb/v6-m/nofp\libg.a(libc_a-errno.o)
                0x10012614                __errno
 .text.__retarget_lock_acquire_recursive
                0x10012620        0x4 C:/Users/Miller/.pico-sdk/toolchain/14_2_Rel1/bin/../lib/gcc/arm-none-eabi/14.2.1/thumb/v6-m/nofp\libg.a(libc_a-lock.o)
                0x10012620                __retarget_lock_acquire_recursive
 .text.__retarget_lock_release_recursive
                0x10012624        0x4 C:/Users/Miller/.pico-sdk/toolchain/14_2_Rel1/bin/../lib/gcc/arm-none-eabi/14.2.1/thumb/v6-m/nofp\libg.a(libc_a-lock.o)
                0x10012624                __retarget_lock_release_recursive
 .text.sysconf  0x10012628       0x1c C:/Users/Miller/.pico-sdk/toolchain/14_2_Rel1/bin/../lib/gcc/arm-none-eabi/14.2.1/thumb/v6-m/nofp\libg.a(libc_a-sysconf.o)
                0x10012628                sysconf
 .text          0x10012644       0x88 C:/Users/Miller/.pico-sdk/toolchain/14_2_Rel1/bin/../lib/gcc/arm-none-eabi/14.2.1/thumb/v6-m/nofp\libg.a(libc_a-strcmp.o)
                0x10012644                strcmp
 .text.strlen   0x100126cc       0x5c C:/Users/Miller/.pico-sdk/toolchain/14_2_Rel1/bin/../lib/gcc/arm-none-eabi/14.2.1/thumb/v6-m/nofp\libg.a(libc_a-strlen-stub.o)
                0x100126cc                strlen
 .text._malloc_trim_r
                0x10012728       0xb4 C:/Users/Miller/.pico-sdk/toolchain/14_2_Rel1/bin/../lib/gcc/arm-none-eabi/14.2.1/thumb/v6-m/nofp\libg.a(libc_a-freer.o)
                0x10012728                _malloc_trim_r
 .text._free_r  0x100127dc      0x1f0 C:/Users/Miller/.pico-sdk/toolchain/14_2_Rel1/bin/../lib/gcc/arm-none-eabi/14.2.1/thumb/v6-m/nofp\libg.a(libc_a-freer.o)
                0x100127dc                _free_r
 *(.fini)
 .fini          0x100129cc        0x4 C:/Users/Miller/.pico-sdk/toolchain/14_2_Rel1/bin/../lib/gcc/arm-none-eabi/14.2.1/thumb/v6-m/nofp/crti.o
                0x100129cc                _fini
 .fini.__stub   0x100129d0       0xf0 linker stubs
 *crtbegin.o(.ctors)
 *crtbegin?.o(.ctors)
 *(EXCLUDE_FILE(*crtend.o *crtend?.o) .ctors)
 *(SORT_BY_NAME(.ctors.*))
 *(.ctors)
 *crtbegin.o(.dtors)
 *crtbegin?.o(.dtors)
 *(EXCLUDE_FILE(*crtend.o *crtend?.o) .dtors)
 *(SORT_BY_NAME(.dtors.*))
 *(.dtors)
                0x10012ac0                        . = ALIGN (0x4)
                0x10012ac0                        PROVIDE (__preinit_array_start = .)
 *(SORT_BY_NAME(.preinit_array.*))
 .preinit_array.00100
                0x10012ac0        0x4 CMakeFiles/Usar_SSD.dir/C_/Users/Miller/.pico-sdk/sdk/2.1.1/src/rp2_common/pico_runtime_init/runtime_init.c.obj
                0x10012ac0                __pre_init_runtime_init_early_resets
 .preinit_array.00101
                0x10012ac4        0x4 CMakeFiles/Usar_SSD.dir/C_/Users/Miller/.pico-sdk/sdk/2.1.1/src/rp2_common/pico_runtime_init/runtime_init.c.obj
                0x10012ac4                __pre_init_runtime_init_usb_power_down
 .preinit_array.00275
                0x10012ac8        0x4 CMakeFiles/Usar_SSD.dir/C_/Users/Miller/.pico-sdk/sdk/2.1.1/src/rp2_common/pico_bit_ops/bit_ops_aeabi.S.obj
 .preinit_array.00300
                0x10012acc        0x4 CMakeFiles/Usar_SSD.dir/C_/Users/Miller/.pico-sdk/sdk/2.1.1/src/rp2_common/pico_mem_ops/mem_ops_aeabi.S.obj
 .preinit_array.00350
                0x10012ad0        0x4 CMakeFiles/Usar_SSD.dir/C_/Users/Miller/.pico-sdk/sdk/2.1.1/src/rp2_common/pico_double/double_aeabi_rp2040.S.obj
 .preinit_array.00350
                0x10012ad4        0x4 CMakeFiles/Usar_SSD.dir/C_/Users/Miller/.pico-sdk/sdk/2.1.1/src/rp2_common/pico_float/float_aeabi_rp2040.S.obj
 .preinit_array.00500
                0x10012ad8        0x4 CMakeFiles/Usar_SSD.dir/C_/Users/Miller/.pico-sdk/sdk/2.1.1/src/rp2_common/pico_runtime_init/runtime_init.c.obj
                0x10012ad8                __pre_init_runtime_init_clocks
 .preinit_array.00600
                0x10012adc        0x4 CMakeFiles/Usar_SSD.dir/C_/Users/Miller/.pico-sdk/sdk/2.1.1/src/rp2_common/pico_runtime_init/runtime_init.c.obj
                0x10012adc                __pre_init_runtime_init_post_clock_resets
 .preinit_array.00700
                0x10012ae0        0x4 CMakeFiles/Usar_SSD.dir/C_/Users/Miller/.pico-sdk/sdk/2.1.1/src/rp2_common/pico_runtime_init/runtime_init.c.obj
                0x10012ae0                __pre_init_runtime_init_rp2040_gpio_ie_disable
 .preinit_array.01000
                0x10012ae4        0x4 CMakeFiles/Usar_SSD.dir/C_/Users/Miller/.pico-sdk/sdk/2.1.1/src/rp2_common/pico_runtime_init/runtime_init.c.obj
                0x10012ae4                __pre_init_runtime_init_spin_locks_reset
 .preinit_array.01100
                0x10012ae8        0x4 CMakeFiles/Usar_SSD.dir/C_/Users/Miller/.pico-sdk/sdk/2.1.1/src/common/pico_sync/mutex.c.obj
                0x10012ae8                __pre_init_runtime_init_mutex
 .preinit_array.10080
                0x10012aec        0x4 CMakeFiles/Usar_SSD.dir/C_/Users/Miller/.pico-sdk/sdk/2.1.1/src/rp2_common/pico_runtime_init/runtime_init.c.obj
                0x10012aec                __pre_init_runtime_init_install_ram_vector_table
 .preinit_array.11000
                0x10012af0        0x4 CMakeFiles/Usar_SSD.dir/C_/Users/Miller/.pico-sdk/sdk/2.1.1/src/common/pico_time/time.c.obj
                0x10012af0                __pre_init_runtime_init_default_alarm_pool
 .preinit_array.YYYYY
                0x10012af4        0x4 CMakeFiles/Usar_SSD.dir/C_/Users/Miller/.pico-sdk/sdk/2.1.1/src/rp2_common/pico_runtime/runtime.c.obj
                0x10012af4                __pre_init_first_per_core_initializer
 .preinit_array.ZZZZZ.01200
                0x10012af8        0x4 CMakeFiles/Usar_SSD.dir/C_/Users/Miller/.pico-sdk/sdk/2.1.1/src/rp2_common/hardware_irq/irq.c.obj
                0x10012af8                __pre_init_runtime_init_per_core_irq_priorities
 *(.preinit_array)
                0x10012afc                        PROVIDE (__preinit_array_end = .)
                0x10012afc                        . = ALIGN (0x4)
                0x10012afc                        PROVIDE (__init_array_start = .)
 *(SORT_BY_NAME(.init_array.*))
 *(.init_array)
 .init_array    0x10012afc        0x4 C:/Users/Miller/.pico-sdk/toolchain/14_2_Rel1/bin/../lib/gcc/arm-none-eabi/14.2.1/thumb/v6-m/nofp/crtbegin.o
 .init_array    0x10012b00        0x4 CMakeFiles/Usar_SSD.dir/C_/Users/Miller/.pico-sdk/sdk/2.1.1/src/rp2_common/pico_unique_id/unique_id.c.obj
                0x10012b04                        PROVIDE (__init_array_end = .)
                0x10012b04                        . = ALIGN (0x4)
                [!provide]                        PROVIDE (__fini_array_start = .)
 *(SORT_BY_NAME(.fini_array.*))
 *(.fini_array)
                [!provide]                        PROVIDE (__fini_array_end = .)
 *(.eh_frame*)
 .eh_frame      0x10012b04        0x0 C:/Users/Miller/.pico-sdk/toolchain/14_2_Rel1/bin/../lib/gcc/arm-none-eabi/14.2.1/thumb/v6-m/nofp/crtbegin.o
                0x10012b04                        . = ALIGN (0x4)

.glue_7         0x10012b04        0x0
 .glue_7        0x10012b04        0x0 linker stubs

.glue_7t        0x10012b04        0x0
 .glue_7t       0x10012b04        0x0 linker stubs

.vfp11_veneer   0x10012b04        0x0
 .vfp11_veneer  0x10012b04        0x0 linker stubs

.v4_bx          0x10012b04        0x0
 .v4_bx         0x10012b04        0x0 linker stubs

.iplt           0x10012b04        0x0
 .iplt          0x10012b04        0x0 C:/Users/Miller/.pico-sdk/toolchain/14_2_Rel1/bin/../lib/gcc/arm-none-eabi/14.2.1/thumb/v6-m/nofp/crtbegin.o

.rodata         0x10012b08     0x1d34
 *(EXCLUDE_FILE(*libm.a: *libc.a:*lib_a-mem*.o *libgcc.a:) .rodata*)
 .rodata.run_help.str1.4
                0x10012b08      0xf1a CMakeFiles/Usar_SSD.dir/Cartao_FatFS_SPI.c.obj
                                0x1da (size before relaxing)
 .rodata.run_cat.str1.4
                0x10013a22       0x33 CMakeFiles/Usar_SSD.dir/Cartao_FatFS_SPI.c.obj
 .rodata.run_unmount.str1.4
                0x10013a22       0x56 CMakeFiles/Usar_SSD.dir/Cartao_FatFS_SPI.c.obj
 .rodata.run_ls.str1.4
                0x10013a22       0x95 CMakeFiles/Usar_SSD.dir/Cartao_FatFS_SPI.c.obj
 .rodata.run_format.str1.4
                0x10013a22       0x17 CMakeFiles/Usar_SSD.dir/Cartao_FatFS_SPI.c.obj
 .rodata.run_getfree.str1.4
                0x10013a22       0x4f CMakeFiles/Usar_SSD.dir/Cartao_FatFS_SPI.c.obj
 .rodata.run_mount.str1.4
                0x10013a22       0x46 CMakeFiles/Usar_SSD.dir/Cartao_FatFS_SPI.c.obj
 .rodata.capture_adc_data_and_save.str1.4
                0x10013a22       0xee CMakeFiles/Usar_SSD.dir/Cartao_FatFS_SPI.c.obj
 .rodata.read_file.str1.4
                0x10013a22       0xb9 CMakeFiles/Usar_SSD.dir/Cartao_FatFS_SPI.c.obj
 .rodata.log_mpu_data.str1.4
                0x10013a22      0x14a CMakeFiles/Usar_SSD.dir/Cartao_FatFS_SPI.c.obj
 .rodata.setup.str1.4
                0x10013a22       0x2a CMakeFiles/Usar_SSD.dir/Cartao_FatFS_SPI.c.obj
 .rodata.main.str1.4
                0x10013a22      0x1b3 CMakeFiles/Usar_SSD.dir/Cartao_FatFS_SPI.c.obj
 *fill*         0x10013a22        0x2 
 .rodata.__bi_570.2
                0x10013a24        0x8 CMakeFiles/Usar_SSD.dir/Cartao_FatFS_SPI.c.obj
 .rodata.str1.4
                0x10013a2c      0x147 CMakeFiles/Usar_SSD.dir/Cartao_FatFS_SPI.c.obj
 .rodata.cmds   0x10013a2c       0x60 CMakeFiles/Usar_SSD.dir/Cartao_FatFS_SPI.c.obj
 .rodata.str1.4
                0x10013a8c        0x3 CMakeFiles/Usar_SSD.dir/hw_config.c.obj
 .rodata.panic.str1.4
                0x10013a8c       0x12 CMakeFiles/Usar_SSD.dir/C_/Users/Miller/.pico-sdk/sdk/2.1.1/src/rp2_common/pico_platform_panic/panic.c.obj
 .rodata.spin_lock_claim_unused.str1.4
                0x10013a8c       0x1b CMakeFiles/Usar_SSD.dir/C_/Users/Miller/.pico-sdk/sdk/2.1.1/src/rp2_common/hardware_sync/sync.c.obj
 .rodata.user_irq_claim_unused.str1.4
                0x10013a8c       0x1b CMakeFiles/Usar_SSD.dir/C_/Users/Miller/.pico-sdk/sdk/2.1.1/src/rp2_common/hardware_irq/irq.c.obj
 .rodata.timer_hardware_alarm_claim.str1.4
                0x10013a8c       0x22 CMakeFiles/Usar_SSD.dir/C_/Users/Miller/.pico-sdk/sdk/2.1.1/src/rp2_common/hardware_timer/timer.c.obj
 .rodata.hard_assertion_failure.str1.4
                0x10013a8c        0xc CMakeFiles/Usar_SSD.dir/C_/Users/Miller/.pico-sdk/sdk/2.1.1/src/rp2_common/pico_runtime/runtime.c.obj
 .rodata.missing_double_func_shim.str1.4
                0x10013a8c       0x18 CMakeFiles/Usar_SSD.dir/C_/Users/Miller/.pico-sdk/sdk/2.1.1/src/rp2_common/pico_double/double_init_rom_rp2040.c.obj
 .rodata.missing_float_func_shim.str1.4
                0x10013a8c        0x1 CMakeFiles/Usar_SSD.dir/C_/Users/Miller/.pico-sdk/sdk/2.1.1/src/rp2_common/pico_float/float_init_rom_rp2040.c.obj
 .rodata.__wrap_malloc.str1.4
                0x10013a8c        0xe CMakeFiles/Usar_SSD.dir/C_/Users/Miller/.pico-sdk/sdk/2.1.1/src/rp2_common/pico_malloc/malloc.c.obj
 .rodata.str1.4
                0x10013a8c       0x40 CMakeFiles/Usar_SSD.dir/C_/Users/Miller/.pico-sdk/sdk/2.1.1/src/rp2_common/pico_standard_binary_info/standard_binary_info.c.obj
 .rodata.__bi_84
                0x10013a8c        0xc CMakeFiles/Usar_SSD.dir/C_/Users/Miller/.pico-sdk/sdk/2.1.1/src/rp2_common/pico_standard_binary_info/standard_binary_info.c.obj
 .rodata.__bi_78
                0x10013a98        0xc CMakeFiles/Usar_SSD.dir/C_/Users/Miller/.pico-sdk/sdk/2.1.1/src/rp2_common/pico_standard_binary_info/standard_binary_info.c.obj
 .rodata.__bi_54
                0x10013aa4        0xc CMakeFiles/Usar_SSD.dir/C_/Users/Miller/.pico-sdk/sdk/2.1.1/src/rp2_common/pico_standard_binary_info/standard_binary_info.c.obj
 .rodata.__bi_48
                0x10013ab0        0xc CMakeFiles/Usar_SSD.dir/C_/Users/Miller/.pico-sdk/sdk/2.1.1/src/rp2_common/pico_standard_binary_info/standard_binary_info.c.obj
 .rodata.__bi_42
                0x10013abc        0xc CMakeFiles/Usar_SSD.dir/C_/Users/Miller/.pico-sdk/sdk/2.1.1/src/rp2_common/pico_standard_binary_info/standard_binary_info.c.obj
 .rodata.__bi_34
                0x10013ac8        0xc CMakeFiles/Usar_SSD.dir/C_/Users/Miller/.pico-sdk/sdk/2.1.1/src/rp2_common/pico_standard_binary_info/standard_binary_info.c.obj
 .rodata.__bi_26
                0x10013ad4        0xc CMakeFiles/Usar_SSD.dir/C_/Users/Miller/.pico-sdk/sdk/2.1.1/src/rp2_common/pico_standard_binary_info/standard_binary_info.c.obj
 .rodata._ftoa.str1.4
                0x10013ae0       0x15 CMakeFiles/Usar_SSD.dir/C_/Users/Miller/.pico-sdk/sdk/2.1.1/src/rp2_common/pico_printf/printf.c.obj
 .rodata._vsnprintf
                0x10013ae0      0x19c CMakeFiles/Usar_SSD.dir/C_/Users/Miller/.pico-sdk/sdk/2.1.1/src/rp2_common/pico_printf/printf.c.obj
 *fill*         0x10013c7c        0x4 
 .rodata.pow10.0
                0x10013c80       0x50 CMakeFiles/Usar_SSD.dir/C_/Users/Miller/.pico-sdk/sdk/2.1.1/src/rp2_common/pico_printf/printf.c.obj
 .rodata.crlf_str.0
                0x10013cd0        0x2 CMakeFiles/Usar_SSD.dir/C_/Users/Miller/.pico-sdk/sdk/2.1.1/src/rp2_common/pico_stdio/stdio.c.obj
 *fill*         0x10013cd2        0x2 
 .rodata._resetd_driver
                0x10013cd4       0x20 CMakeFiles/Usar_SSD.dir/C_/Users/Miller/.pico-sdk/sdk/2.1.1/src/rp2_common/pico_stdio_usb/reset_interface.c.obj
 .rodata.desc_ms_os_20
                0x10013cf4       0xa6 CMakeFiles/Usar_SSD.dir/C_/Users/Miller/.pico-sdk/sdk/2.1.1/src/rp2_common/pico_stdio_usb/reset_interface.c.obj
 *fill*         0x10013d9a        0x2 
 .rodata.desc_bos
                0x10013d9c       0x21 CMakeFiles/Usar_SSD.dir/C_/Users/Miller/.pico-sdk/sdk/2.1.1/src/rp2_common/pico_stdio_usb/reset_interface.c.obj
                0x10013d9c                desc_bos
 .rodata.str1.4
                0x10013dbd       0x13 CMakeFiles/Usar_SSD.dir/C_/Users/Miller/.pico-sdk/sdk/2.1.1/src/rp2_common/pico_stdio_usb/stdio_usb.c.obj
 *fill*         0x10013dbd        0x3 
 .rodata.__bi_197.0
                0x10013dc0        0xc CMakeFiles/Usar_SSD.dir/C_/Users/Miller/.pico-sdk/sdk/2.1.1/src/rp2_common/pico_stdio_usb/stdio_usb.c.obj
 .rodata.str1.4
                0x10013dcc       0x2a CMakeFiles/Usar_SSD.dir/C_/Users/Miller/.pico-sdk/sdk/2.1.1/src/rp2_common/pico_stdio_usb/stdio_usb_descriptors.c.obj
 .rodata.usbd_desc_str
                0x10013dcc       0x18 CMakeFiles/Usar_SSD.dir/C_/Users/Miller/.pico-sdk/sdk/2.1.1/src/rp2_common/pico_stdio_usb/stdio_usb_descriptors.c.obj
 .rodata.usbd_desc_cfg
                0x10013de4       0x54 CMakeFiles/Usar_SSD.dir/C_/Users/Miller/.pico-sdk/sdk/2.1.1/src/rp2_common/pico_stdio_usb/stdio_usb_descriptors.c.obj
 .rodata.usbd_desc_device
                0x10013e38       0x12 CMakeFiles/Usar_SSD.dir/C_/Users/Miller/.pico-sdk/sdk/2.1.1/src/rp2_common/pico_stdio_usb/stdio_usb_descriptors.c.obj
 .rodata.str1.4
                0x10013e4a       0x14 CMakeFiles/Usar_SSD.dir/C_/Users/Miller/.pico-sdk/sdk/2.1.1/lib/tinyusb/src/portable/raspberrypi/rp2040/dcd_rp2040.c.obj
 .rodata.str1.4
                0x10013e4a       0x48 CMakeFiles/Usar_SSD.dir/C_/Users/Miller/.pico-sdk/sdk/2.1.1/lib/tinyusb/src/portable/raspberrypi/rp2040/rp2040_usb.c.obj
 *fill*         0x10013e4a        0x2 
 .rodata.tud_task_ext
                0x10013e4c       0x8c CMakeFiles/Usar_SSD.dir/C_/Users/Miller/.pico-sdk/sdk/2.1.1/lib/tinyusb/src/device/usbd.c.obj
 .rodata        0x10013ed8       0x1c CMakeFiles/Usar_SSD.dir/C_/Users/Miller/.pico-sdk/sdk/2.1.1/lib/tinyusb/src/device/usbd.c.obj
 .rodata._usbd_driver
                0x10013ef4       0x40 CMakeFiles/Usar_SSD.dir/C_/Users/Miller/.pico-sdk/sdk/2.1.1/lib/tinyusb/src/device/usbd.c.obj
 .rodata.ff_wtoupper
                0x10013f34       0x24 CMakeFiles/Usar_SSD.dir/lib/FatFs_SPI/ff15/source/ffunicode.c.obj
 .rodata.cvt2.0
                0x10013f58       0xbc CMakeFiles/Usar_SSD.dir/lib/FatFs_SPI/ff15/source/ffunicode.c.obj
 .rodata.cvt1.1
                0x10014014      0x1f2 CMakeFiles/Usar_SSD.dir/lib/FatFs_SPI/ff15/source/ffunicode.c.obj
 *fill*         0x10014206        0x2 
 .rodata.uc437  0x10014208      0x100 CMakeFiles/Usar_SSD.dir/lib/FatFs_SPI/ff15/source/ffunicode.c.obj
 .rodata.check_fs.str1.4
                0x10014308       0x15 CMakeFiles/Usar_SSD.dir/lib/FatFs_SPI/ff15/source/ff.c.obj
 .rodata.follow_path.str1.4
                0x10014308       0x13 CMakeFiles/Usar_SSD.dir/lib/FatFs_SPI/ff15/source/ff.c.obj
 .rodata.f_mkfs.str1.4
                0x10014308       0x45 CMakeFiles/Usar_SSD.dir/lib/FatFs_SPI/ff15/source/ff.c.obj
 .rodata.defopt.3
                0x10014308       0x10 CMakeFiles/Usar_SSD.dir/lib/FatFs_SPI/ff15/source/ff.c.obj
 .rodata.ExCvt  0x10014318       0x80 CMakeFiles/Usar_SSD.dir/lib/FatFs_SPI/ff15/source/ff.c.obj
 .rodata.LfnOfs
                0x10014398        0xd CMakeFiles/Usar_SSD.dir/lib/FatFs_SPI/ff15/source/ff.c.obj
 *fill*         0x100143a5        0x3 
 .rodata.GUID_MS_Basic
                0x100143a8       0x10 CMakeFiles/Usar_SSD.dir/lib/FatFs_SPI/ff15/source/ff.c.obj
 .rodata        0x100143b8       0x2c CMakeFiles/Usar_SSD.dir/lib/FatFs_SPI/ff15/source/ff.c.obj
 .rodata.dummy.2
                0x100143e4        0x1 CMakeFiles/Usar_SSD.dir/lib/FatFs_SPI/sd_driver/spi.c.obj
 .rodata.sd_init.str1.4
                0x100143e5       0x16 CMakeFiles/Usar_SSD.dir/lib/FatFs_SPI/sd_driver/sd_card.c.obj
 *fill*         0x100143e5        0x3 
 .rodata.m_Crc16Table
                0x100143e8      0x200 CMakeFiles/Usar_SSD.dir/lib/FatFs_SPI/sd_driver/crc.c.obj
 .rodata.m_Crc7Table
                0x100145e8      0x100 CMakeFiles/Usar_SSD.dir/lib/FatFs_SPI/sd_driver/crc.c.obj
 .rodata.FRESULT_str.str1.4
                0x100146e8        0x8 CMakeFiles/Usar_SSD.dir/lib/FatFs_SPI/src/f_util.c.obj
 .rodata.str1.4
                0x100146e8      0x303 CMakeFiles/Usar_SSD.dir/lib/FatFs_SPI/src/f_util.c.obj
 .rodata.CSWTCH.3
                0x100146e8       0x50 CMakeFiles/Usar_SSD.dir/lib/FatFs_SPI/src/f_util.c.obj
 .rodata.dma_claim_unused_channel.str1.4
                0x10014738       0x1e CMakeFiles/Usar_SSD.dir/C_/Users/Miller/.pico-sdk/sdk/2.1.1/src/rp2_common/hardware_dma/dma.c.obj
 .rodata._ctype_
                0x10014738      0x101 C:/Users/Miller/.pico-sdk/toolchain/14_2_Rel1/bin/../lib/gcc/arm-none-eabi/14.2.1/thumb/v6-m/nofp\libg.a(libc_a-ctype_.o)
                0x10014738                _ctype_
                0x100149ec                        . = ALIGN (0x4)
 *fill*         0x10014839        0x3 
 *(SORT_BY_ALIGNMENT(SORT_BY_NAME(.flashdata*)))
                0x1001483c                        . = ALIGN (0x4)

.ARM.extab
 *(.ARM.extab* .gnu.linkonce.armextab.*)
                0x1001483c                        __exidx_start = .

.ARM.exidx
 *(.ARM.exidx* .gnu.linkonce.armexidx.*)
                0x1001483c                        __exidx_end = .
                0x1001483c                        . = ALIGN (0x4)
                0x1001483c                        __binary_info_start = .

.binary_info    0x1001483c       0x24
 *(.binary_info.keep.*)
 .binary_info.keep.__bi_ptr570
                0x1001483c        0x4 CMakeFiles/Usar_SSD.dir/Cartao_FatFS_SPI.c.obj
 .binary_info.keep.__bi_ptr84
                0x10014840        0x4 CMakeFiles/Usar_SSD.dir/C_/Users/Miller/.pico-sdk/sdk/2.1.1/src/rp2_common/pico_standard_binary_info/standard_binary_info.c.obj
 .binary_info.keep.__bi_ptr78
                0x10014844        0x4 CMakeFiles/Usar_SSD.dir/C_/Users/Miller/.pico-sdk/sdk/2.1.1/src/rp2_common/pico_standard_binary_info/standard_binary_info.c.obj
 .binary_info.keep.__bi_ptr54
                0x10014848        0x4 CMakeFiles/Usar_SSD.dir/C_/Users/Miller/.pico-sdk/sdk/2.1.1/src/rp2_common/pico_standard_binary_info/standard_binary_info.c.obj
 .binary_info.keep.__bi_ptr48
                0x1001484c        0x4 CMakeFiles/Usar_SSD.dir/C_/Users/Miller/.pico-sdk/sdk/2.1.1/src/rp2_common/pico_standard_binary_info/standard_binary_info.c.obj
 .binary_info.keep.__bi_ptr42
                0x10014850        0x4 CMakeFiles/Usar_SSD.dir/C_/Users/Miller/.pico-sdk/sdk/2.1.1/src/rp2_common/pico_standard_binary_info/standard_binary_info.c.obj
 .binary_info.keep.__bi_ptr34
                0x10014854        0x4 CMakeFiles/Usar_SSD.dir/C_/Users/Miller/.pico-sdk/sdk/2.1.1/src/rp2_common/pico_standard_binary_info/standard_binary_info.c.obj
 .binary_info.keep.__bi_ptr26
                0x10014858        0x4 CMakeFiles/Usar_SSD.dir/C_/Users/Miller/.pico-sdk/sdk/2.1.1/src/rp2_common/pico_standard_binary_info/standard_binary_info.c.obj
 *(.binary_info.*)
 .binary_info.__bi_ptr197
                0x1001485c        0x4 CMakeFiles/Usar_SSD.dir/C_/Users/Miller/.pico-sdk/sdk/2.1.1/src/rp2_common/pico_stdio_usb/stdio_usb.c.obj
                0x10014860                        __binary_info_end = .

.rel.dyn        0x10014860        0x0
 .rel.iplt      0x10014860        0x0 C:/Users/Miller/.pico-sdk/toolchain/14_2_Rel1/bin/../lib/gcc/arm-none-eabi/14.2.1/thumb/v6-m/nofp/crtbegin.o
                0x10014860                        . = ALIGN (0x4)

.ram_vector_table
                0x20000000       0xc0
 *(.ram_vector_table)
 .ram_vector_table
                0x20000000       0xc0 CMakeFiles/Usar_SSD.dir/C_/Users/Miller/.pico-sdk/sdk/2.1.1/src/rp2_common/pico_runtime_init/runtime_init.c.obj
                0x20000000                ram_vector_table

.uninitialized_data
                0x200000c0       0x10